==822588== Memcheck, a memory error detector
==822588== Copyright (C) 2002-2017, and GNU GPL'd, by Julian Seward et al.
==822588== Using Valgrind-3.18.1 and LibVEX; rerun with -h for copyright info
==822588== Command: /mnt/c/Users/guido/ghq/projects/rustdom/target/debug/deps/rustdom-6e1afdc33e065ec6 --test-threads=1
==822588== Parent PID: 822437
==822588== 
==822588== 
==822588== HEAP SUMMARY:
==822588==     in use at exit: 592 bytes in 2 blocks
==822588==   total heap usage: 86,356 allocs, 86,354 frees, 15,922,167 bytes allocated
==822588== 
==822588== 48 bytes in 1 blocks are possibly lost in loss record 1 of 2
==822588==    at 0x4848899: malloc (in /mnt/c/Users/guido/ghq/projects/rustdom/.tools/valgrind/usr/libexec/valgrind/vgpreload_memcheck-amd64-linux.so)
==822588==    by 0x4858AE: _RNvMs_NtNtCs9k3SxhrAWiO_3std6thread6threadNtB4_6Thread3new (unix.rs:14)
==822588==    by 0x493429: _RNvNtNtCs9k3SxhrAWiO_3std6thread7current12init_current (current.rs:294)
==822588==    by 0x47A24F: _RNvMNtNtNtCs9k3SxhrAWiO_3std4sync4mpmc7contextNtB2_7Context3new (current.rs:251)
==822588==    by 0x37D63A: _RINvMs0_NtNtNtNtCs9k3SxhrAWiO_3std3sys12thread_local6native4lazyINtB6_7StorageINtNtCsgxBkk5gSRhY_4core4cell4CellINtNtB1j_6option6OptionNtNtNtNtBe_4sync4mpmc7context7ContextEEuE16get_or_init_slowNvNvNvMB2b_B29_4with7CONTEXT27___rust_std_internal_init_fnECs965H7XVcgUb_4test (context.rs:43)
==822588==    by 0x396410: _RNvMs1_NtNtNtCs9k3SxhrAWiO_3std4sync4mpmc4listINtB5_7ChannelNtNtCs965H7XVcgUb_4test5event13CompletedTestE4recvB10_ (lazy.rs:62)
==822588==    by 0x3A2EA5: _RNvNtCs965H7XVcgUb_4test7console17run_tests_console (mod.rs:1014)
==822588==    by 0x38EF0A: _RNvCs965H7XVcgUb_4test16test_main_static (lib.rs:170)
==822588==    by 0x2E2612: _RNvCs3X6VoE9bK28_7rustdom4main (lib.rs:1)
==822588==    by 0x265F5A: _RNvYFEuINtNtNtCsgxBkk5gSRhY_4core3ops8function6FnOnceuE9call_onceCs3X6VoE9bK28_7rustdom (library/core/src/ops/function.rs:250)
==822588==    by 0x327A8D: _RINvNtNtCs9k3SxhrAWiO_3std3sys9backtrace28___rust_begin_short_backtraceFEuuECs3X6VoE9bK28_7rustdom (library/std/src/sys/backtrace.rs:166)
==822588==    by 0x2813C0: _RNCINvNtCs9k3SxhrAWiO_3std2rt10lang_startuE0Cs3X6VoE9bK28_7rustdom (library/std/src/rt.rs:206)
==822588== 
==822588== 544 bytes in 1 blocks are still reachable in loss record 2 of 2
==822588==    at 0x4848899: malloc (in /mnt/c/Users/guido/ghq/projects/rustdom/.tools/valgrind/usr/libexec/valgrind/vgpreload_memcheck-amd64-linux.so)
==822588==    by 0x498139: _RNvNtNtNtNtNtCs9k3SxhrAWiO_3std3sys3pal4unix14stack_overflow11thread_info16set_current_info (alloc.rs:101)
==822588==    by 0x4912BF: _RNvNtCs9k3SxhrAWiO_3std2rt19lang_start_internal (stack_overflow.rs:179)
==822588==    by 0x2813A6: _RINvNtCs9k3SxhrAWiO_3std2rt10lang_startuECs3X6VoE9bK28_7rustdom (library/std/src/rt.rs:205)
==822588==    by 0x2E3B5D: main (in /mnt/c/Users/guido/ghq/projects/rustdom/target/debug/deps/rustdom-6e1afdc33e065ec6)
==822588== 
==822588== LEAK SUMMARY:
==822588==    definitely lost: 0 bytes in 0 blocks
==822588==    indirectly lost: 0 bytes in 0 blocks
==822588==      possibly lost: 48 bytes in 1 blocks
==822588==    still reachable: 544 bytes in 1 blocks
==822588==         suppressed: 0 bytes in 0 blocks
==822588== 
==822588== For lists of detected and suppressed errors, rerun with: -s
==822588== ERROR SUMMARY: 0 errors from 0 contexts (suppressed: 0 from 0)
