==2406222== Memcheck, a memory error detector
==2406222== Copyright (C) 2002-2017, and GNU GPL'd, by Julian Seward et al.
==2406222== Using Valgrind-3.18.1 and LibVEX; rerun with -h for copyright info
==2406222== Command: .tools/node/bin/node --jitless --expose-gc tests/helpers/blob-bytes-memory.cjs native
==2406222== Parent PID: 2406148
==2406222== 
==2406222== Warning: set address range perms: large range [0xa390000, 0x1a39f000) (noaccess)
==2406222== 
==2406222== HEAP SUMMARY:
==2406222==     in use at exit: 56,998 bytes in 367 blocks
==2406222==   total heap usage: 153,969 allocs, 153,602 frees, 71,136,749 bytes allocated
==2406222== 
==2406222== LEAK SUMMARY:
==2406222==    definitely lost: 0 bytes in 0 blocks
==2406222==    indirectly lost: 0 bytes in 0 blocks
==2406222==      possibly lost: 44,042 bytes in 340 blocks
==2406222==    still reachable: 12,956 bytes in 27 blocks
==2406222==         suppressed: 0 bytes in 0 blocks
==2406222== Reachable blocks (those to which a pointer was found) are not shown.
==2406222== To see them, rerun with: --leak-check=full --show-leak-kinds=all
==2406222== 
==2406222== For lists of detected and suppressed errors, rerun with: -s
==2406222== ERROR SUMMARY: 0 errors from 0 contexts (suppressed: 71382 from 2)
