   Compiling syn v3.0.5
   Compiling syn v2.0.119
   Compiling string_cache_codegen v0.6.1
   Compiling web_atoms v0.2.6
   Compiling napi-derive-backend v6.1.3
   Compiling serde_derive v1.0.229
   Compiling futures-macro v0.3.34
   Compiling cssparser-macros v0.7.1
   Compiling phf_macros v0.13.1
   Compiling derive_more-impl v2.1.1
   Compiling napi-derive v3.6.4
   Compiling futures-util v0.3.34
   Compiling phf v0.13.1
   Compiling derive_more v2.1.1
   Compiling cssparser v0.37.0
   Compiling string_cache v0.9.0
   Compiling futures-executor v0.3.34
   Compiling futures v0.3.34
   Compiling markup5ever v0.39.0
   Compiling html5ever v0.39.0
   Compiling xml5ever v0.39.0
   Compiling markup5ever_rcdom v0.39.0+unofficial
    Finished `test` profile [unoptimized + debuginfo] target(s) in 1m 15s
     Running unittests src/lib.rs (target/debug/deps/rustdom-6e1afdc33e065ec6)

running 8 tests
test dom::attribute_index::capacity_tests::should_preserve_live_aliases_when_the_ordered_collection_becomes_empty ... attribute-capacity {"peak":{"elements":3,"holders":7168,"looseOwners":0,"names":7168,"ordered":4096,"owners":7168,"references":7168},"retained":{"elements":3,"holders":56,"looseOwners":0,"names":56,"ordered":64,"owners":56,"references":56},"scenario":"live-alias-with-empty-order"}
ok
test dom::attribute_index::capacity_tests::should_reclaim_capacity_after_unique_attribute_bursts_on_a_live_element ... attribute-capacity {"peak":{"elements":3,"holders":7168,"looseOwners":0,"names":7168,"ordered":4096,"owners":7168,"references":7168},"retained":{"elements":3,"holders":56,"looseOwners":0,"names":56,"ordered":64,"owners":56,"references":56},"scenario":"unique-sparse-0"}
attribute-capacity {"peak":null,"retained":{"elements":3,"holders":56,"looseOwners":0,"names":56,"ordered":64,"owners":56,"references":56},"scenario":"unique-empty-0"}
attribute-capacity {"peak":{"elements":3,"holders":7168,"looseOwners":0,"names":7168,"ordered":4096,"owners":7168,"references":7168},"retained":{"elements":3,"holders":56,"looseOwners":0,"names":56,"ordered":64,"owners":56,"references":56},"scenario":"unique-sparse-1"}
attribute-capacity {"peak":null,"retained":{"elements":3,"holders":56,"looseOwners":0,"names":56,"ordered":64,"owners":56,"references":56},"scenario":"unique-empty-1"}
attribute-capacity {"peak":{"elements":3,"holders":7168,"looseOwners":0,"names":7168,"ordered":4096,"owners":7168,"references":7168},"retained":{"elements":3,"holders":56,"looseOwners":0,"names":56,"ordered":64,"owners":56,"references":56},"scenario":"unique-sparse-2"}
attribute-capacity {"peak":null,"retained":{"elements":3,"holders":56,"looseOwners":0,"names":56,"ordered":64,"owners":56,"references":56},"scenario":"unique-empty-2"}
ok
test dom::attribute_index::capacity_tests::should_reclaim_constructor_owner_sets_and_tables_as_attributes_finalize ... attribute-capacity {"peak":7168,"retained":56,"scenario":"constructor-owner-set"}
attribute-capacity {"peak":7168,"retained":56,"scenario":"constructor-owner-table"}
ok
test dom::attribute_index::capacity_tests::should_reclaim_duplicate_name_bucket_capacity_without_changing_order ... attribute-capacity {"peak":4096,"retained":64,"scenario":"duplicate-name-bucket"}
ok
test dom::attribute_index::capacity_tests::should_reclaim_global_tables_while_an_element_and_attribute_remain_alive ... attribute-capacity {"peak":{"elements":7168,"holders":7168,"looseOwners":0,"names":3,"ordered":4,"owners":7168,"references":3},"retained":{"elements":56,"holders":56,"looseOwners":0,"names":3,"ordered":4,"owners":56,"references":3},"scenario":"global-tables-with-live-pair"}
ok
test dom::attribute_index::capacity_tests::should_reclaim_shared_holder_capacity_without_losing_the_remaining_alias ... attribute-capacity {"peak":3584,"retained":56,"scenario":"shared-holder-set"}
ok
test dom::attribute_index::tests::should_keep_legacy_aliases_without_retaining_unreferenced_attributes ... ok
test dom::attribute_index::tests::should_release_references_when_elements_finalize_before_attributes ... ok

test result: ok. 8 passed; 0 failed; 0 ignored; 0 measured; 21 filtered out; finished in 0.36s
