==1466359== Memcheck, a memory error detector
==1466359== Copyright (C) 2002-2017, and GNU GPL'd, by Julian Seward et al.
==1466359== Using Valgrind-3.18.1 and LibVEX; rerun with -h for copyright info
==1466359== Command: target/debug/deps/rustdom-6e1afdc33e065ec6 dom::slot --test-threads=1
==1466359== Parent PID: 1466356
==1466359== 
==1466359== 
==1466359== HEAP SUMMARY:
==1466359==     in use at exit: 592 bytes in 2 blocks
==1466359==   total heap usage: 2,919 allocs, 2,917 frees, 1,813,201 bytes allocated
==1466359== 
==1466359== 48 bytes in 1 blocks are possibly lost in loss record 1 of 2
==1466359==    at 0x4848899: malloc (in /mnt/c/Users/guido/ghq/projects/rustdom/.tools/valgrind/usr/libexec/valgrind/vgpreload_memcheck-amd64-linux.so)
==1466359==    by 0x5738FE: _RNvMs_NtNtCs9k3SxhrAWiO_3std6thread6threadNtB4_6Thread3new (unix.rs:14)
==1466359==    by 0x581479: _RNvNtNtCs9k3SxhrAWiO_3std6thread7current12init_current (current.rs:294)
==1466359==    by 0x56829F: _RNvMNtNtNtCs9k3SxhrAWiO_3std4sync4mpmc7contextNtB2_7Context3new (current.rs:251)
==1466359==    by 0x46AB3A: _RINvMs0_NtNtNtNtCs9k3SxhrAWiO_3std3sys12thread_local6native4lazyINtB6_7StorageINtNtCsgxBkk5gSRhY_4core4cell4CellINtNtB1j_6option6OptionNtNtNtNtBe_4sync4mpmc7context7ContextEEuE16get_or_init_slowNvNvNvMB2b_B29_4with7CONTEXT27___rust_std_internal_init_fnECs965H7XVcgUb_4test (context.rs:43)
==1466359==    by 0x483910: _RNvMs1_NtNtNtCs9k3SxhrAWiO_3std4sync4mpmc4listINtB5_7ChannelNtNtCs965H7XVcgUb_4test5event13CompletedTestE4recvB10_ (lazy.rs:62)
==1466359==    by 0x4903A5: _RNvNtCs965H7XVcgUb_4test7console17run_tests_console (mod.rs:1014)
==1466359==    by 0x47C40A: _RNvCs965H7XVcgUb_4test16test_main_static (lib.rs:170)
==1466359==    by 0x37C6B2: _RNvCs3X6VoE9bK28_7rustdom4main (lib.rs:1)
==1466359==    by 0x29C39A: _RNvYFEuINtNtNtCsgxBkk5gSRhY_4core3ops8function6FnOnceuE9call_onceCs3X6VoE9bK28_7rustdom (library/core/src/ops/function.rs:250)
==1466359==    by 0x38A5AD: _RINvNtNtCs9k3SxhrAWiO_3std3sys9backtrace28___rust_begin_short_backtraceFEuuECs3X6VoE9bK28_7rustdom (library/std/src/sys/backtrace.rs:166)
==1466359==    by 0x2CE930: _RNCINvNtCs9k3SxhrAWiO_3std2rt10lang_startuE0Cs3X6VoE9bK28_7rustdom (library/std/src/rt.rs:206)
==1466359== 
==1466359== 544 bytes in 1 blocks are still reachable in loss record 2 of 2
==1466359==    at 0x4848899: malloc (in /mnt/c/Users/guido/ghq/projects/rustdom/.tools/valgrind/usr/libexec/valgrind/vgpreload_memcheck-amd64-linux.so)
==1466359==    by 0x586189: _RNvNtNtNtNtNtCs9k3SxhrAWiO_3std3sys3pal4unix14stack_overflow11thread_info16set_current_info (alloc.rs:101)
==1466359==    by 0x57F30F: _RNvNtCs9k3SxhrAWiO_3std2rt19lang_start_internal (stack_overflow.rs:179)
==1466359==    by 0x2CE7B6: _RINvNtCs9k3SxhrAWiO_3std2rt10lang_startuECs3X6VoE9bK28_7rustdom (library/std/src/rt.rs:205)
==1466359==    by 0x37DBFD: main (in /mnt/c/Users/guido/ghq/projects/rustdom/target/debug/deps/rustdom-6e1afdc33e065ec6)
==1466359== 
==1466359== LEAK SUMMARY:
==1466359==    definitely lost: 0 bytes in 0 blocks
==1466359==    indirectly lost: 0 bytes in 0 blocks
==1466359==      possibly lost: 48 bytes in 1 blocks
==1466359==    still reachable: 544 bytes in 1 blocks
==1466359==         suppressed: 0 bytes in 0 blocks
==1466359== 
==1466359== For lists of detected and suppressed errors, rerun with: -s
==1466359== ERROR SUMMARY: 0 errors from 0 contexts (suppressed: 0 from 0)
