==1595239== Memcheck, a memory error detector
==1595239== Copyright (C) 2002-2017, and GNU GPL'd, by Julian Seward et al.
==1595239== Using Valgrind-3.18.1 and LibVEX; rerun with -h for copyright info
==1595239== Command: target/debug/deps/rustdom-6e1afdc33e065ec6 dom::slot --test-threads=1
==1595239== Parent PID: 1595221
==1595239== 
==1595239== 
==1595239== HEAP SUMMARY:
==1595239==     in use at exit: 592 bytes in 2 blocks
==1595239==   total heap usage: 67,571 allocs, 67,569 frees, 17,708,108 bytes allocated
==1595239== 
==1595239== 48 bytes in 1 blocks are possibly lost in loss record 1 of 2
==1595239==    at 0x4848899: malloc (in /mnt/c/Users/guido/ghq/projects/rustdom/.tools/valgrind/usr/libexec/valgrind/vgpreload_memcheck-amd64-linux.so)
==1595239==    by 0x5B1D7E: _RNvMs_NtNtCs9k3SxhrAWiO_3std6thread6threadNtB4_6Thread3new (unix.rs:14)
==1595239==    by 0x5BF8F9: _RNvNtNtCs9k3SxhrAWiO_3std6thread7current12init_current (current.rs:294)
==1595239==    by 0x5A671F: _RNvMNtNtNtCs9k3SxhrAWiO_3std4sync4mpmc7contextNtB2_7Context3new (current.rs:251)
==1595239==    by 0x4A8F8A: _RINvMs0_NtNtNtNtCs9k3SxhrAWiO_3std3sys12thread_local6native4lazyINtB6_7StorageINtNtCsgxBkk5gSRhY_4core4cell4CellINtNtB1j_6option6OptionNtNtNtNtBe_4sync4mpmc7context7ContextEEuE16get_or_init_slowNvNvNvMB2b_B29_4with7CONTEXT27___rust_std_internal_init_fnECs965H7XVcgUb_4test (context.rs:43)
==1595239==    by 0x4C1D60: _RNvMs1_NtNtNtCs9k3SxhrAWiO_3std4sync4mpmc4listINtB5_7ChannelNtNtCs965H7XVcgUb_4test5event13CompletedTestE4recvB10_ (lazy.rs:62)
==1595239==    by 0x4CE7F5: _RNvNtCs965H7XVcgUb_4test7console17run_tests_console (mod.rs:1014)
==1595239==    by 0x4BA85A: _RNvCs965H7XVcgUb_4test16test_main_static (lib.rs:170)
==1595239==    by 0x3AA192: _RNvCs3X6VoE9bK28_7rustdom4main (lib.rs:1)
==1595239==    by 0x2AA36A: _RNvYFEuINtNtNtCsgxBkk5gSRhY_4core3ops8function6FnOnceuE9call_onceCs3X6VoE9bK28_7rustdom (library/core/src/ops/function.rs:250)
==1595239==    by 0x32116D: _RINvNtNtCs9k3SxhrAWiO_3std3sys9backtrace28___rust_begin_short_backtraceFEuuECs3X6VoE9bK28_7rustdom (library/std/src/sys/backtrace.rs:166)
==1595239==    by 0x3BA4C0: _RNCINvNtCs9k3SxhrAWiO_3std2rt10lang_startuE0Cs3X6VoE9bK28_7rustdom (library/std/src/rt.rs:206)
==1595239== 
==1595239== 544 bytes in 1 blocks are still reachable in loss record 2 of 2
==1595239==    at 0x4848899: malloc (in /mnt/c/Users/guido/ghq/projects/rustdom/.tools/valgrind/usr/libexec/valgrind/vgpreload_memcheck-amd64-linux.so)
==1595239==    by 0x5C4609: _RNvNtNtNtNtNtCs9k3SxhrAWiO_3std3sys3pal4unix14stack_overflow11thread_info16set_current_info (alloc.rs:101)
==1595239==    by 0x5BD78F: _RNvNtCs9k3SxhrAWiO_3std2rt19lang_start_internal (stack_overflow.rs:179)
==1595239==    by 0x3BA4A6: _RINvNtCs9k3SxhrAWiO_3std2rt10lang_startuECs3X6VoE9bK28_7rustdom (library/std/src/rt.rs:205)
==1595239==    by 0x3AB6DD: main (in /mnt/c/Users/guido/ghq/projects/rustdom/target/debug/deps/rustdom-6e1afdc33e065ec6)
==1595239== 
==1595239== LEAK SUMMARY:
==1595239==    definitely lost: 0 bytes in 0 blocks
==1595239==    indirectly lost: 0 bytes in 0 blocks
==1595239==      possibly lost: 48 bytes in 1 blocks
==1595239==    still reachable: 544 bytes in 1 blocks
==1595239==         suppressed: 0 bytes in 0 blocks
==1595239== 
==1595239== For lists of detected and suppressed errors, rerun with: -s
==1595239== ERROR SUMMARY: 0 errors from 0 contexts (suppressed: 0 from 0)
