==2503326== Memcheck, a memory error detector
==2503326== Copyright (C) 2002-2017, and GNU GPL'd, by Julian Seward et al.
==2503326== Using Valgrind-3.18.1 and LibVEX; rerun with -h for copyright info
==2503326== Command: /mnt/c/Users/guido/ghq/projects/rustdom/target/debug/deps/rustdom-3793092ae12c9a52 --test-threads=1 --exact --test dom::range_text::tests::should_clip_same_text_slices_without_losing_surrogates dom::range_text::tests::should_collect_partial_boundaries_and_contained_text_while_excluding_cdata dom::range_text::tests::should_reject_missing_metadata_without_activating_reserved_nodes dom::root_hosts::tests::should_distinguish_shadow_roots_from_template_hosts_across_live_moves dom::root_hosts::tests::should_register_early_constructor_roles_and_preserve_failed_metadata_writes dom::root_hosts::tests::should_reject_cycles_and_invalid_handles_without_materializing_reservations dom::root_hosts::tests::should_reject_invalid_retarget_inputs_and_bound_cross_host_cycles dom::root_hosts::tests::should_release_both_directions_and_reclaim_capacity_with_a_live_root_remaining dom::root_hosts::tests::should_replace_owners_without_clearing_unrelated_roots_and_restore_root_links_after_moves dom::root_hosts::tests::should_retarget_disjoint_trees_without_changing_or_retaining_their_nodes dom::root_hosts::tests::should_retarget_to_the_first_host_visible_from_each_reference_root dom::serialization::tests::should_escape_html_and_preserve_isolated_utf16_units dom::serialization::tests::should_preserve_existing_data_when_metadata_decoding_fails dom::serialization::tests::should_reject_missing_serialization_data_without_consuming_reservations dom::serialization::tests::should_reject_template_cycles_without_unbounded_recursion dom::slot_assignment_driver::tests::should_cancel_failed_captured_plans_without_committing_or_dropping_accepted_signals dom::slot_assignment_driver::tests::should_commit_captured_candidates_and_follow_the_cursor_captured_before_signaling dom::slot_assignment_driver::tests::should_finish_large_unchanged_trees_in_one_step_without_allocating_persistent_state dom::slot_assignment_driver::tests::should_preserve_completed_prefixes_and_reject_invalid_roots_without_activating_handles dom::slot_assignment_driver::tests::should_restore_backlinks_without_signaling_when_the_cached_nodes_are_unchanged dom::slot_assignments::tests::should_capture_before_signaling_and_commit_the_original_snapshot_after_changes dom::slot_assignments::tests::should_reclaim_large_snapshots_while_the_slot_and_members_remain_alive dom::slot_assignments::tests::should_reject_invalid_snapshots_and_retyping_before_any_state_changes dom::slot_assignments::tests::should_remove_shared_members_and_duplicate_ids_in_either_finalization_order dom::slot_backlinks::tests::should_preserve_recorded_backlinks_independently_of_topology_names_and_cache dom::slot_backlinks::tests::should_reclaim_shared_and_distinct_owner_capacity_while_nodes_remain_alive dom::slot_backlinks::tests::should_reject_invalid_links_and_metadata_before_modifying_state_or_reservations dom::slot_backlinks::tests::should_release_shared_and_self_backlinks_in_either_finalization_order dom::slot_flatten::tests::should_distinguish_assigned_cdata_from_fallback_and_preserve_order dom::slot_flatten::tests::should_flatten_deep_fallback_without_recursive_control_state dom::slot_flatten::tests::should_reject_raw_assignment_cycles_without_modifying_the_tree dom::slot_flatten::tests::should_reject_unknown_inputs_and_release_resources_with_snapshots_retained
==2503326== Parent PID: 2502737
==2503326== 
==2503326== 
==2503326== HEAP SUMMARY:
==2503326==     in use at exit: 592 bytes in 2 blocks
==2503326==   total heap usage: 61,724 allocs, 61,722 frees, 14,557,726 bytes allocated
==2503326== 
==2503326== 48 bytes in 1 blocks are possibly lost in loss record 1 of 2
==2503326==    at 0x4848899: malloc (in /mnt/c/Users/guido/ghq/projects/rustdom/.tools/valgrind/usr/libexec/valgrind/vgpreload_memcheck-amd64-linux.so)
==2503326==    by 0x737AEE: _RNvMs_NtNtCs9k3SxhrAWiO_3std6thread6threadNtB4_6Thread3new (unix.rs:14)
==2503326==    by 0x745669: _RNvNtNtCs9k3SxhrAWiO_3std6thread7current12init_current (current.rs:294)
==2503326==    by 0x72C48F: _RNvMNtNtNtCs9k3SxhrAWiO_3std4sync4mpmc7contextNtB2_7Context3new (current.rs:251)
==2503326==    by 0x5E7CFA: _RINvMs0_NtNtNtNtCs9k3SxhrAWiO_3std3sys12thread_local6native4lazyINtB6_7StorageINtNtCsgxBkk5gSRhY_4core4cell4CellINtNtB1j_6option6OptionNtNtNtNtBe_4sync4mpmc7context7ContextEEuE16get_or_init_slowNvNvNvMB2b_B29_4with7CONTEXT27___rust_std_internal_init_fnECs965H7XVcgUb_4test (context.rs:43)
==2503326==    by 0x600AD0: _RNvMs1_NtNtNtCs9k3SxhrAWiO_3std4sync4mpmc4listINtB5_7ChannelNtNtCs965H7XVcgUb_4test5event13CompletedTestE4recvB10_ (lazy.rs:62)
==2503326==    by 0x60D565: _RNvNtCs965H7XVcgUb_4test7console17run_tests_console (mod.rs:1014)
==2503326==    by 0x5F95CA: _RNvCs965H7XVcgUb_4test16test_main_static (lib.rs:170)
==2503326==    by 0x312112: _RNvCsOWpcMbnSNv_7rustdom4main (lib.rs:1)
==2503326==    by 0x3DC80A: _RNvYFEuINtNtNtCsgxBkk5gSRhY_4core3ops8function6FnOnceuE9call_onceCsOWpcMbnSNv_7rustdom (library/core/src/ops/function.rs:250)
==2503326==    by 0x3AC35D: _RINvNtNtCs9k3SxhrAWiO_3std3sys9backtrace28___rust_begin_short_backtraceFEuuECsOWpcMbnSNv_7rustdom (library/std/src/sys/backtrace.rs:166)
==2503326==    by 0x3B7730: _RNCINvNtCs9k3SxhrAWiO_3std2rt10lang_startuE0CsOWpcMbnSNv_7rustdom (library/std/src/rt.rs:206)
==2503326== 
==2503326== 544 bytes in 1 blocks are still reachable in loss record 2 of 2
==2503326==    at 0x4848899: malloc (in /mnt/c/Users/guido/ghq/projects/rustdom/.tools/valgrind/usr/libexec/valgrind/vgpreload_memcheck-amd64-linux.so)
==2503326==    by 0x74A379: _RNvNtNtNtNtNtCs9k3SxhrAWiO_3std3sys3pal4unix14stack_overflow11thread_info16set_current_info (alloc.rs:101)
==2503326==    by 0x7434FF: _RNvNtCs9k3SxhrAWiO_3std2rt19lang_start_internal (stack_overflow.rs:179)
==2503326==    by 0x3B7716: _RINvNtCs9k3SxhrAWiO_3std2rt10lang_startuECsOWpcMbnSNv_7rustdom (library/std/src/rt.rs:205)
==2503326==    by 0x31365D: main (in /mnt/c/Users/guido/ghq/projects/rustdom/target/debug/deps/rustdom-3793092ae12c9a52)
==2503326== 
==2503326== LEAK SUMMARY:
==2503326==    definitely lost: 0 bytes in 0 blocks
==2503326==    indirectly lost: 0 bytes in 0 blocks
==2503326==      possibly lost: 48 bytes in 1 blocks
==2503326==    still reachable: 544 bytes in 1 blocks
==2503326==         suppressed: 0 bytes in 0 blocks
==2503326== 
==2503326== For lists of detected and suppressed errors, rerun with: -s
==2503326== ERROR SUMMARY: 0 errors from 0 contexts (suppressed: 0 from 0)
