==902535== Memcheck, a memory error detector
==902535== Copyright (C) 2002-2017, and GNU GPL'd, by Julian Seward et al.
==902535== Using Valgrind-3.18.1 and LibVEX; rerun with -h for copyright info
==902535== Command: /mnt/c/Users/guido/AppData/Local/Temp/rustdom-valgrind-tests-19610dcff9db416c838eb25c8b4681b4/target/debug/deps/rustdom-6e1afdc33e065ec6 --test-threads=1
==902535== Parent PID: 902497
==902535== 
==902535== 
==902535== HEAP SUMMARY:
==902535==     in use at exit: 592 bytes in 2 blocks
==902535==   total heap usage: 2,109,919 allocs, 2,109,917 frees, 131,915,336 bytes allocated
==902535== 
==902535== 48 bytes in 1 blocks are possibly lost in loss record 1 of 2
==902535==    at 0x4848899: malloc (in /mnt/c/Users/guido/ghq/projects/rustdom/.tools/valgrind/usr/libexec/valgrind/vgpreload_memcheck-amd64-linux.so)
==902535==    by 0x4A631E: _RNvMs_NtNtCs9k3SxhrAWiO_3std6thread6threadNtB4_6Thread3new (unix.rs:14)
==902535==    by 0x4B3E99: _RNvNtNtCs9k3SxhrAWiO_3std6thread7current12init_current (current.rs:294)
==902535==    by 0x49ACBF: _RNvMNtNtNtCs9k3SxhrAWiO_3std4sync4mpmc7contextNtB2_7Context3new (current.rs:251)
==902535==    by 0x39D9CA: _RINvMs0_NtNtNtNtCs9k3SxhrAWiO_3std3sys12thread_local6native4lazyINtB6_7StorageINtNtCsgxBkk5gSRhY_4core4cell4CellINtNtB1j_6option6OptionNtNtNtNtBe_4sync4mpmc7context7ContextEEuE16get_or_init_slowNvNvNvMB2b_B29_4with7CONTEXT27___rust_std_internal_init_fnECs965H7XVcgUb_4test (context.rs:43)
==902535==    by 0x3B67A0: _RNvMs1_NtNtNtCs9k3SxhrAWiO_3std4sync4mpmc4listINtB5_7ChannelNtNtCs965H7XVcgUb_4test5event13CompletedTestE4recvB10_ (lazy.rs:62)
==902535==    by 0x3C3235: _RNvNtCs965H7XVcgUb_4test7console17run_tests_console (mod.rs:1014)
==902535==    by 0x3AF29A: _RNvCs965H7XVcgUb_4test16test_main_static (lib.rs:170)
==902535==    by 0x2F90C2: _RNvCs3X6VoE9bK28_7rustdom4main (lib.rs:1)
==902535==    by 0x26F31A: _RNvYFEuINtNtNtCsgxBkk5gSRhY_4core3ops8function6FnOnceuE9call_onceCs3X6VoE9bK28_7rustdom (library/core/src/ops/function.rs:250)
==902535==    by 0x2D2DCD: _RINvNtNtCs9k3SxhrAWiO_3std3sys9backtrace28___rust_begin_short_backtraceFEuuECs3X6VoE9bK28_7rustdom (library/std/src/sys/backtrace.rs:166)
==902535==    by 0x346190: _RNCINvNtCs9k3SxhrAWiO_3std2rt10lang_startuE0Cs3X6VoE9bK28_7rustdom (library/std/src/rt.rs:206)
==902535== 
==902535== 544 bytes in 1 blocks are still reachable in loss record 2 of 2
==902535==    at 0x4848899: malloc (in /mnt/c/Users/guido/ghq/projects/rustdom/.tools/valgrind/usr/libexec/valgrind/vgpreload_memcheck-amd64-linux.so)
==902535==    by 0x4B8BA9: _RNvNtNtNtNtNtCs9k3SxhrAWiO_3std3sys3pal4unix14stack_overflow11thread_info16set_current_info (alloc.rs:101)
==902535==    by 0x4B1D2F: _RNvNtCs9k3SxhrAWiO_3std2rt19lang_start_internal (stack_overflow.rs:179)
==902535==    by 0x346176: _RINvNtCs9k3SxhrAWiO_3std2rt10lang_startuECs3X6VoE9bK28_7rustdom (library/std/src/rt.rs:205)
==902535==    by 0x2FA60D: main (in /mnt/c/Users/guido/AppData/Local/Temp/rustdom-valgrind-tests-19610dcff9db416c838eb25c8b4681b4/target/debug/deps/rustdom-6e1afdc33e065ec6)
==902535== 
==902535== LEAK SUMMARY:
==902535==    definitely lost: 0 bytes in 0 blocks
==902535==    indirectly lost: 0 bytes in 0 blocks
==902535==      possibly lost: 48 bytes in 1 blocks
==902535==    still reachable: 544 bytes in 1 blocks
==902535==         suppressed: 0 bytes in 0 blocks
==902535== 
==902535== For lists of detected and suppressed errors, rerun with: -s
==902535== ERROR SUMMARY: 0 errors from 0 contexts (suppressed: 0 from 0)
