==4532== Memcheck, a memory error detector
==4532== Copyright (C) 2002-2017, and GNU GPL'd, by Julian Seward et al.
==4532== Using Valgrind-3.18.1 and LibVEX; rerun with -h for copyright info
==4532== Command: /mnt/c/Users/guido/AppData/Local/Temp/rustdom-pr54-abort-retention-e991d78927094e13876cb3cd1a13dacf/.tools/node-v24.20.0-linux-x64/bin/node --jitless --expose-gc -e for(let\ cycle=0;cycle\<20;cycle++)global.gc()
==4532== Parent PID: 4192
==4532== 
==4532== Warning: set address range perms: large range [0xa71b000, 0x1a72a000) (noaccess)
==4532== Conditional jump or move depends on uninitialised value(s)
==4532==    at 0x19B75AE: heap::base::(anonymous namespace)::IteratePointersInStack(heap::base::StackVisitor*, heap::base::Stack::Segment const&) (in /mnt/c/Users/guido/AppData/Local/Temp/rustdom-pr54-abort-retention-e991d78927094e13876cb3cd1a13dacf/.tools/node-v24.20.0-linux-x64/bin/node)
==4532==    by 0x19B7794: heap::base::Stack::IteratePointersUntilMarker(heap::base::StackVisitor*) const (in /mnt/c/Users/guido/AppData/Local/Temp/rustdom-pr54-abort-retention-e991d78927094e13876cb3cd1a13dacf/.tools/node-v24.20.0-linux-x64/bin/node)
==4532==    by 0x19C71FC: cppgc::internal::MarkerBase::VisitLocalRoots(cppgc::EmbedderStackState) (in /mnt/c/Users/guido/AppData/Local/Temp/rustdom-pr54-abort-retention-e991d78927094e13876cb3cd1a13dacf/.tools/node-v24.20.0-linux-x64/bin/node)
==4532==    by 0x19C7F8C: cppgc::internal::MarkerBase::EnterAtomicPause(cppgc::EmbedderStackState) (in /mnt/c/Users/guido/AppData/Local/Temp/rustdom-pr54-abort-retention-e991d78927094e13876cb3cd1a13dacf/.tools/node-v24.20.0-linux-x64/bin/node)
==4532==    by 0xE92AB7: v8::internal::CppHeap::EnterFinalPause(cppgc::EmbedderStackState) (in /mnt/c/Users/guido/AppData/Local/Temp/rustdom-pr54-abort-retention-e991d78927094e13876cb3cd1a13dacf/.tools/node-v24.20.0-linux-x64/bin/node)
==4532==    by 0xF70684: v8::internal::MarkCompactCollector::MarkLiveObjects() (in /mnt/c/Users/guido/AppData/Local/Temp/rustdom-pr54-abort-retention-e991d78927094e13876cb3cd1a13dacf/.tools/node-v24.20.0-linux-x64/bin/node)
==4532==    by 0xF73FA9: v8::internal::MarkCompactCollector::CollectGarbage() (in /mnt/c/Users/guido/AppData/Local/Temp/rustdom-pr54-abort-retention-e991d78927094e13876cb3cd1a13dacf/.tools/node-v24.20.0-linux-x64/bin/node)
==4532==    by 0xF141BF: v8::internal::Heap::MarkCompact() (in /mnt/c/Users/guido/AppData/Local/Temp/rustdom-pr54-abort-retention-e991d78927094e13876cb3cd1a13dacf/.tools/node-v24.20.0-linux-x64/bin/node)
==4532==    by 0xF14C6C: v8::internal::Heap::PerformGarbageCollection(v8::internal::GarbageCollector, v8::internal::GarbageCollectionReason, char const*) (in /mnt/c/Users/guido/AppData/Local/Temp/rustdom-pr54-abort-retention-e991d78927094e13876cb3cd1a13dacf/.tools/node-v24.20.0-linux-x64/bin/node)
==4532==    by 0xF15748: v8::internal::Heap::CollectGarbage(v8::internal::AllocationSpace, v8::internal::GarbageCollectionReason, v8::GCCallbackFlags)::{lambda()#2}::operator()() const (in /mnt/c/Users/guido/AppData/Local/Temp/rustdom-pr54-abort-retention-e991d78927094e13876cb3cd1a13dacf/.tools/node-v24.20.0-linux-x64/bin/node)
==4532==    by 0xF19BBF: void heap::base::Stack::SetMarkerAndCallbackImpl<v8::internal::Heap::CollectGarbage(v8::internal::AllocationSpace, v8::internal::GarbageCollectionReason, v8::GCCallbackFlags)::{lambda()#2}>(heap::base::Stack*, void*, void const*) (in /mnt/c/Users/guido/AppData/Local/Temp/rustdom-pr54-abort-retention-e991d78927094e13876cb3cd1a13dacf/.tools/node-v24.20.0-linux-x64/bin/node)
==4532==    by 0x19B78A0: PushAllRegistersAndIterateStack (in /mnt/c/Users/guido/AppData/Local/Temp/rustdom-pr54-abort-retention-e991d78927094e13876cb3cd1a13dacf/.tools/node-v24.20.0-linux-x64/bin/node)
==4532== 
==4532== Conditional jump or move depends on uninitialised value(s)
==4532==    at 0x19E48B4: cppgc::internal::ConservativeTracingVisitor::TraceConservativelyIfNeeded(void const*) (in /mnt/c/Users/guido/AppData/Local/Temp/rustdom-pr54-abort-retention-e991d78927094e13876cb3cd1a13dacf/.tools/node-v24.20.0-linux-x64/bin/node)
==4532==    by 0xE8DBC1: v8::internal::(anonymous namespace)::UnifiedHeapConservativeMarkingVisitor::TraceConservativelyIfNeeded(void const*) (in /mnt/c/Users/guido/AppData/Local/Temp/rustdom-pr54-abort-retention-e991d78927094e13876cb3cd1a13dacf/.tools/node-v24.20.0-linux-x64/bin/node)
==4532==    by 0x19B75BD: heap::base::(anonymous namespace)::IteratePointersInStack(heap::base::StackVisitor*, heap::base::Stack::Segment const&) (in /mnt/c/Users/guido/AppData/Local/Temp/rustdom-pr54-abort-retention-e991d78927094e13876cb3cd1a13dacf/.tools/node-v24.20.0-linux-x64/bin/node)
==4532==    by 0x19B7794: heap::base::Stack::IteratePointersUntilMarker(heap::base::StackVisitor*) const (in /mnt/c/Users/guido/AppData/Local/Temp/rustdom-pr54-abort-retention-e991d78927094e13876cb3cd1a13dacf/.tools/node-v24.20.0-linux-x64/bin/node)
==4532==    by 0x19C71FC: cppgc::internal::MarkerBase::VisitLocalRoots(cppgc::EmbedderStackState) (in /mnt/c/Users/guido/AppData/Local/Temp/rustdom-pr54-abort-retention-e991d78927094e13876cb3cd1a13dacf/.tools/node-v24.20.0-linux-x64/bin/node)
==4532==    by 0x19C7F8C: cppgc::internal::MarkerBase::EnterAtomicPause(cppgc::EmbedderStackState) (in /mnt/c/Users/guido/AppData/Local/Temp/rustdom-pr54-abort-retention-e991d78927094e13876cb3cd1a13dacf/.tools/node-v24.20.0-linux-x64/bin/node)
==4532==    by 0xE92AB7: v8::internal::CppHeap::EnterFinalPause(cppgc::EmbedderStackState) (in /mnt/c/Users/guido/AppData/Local/Temp/rustdom-pr54-abort-retention-e991d78927094e13876cb3cd1a13dacf/.tools/node-v24.20.0-linux-x64/bin/node)
==4532==    by 0xF70684: v8::internal::MarkCompactCollector::MarkLiveObjects() (in /mnt/c/Users/guido/AppData/Local/Temp/rustdom-pr54-abort-retention-e991d78927094e13876cb3cd1a13dacf/.tools/node-v24.20.0-linux-x64/bin/node)
==4532==    by 0xF73FA9: v8::internal::MarkCompactCollector::CollectGarbage() (in /mnt/c/Users/guido/AppData/Local/Temp/rustdom-pr54-abort-retention-e991d78927094e13876cb3cd1a13dacf/.tools/node-v24.20.0-linux-x64/bin/node)
==4532==    by 0xF141BF: v8::internal::Heap::MarkCompact() (in /mnt/c/Users/guido/AppData/Local/Temp/rustdom-pr54-abort-retention-e991d78927094e13876cb3cd1a13dacf/.tools/node-v24.20.0-linux-x64/bin/node)
==4532==    by 0xF14C6C: v8::internal::Heap::PerformGarbageCollection(v8::internal::GarbageCollector, v8::internal::GarbageCollectionReason, char const*) (in /mnt/c/Users/guido/AppData/Local/Temp/rustdom-pr54-abort-retention-e991d78927094e13876cb3cd1a13dacf/.tools/node-v24.20.0-linux-x64/bin/node)
==4532==    by 0xF15748: v8::internal::Heap::CollectGarbage(v8::internal::AllocationSpace, v8::internal::GarbageCollectionReason, v8::GCCallbackFlags)::{lambda()#2}::operator()() const (in /mnt/c/Users/guido/AppData/Local/Temp/rustdom-pr54-abort-retention-e991d78927094e13876cb3cd1a13dacf/.tools/node-v24.20.0-linux-x64/bin/node)
==4532== 
==4532== Conditional jump or move depends on uninitialised value(s)
==4532==    at 0x19E4789: cppgc::internal::ConservativeTracingVisitor::TryTracePointerConservatively(unsigned char const*) (in /mnt/c/Users/guido/AppData/Local/Temp/rustdom-pr54-abort-retention-e991d78927094e13876cb3cd1a13dacf/.tools/node-v24.20.0-linux-x64/bin/node)
==4532==    by 0xE8DBC1: v8::internal::(anonymous namespace)::UnifiedHeapConservativeMarkingVisitor::TraceConservativelyIfNeeded(void const*) (in /mnt/c/Users/guido/AppData/Local/Temp/rustdom-pr54-abort-retention-e991d78927094e13876cb3cd1a13dacf/.tools/node-v24.20.0-linux-x64/bin/node)
==4532==    by 0x19B75BD: heap::base::(anonymous namespace)::IteratePointersInStack(heap::base::StackVisitor*, heap::base::Stack::Segment const&) (in /mnt/c/Users/guido/AppData/Local/Temp/rustdom-pr54-abort-retention-e991d78927094e13876cb3cd1a13dacf/.tools/node-v24.20.0-linux-x64/bin/node)
==4532==    by 0x19B7794: heap::base::Stack::IteratePointersUntilMarker(heap::base::StackVisitor*) const (in /mnt/c/Users/guido/AppData/Local/Temp/rustdom-pr54-abort-retention-e991d78927094e13876cb3cd1a13dacf/.tools/node-v24.20.0-linux-x64/bin/node)
==4532==    by 0x19C71FC: cppgc::internal::MarkerBase::VisitLocalRoots(cppgc::EmbedderStackState) (in /mnt/c/Users/guido/AppData/Local/Temp/rustdom-pr54-abort-retention-e991d78927094e13876cb3cd1a13dacf/.tools/node-v24.20.0-linux-x64/bin/node)
==4532==    by 0x19C7F8C: cppgc::internal::MarkerBase::EnterAtomicPause(cppgc::EmbedderStackState) (in /mnt/c/Users/guido/AppData/Local/Temp/rustdom-pr54-abort-retention-e991d78927094e13876cb3cd1a13dacf/.tools/node-v24.20.0-linux-x64/bin/node)
==4532==    by 0xE92AB7: v8::internal::CppHeap::EnterFinalPause(cppgc::EmbedderStackState) (in /mnt/c/Users/guido/AppData/Local/Temp/rustdom-pr54-abort-retention-e991d78927094e13876cb3cd1a13dacf/.tools/node-v24.20.0-linux-x64/bin/node)
==4532==    by 0xF70684: v8::internal::MarkCompactCollector::MarkLiveObjects() (in /mnt/c/Users/guido/AppData/Local/Temp/rustdom-pr54-abort-retention-e991d78927094e13876cb3cd1a13dacf/.tools/node-v24.20.0-linux-x64/bin/node)
==4532==    by 0xF73FA9: v8::internal::MarkCompactCollector::CollectGarbage() (in /mnt/c/Users/guido/AppData/Local/Temp/rustdom-pr54-abort-retention-e991d78927094e13876cb3cd1a13dacf/.tools/node-v24.20.0-linux-x64/bin/node)
==4532==    by 0xF141BF: v8::internal::Heap::MarkCompact() (in /mnt/c/Users/guido/AppData/Local/Temp/rustdom-pr54-abort-retention-e991d78927094e13876cb3cd1a13dacf/.tools/node-v24.20.0-linux-x64/bin/node)
==4532==    by 0xF14C6C: v8::internal::Heap::PerformGarbageCollection(v8::internal::GarbageCollector, v8::internal::GarbageCollectionReason, char const*) (in /mnt/c/Users/guido/AppData/Local/Temp/rustdom-pr54-abort-retention-e991d78927094e13876cb3cd1a13dacf/.tools/node-v24.20.0-linux-x64/bin/node)
==4532==    by 0xF15748: v8::internal::Heap::CollectGarbage(v8::internal::AllocationSpace, v8::internal::GarbageCollectionReason, v8::GCCallbackFlags)::{lambda()#2}::operator()() const (in /mnt/c/Users/guido/AppData/Local/Temp/rustdom-pr54-abort-retention-e991d78927094e13876cb3cd1a13dacf/.tools/node-v24.20.0-linux-x64/bin/node)
==4532== 
==4532== Conditional jump or move depends on uninitialised value(s)
==4532==    at 0x19E47BA: cppgc::internal::ConservativeTracingVisitor::TryTracePointerConservatively(unsigned char const*) (in /mnt/c/Users/guido/AppData/Local/Temp/rustdom-pr54-abort-retention-e991d78927094e13876cb3cd1a13dacf/.tools/node-v24.20.0-linux-x64/bin/node)
==4532==    by 0xE8DBC1: v8::internal::(anonymous namespace)::UnifiedHeapConservativeMarkingVisitor::TraceConservativelyIfNeeded(void const*) (in /mnt/c/Users/guido/AppData/Local/Temp/rustdom-pr54-abort-retention-e991d78927094e13876cb3cd1a13dacf/.tools/node-v24.20.0-linux-x64/bin/node)
==4532==    by 0x19B75BD: heap::base::(anonymous namespace)::IteratePointersInStack(heap::base::StackVisitor*, heap::base::Stack::Segment const&) (in /mnt/c/Users/guido/AppData/Local/Temp/rustdom-pr54-abort-retention-e991d78927094e13876cb3cd1a13dacf/.tools/node-v24.20.0-linux-x64/bin/node)
==4532==    by 0x19B7794: heap::base::Stack::IteratePointersUntilMarker(heap::base::StackVisitor*) const (in /mnt/c/Users/guido/AppData/Local/Temp/rustdom-pr54-abort-retention-e991d78927094e13876cb3cd1a13dacf/.tools/node-v24.20.0-linux-x64/bin/node)
==4532==    by 0x19C71FC: cppgc::internal::MarkerBase::VisitLocalRoots(cppgc::EmbedderStackState) (in /mnt/c/Users/guido/AppData/Local/Temp/rustdom-pr54-abort-retention-e991d78927094e13876cb3cd1a13dacf/.tools/node-v24.20.0-linux-x64/bin/node)
==4532==    by 0x19C7F8C: cppgc::internal::MarkerBase::EnterAtomicPause(cppgc::EmbedderStackState) (in /mnt/c/Users/guido/AppData/Local/Temp/rustdom-pr54-abort-retention-e991d78927094e13876cb3cd1a13dacf/.tools/node-v24.20.0-linux-x64/bin/node)
==4532==    by 0xE92AB7: v8::internal::CppHeap::EnterFinalPause(cppgc::EmbedderStackState) (in /mnt/c/Users/guido/AppData/Local/Temp/rustdom-pr54-abort-retention-e991d78927094e13876cb3cd1a13dacf/.tools/node-v24.20.0-linux-x64/bin/node)
==4532==    by 0xF70684: v8::internal::MarkCompactCollector::MarkLiveObjects() (in /mnt/c/Users/guido/AppData/Local/Temp/rustdom-pr54-abort-retention-e991d78927094e13876cb3cd1a13dacf/.tools/node-v24.20.0-linux-x64/bin/node)
==4532==    by 0xF73FA9: v8::internal::MarkCompactCollector::CollectGarbage() (in /mnt/c/Users/guido/AppData/Local/Temp/rustdom-pr54-abort-retention-e991d78927094e13876cb3cd1a13dacf/.tools/node-v24.20.0-linux-x64/bin/node)
==4532==    by 0xF141BF: v8::internal::Heap::MarkCompact() (in /mnt/c/Users/guido/AppData/Local/Temp/rustdom-pr54-abort-retention-e991d78927094e13876cb3cd1a13dacf/.tools/node-v24.20.0-linux-x64/bin/node)
==4532==    by 0xF14C6C: v8::internal::Heap::PerformGarbageCollection(v8::internal::GarbageCollector, v8::internal::GarbageCollectionReason, char const*) (in /mnt/c/Users/guido/AppData/Local/Temp/rustdom-pr54-abort-retention-e991d78927094e13876cb3cd1a13dacf/.tools/node-v24.20.0-linux-x64/bin/node)
==4532==    by 0xF15748: v8::internal::Heap::CollectGarbage(v8::internal::AllocationSpace, v8::internal::GarbageCollectionReason, v8::GCCallbackFlags)::{lambda()#2}::operator()() const (in /mnt/c/Users/guido/AppData/Local/Temp/rustdom-pr54-abort-retention-e991d78927094e13876cb3cd1a13dacf/.tools/node-v24.20.0-linux-x64/bin/node)
==4532== 
==4532== Conditional jump or move depends on uninitialised value(s)
==4532==    at 0xFEB520: v8::internal::ConservativeTracedHandlesMarkingVisitor::VisitPointer(void const*) (in /mnt/c/Users/guido/AppData/Local/Temp/rustdom-pr54-abort-retention-e991d78927094e13876cb3cd1a13dacf/.tools/node-v24.20.0-linux-x64/bin/node)
==4532==    by 0x19B75BD: heap::base::(anonymous namespace)::IteratePointersInStack(heap::base::StackVisitor*, heap::base::Stack::Segment const&) (in /mnt/c/Users/guido/AppData/Local/Temp/rustdom-pr54-abort-retention-e991d78927094e13876cb3cd1a13dacf/.tools/node-v24.20.0-linux-x64/bin/node)
==4532==    by 0x19B7794: heap::base::Stack::IteratePointersUntilMarker(heap::base::StackVisitor*) const (in /mnt/c/Users/guido/AppData/Local/Temp/rustdom-pr54-abort-retention-e991d78927094e13876cb3cd1a13dacf/.tools/node-v24.20.0-linux-x64/bin/node)
==4532==    by 0x19C71FC: cppgc::internal::MarkerBase::VisitLocalRoots(cppgc::EmbedderStackState) (in /mnt/c/Users/guido/AppData/Local/Temp/rustdom-pr54-abort-retention-e991d78927094e13876cb3cd1a13dacf/.tools/node-v24.20.0-linux-x64/bin/node)
==4532==    by 0x19C7F8C: cppgc::internal::MarkerBase::EnterAtomicPause(cppgc::EmbedderStackState) (in /mnt/c/Users/guido/AppData/Local/Temp/rustdom-pr54-abort-retention-e991d78927094e13876cb3cd1a13dacf/.tools/node-v24.20.0-linux-x64/bin/node)
==4532==    by 0xE92AB7: v8::internal::CppHeap::EnterFinalPause(cppgc::EmbedderStackState) (in /mnt/c/Users/guido/AppData/Local/Temp/rustdom-pr54-abort-retention-e991d78927094e13876cb3cd1a13dacf/.tools/node-v24.20.0-linux-x64/bin/node)
==4532==    by 0xF70684: v8::internal::MarkCompactCollector::MarkLiveObjects() (in /mnt/c/Users/guido/AppData/Local/Temp/rustdom-pr54-abort-retention-e991d78927094e13876cb3cd1a13dacf/.tools/node-v24.20.0-linux-x64/bin/node)
==4532==    by 0xF73FA9: v8::internal::MarkCompactCollector::CollectGarbage() (in /mnt/c/Users/guido/AppData/Local/Temp/rustdom-pr54-abort-retention-e991d78927094e13876cb3cd1a13dacf/.tools/node-v24.20.0-linux-x64/bin/node)
==4532==    by 0xF141BF: v8::internal::Heap::MarkCompact() (in /mnt/c/Users/guido/AppData/Local/Temp/rustdom-pr54-abort-retention-e991d78927094e13876cb3cd1a13dacf/.tools/node-v24.20.0-linux-x64/bin/node)
==4532==    by 0xF14C6C: v8::internal::Heap::PerformGarbageCollection(v8::internal::GarbageCollector, v8::internal::GarbageCollectionReason, char const*) (in /mnt/c/Users/guido/AppData/Local/Temp/rustdom-pr54-abort-retention-e991d78927094e13876cb3cd1a13dacf/.tools/node-v24.20.0-linux-x64/bin/node)
==4532==    by 0xF15748: v8::internal::Heap::CollectGarbage(v8::internal::AllocationSpace, v8::internal::GarbageCollectionReason, v8::GCCallbackFlags)::{lambda()#2}::operator()() const (in /mnt/c/Users/guido/AppData/Local/Temp/rustdom-pr54-abort-retention-e991d78927094e13876cb3cd1a13dacf/.tools/node-v24.20.0-linux-x64/bin/node)
==4532==    by 0xF19BBF: void heap::base::Stack::SetMarkerAndCallbackImpl<v8::internal::Heap::CollectGarbage(v8::internal::AllocationSpace, v8::internal::GarbageCollectionReason, v8::GCCallbackFlags)::{lambda()#2}>(heap::base::Stack*, void*, void const*) (in /mnt/c/Users/guido/AppData/Local/Temp/rustdom-pr54-abort-retention-e991d78927094e13876cb3cd1a13dacf/.tools/node-v24.20.0-linux-x64/bin/node)
==4532== 
==4532== Conditional jump or move depends on uninitialised value(s)
==4532==    at 0xFEB53B: v8::internal::ConservativeTracedHandlesMarkingVisitor::VisitPointer(void const*) (in /mnt/c/Users/guido/AppData/Local/Temp/rustdom-pr54-abort-retention-e991d78927094e13876cb3cd1a13dacf/.tools/node-v24.20.0-linux-x64/bin/node)
==4532==    by 0x19B75BD: heap::base::(anonymous namespace)::IteratePointersInStack(heap::base::StackVisitor*, heap::base::Stack::Segment const&) (in /mnt/c/Users/guido/AppData/Local/Temp/rustdom-pr54-abort-retention-e991d78927094e13876cb3cd1a13dacf/.tools/node-v24.20.0-linux-x64/bin/node)
==4532==    by 0x19B7794: heap::base::Stack::IteratePointersUntilMarker(heap::base::StackVisitor*) const (in /mnt/c/Users/guido/AppData/Local/Temp/rustdom-pr54-abort-retention-e991d78927094e13876cb3cd1a13dacf/.tools/node-v24.20.0-linux-x64/bin/node)
==4532==    by 0x19C71FC: cppgc::internal::MarkerBase::VisitLocalRoots(cppgc::EmbedderStackState) (in /mnt/c/Users/guido/AppData/Local/Temp/rustdom-pr54-abort-retention-e991d78927094e13876cb3cd1a13dacf/.tools/node-v24.20.0-linux-x64/bin/node)
==4532==    by 0x19C7F8C: cppgc::internal::MarkerBase::EnterAtomicPause(cppgc::EmbedderStackState) (in /mnt/c/Users/guido/AppData/Local/Temp/rustdom-pr54-abort-retention-e991d78927094e13876cb3cd1a13dacf/.tools/node-v24.20.0-linux-x64/bin/node)
==4532==    by 0xE92AB7: v8::internal::CppHeap::EnterFinalPause(cppgc::EmbedderStackState) (in /mnt/c/Users/guido/AppData/Local/Temp/rustdom-pr54-abort-retention-e991d78927094e13876cb3cd1a13dacf/.tools/node-v24.20.0-linux-x64/bin/node)
==4532==    by 0xF70684: v8::internal::MarkCompactCollector::MarkLiveObjects() (in /mnt/c/Users/guido/AppData/Local/Temp/rustdom-pr54-abort-retention-e991d78927094e13876cb3cd1a13dacf/.tools/node-v24.20.0-linux-x64/bin/node)
==4532==    by 0xF73FA9: v8::internal::MarkCompactCollector::CollectGarbage() (in /mnt/c/Users/guido/AppData/Local/Temp/rustdom-pr54-abort-retention-e991d78927094e13876cb3cd1a13dacf/.tools/node-v24.20.0-linux-x64/bin/node)
==4532==    by 0xF141BF: v8::internal::Heap::MarkCompact() (in /mnt/c/Users/guido/AppData/Local/Temp/rustdom-pr54-abort-retention-e991d78927094e13876cb3cd1a13dacf/.tools/node-v24.20.0-linux-x64/bin/node)
==4532==    by 0xF14C6C: v8::internal::Heap::PerformGarbageCollection(v8::internal::GarbageCollector, v8::internal::GarbageCollectionReason, char const*) (in /mnt/c/Users/guido/AppData/Local/Temp/rustdom-pr54-abort-retention-e991d78927094e13876cb3cd1a13dacf/.tools/node-v24.20.0-linux-x64/bin/node)
==4532==    by 0xF15748: v8::internal::Heap::CollectGarbage(v8::internal::AllocationSpace, v8::internal::GarbageCollectionReason, v8::GCCallbackFlags)::{lambda()#2}::operator()() const (in /mnt/c/Users/guido/AppData/Local/Temp/rustdom-pr54-abort-retention-e991d78927094e13876cb3cd1a13dacf/.tools/node-v24.20.0-linux-x64/bin/node)
==4532==    by 0xF19BBF: void heap::base::Stack::SetMarkerAndCallbackImpl<v8::internal::Heap::CollectGarbage(v8::internal::AllocationSpace, v8::internal::GarbageCollectionReason, v8::GCCallbackFlags)::{lambda()#2}>(heap::base::Stack*, void*, void const*) (in /mnt/c/Users/guido/AppData/Local/Temp/rustdom-pr54-abort-retention-e991d78927094e13876cb3cd1a13dacf/.tools/node-v24.20.0-linux-x64/bin/node)
==4532== 
==4532== 
==4532== HEAP SUMMARY:
==4532==     in use at exit: 8,574 bytes in 24 blocks
==4532==   total heap usage: 26,844 allocs, 26,820 frees, 10,449,667 bytes allocated
==4532== 
==4532== 8 bytes in 1 blocks are still reachable in loss record 1 of 24
==4532==    at 0x73E2013: operator new(unsigned long) (in /mnt/c/Users/guido/ghq/projects/rustdom/.tools/valgrind/usr/libexec/valgrind/vgpreload_memcheck-amd64-linux.so)
==4532==    by 0xD5A757: v8::internal::ThreadIsolation::Initialize(v8::ThreadIsolatedAllocator*) (in /mnt/c/Users/guido/AppData/Local/Temp/rustdom-pr54-abort-retention-e991d78927094e13876cb3cd1a13dacf/.tools/node-v24.20.0-linux-x64/bin/node)
==4532==    by 0x102CF76: v8::internal::V8::Initialize() (in /mnt/c/Users/guido/AppData/Local/Temp/rustdom-pr54-abort-retention-e991d78927094e13876cb3cd1a13dacf/.tools/node-v24.20.0-linux-x64/bin/node)
==4532==    by 0xC79C7D: v8::V8::Initialize(int) (in /mnt/c/Users/guido/AppData/Local/Temp/rustdom-pr54-abort-retention-e991d78927094e13876cb3cd1a13dacf/.tools/node-v24.20.0-linux-x64/bin/node)
==4532==    by 0x8C6C57: node::InitializeOncePerProcessInternal(std::vector<std::__cxx11::basic_string<char, std::char_traits<char>, std::allocator<char> >, std::allocator<std::__cxx11::basic_string<char, std::char_traits<char>, std::allocator<char> > > > const&, node::ProcessInitializationFlags::Flags) (in /mnt/c/Users/guido/AppData/Local/Temp/rustdom-pr54-abort-retention-e991d78927094e13876cb3cd1a13dacf/.tools/node-v24.20.0-linux-x64/bin/node)
==4532==    by 0x8C6F7B: node::Start(int, char**) (in /mnt/c/Users/guido/AppData/Local/Temp/rustdom-pr54-abort-retention-e991d78927094e13876cb3cd1a13dacf/.tools/node-v24.20.0-linux-x64/bin/node)
==4532==    by 0x7762D8F: (below main) (libc_start_call_main.h:58)
==4532== 
==4532== 8 bytes in 1 blocks are still reachable in loss record 2 of 24
==4532==    at 0x73E2013: operator new(unsigned long) (in /mnt/c/Users/guido/ghq/projects/rustdom/.tools/valgrind/usr/libexec/valgrind/vgpreload_memcheck-amd64-linux.so)
==4532==    by 0x19D6DAA: cppgc::internal::HeapRegistry::RegisterHeap(cppgc::internal::HeapBase&) (in /mnt/c/Users/guido/AppData/Local/Temp/rustdom-pr54-abort-retention-e991d78927094e13876cb3cd1a13dacf/.tools/node-v24.20.0-linux-x64/bin/node)
==4532==    by 0x19BF670: cppgc::internal::HeapBase::HeapBase(std::shared_ptr<cppgc::Platform>, std::vector<std::unique_ptr<cppgc::CustomSpaceBase, std::default_delete<cppgc::CustomSpaceBase> >, std::allocator<std::unique_ptr<cppgc::CustomSpaceBase, std::default_delete<cppgc::CustomSpaceBase> > > > const&, cppgc::Heap::StackSupport, cppgc::Heap::MarkingType, cppgc::Heap::SweepingType, cppgc::internal::GarbageCollector&) (in /mnt/c/Users/guido/AppData/Local/Temp/rustdom-pr54-abort-retention-e991d78927094e13876cb3cd1a13dacf/.tools/node-v24.20.0-linux-x64/bin/node)
==4532==    by 0xE90E3A: v8::CppHeap::Create(v8::Platform*, v8::CppHeapCreateParams const&) (in /mnt/c/Users/guido/AppData/Local/Temp/rustdom-pr54-abort-retention-e991d78927094e13876cb3cd1a13dacf/.tools/node-v24.20.0-linux-x64/bin/node)
==4532==    by 0x807D2A: node::NewIsolate(v8::Isolate::CreateParams*, uv_loop_s*, node::MultiIsolatePlatform*, node::SnapshotData const*, node::IsolateSettings const&) (in /mnt/c/Users/guido/AppData/Local/Temp/rustdom-pr54-abort-retention-e991d78927094e13876cb3cd1a13dacf/.tools/node-v24.20.0-linux-x64/bin/node)
==4532==    by 0x989AB8: node::NodeMainInstance::NodeMainInstance(node::SnapshotData const*, uv_loop_s*, node::MultiIsolatePlatform*, std::vector<std::__cxx11::basic_string<char, std::char_traits<char>, std::allocator<char> >, std::allocator<std::__cxx11::basic_string<char, std::char_traits<char>, std::allocator<char> > > > const&, std::vector<std::__cxx11::basic_string<char, std::char_traits<char>, std::allocator<char> >, std::allocator<std::__cxx11::basic_string<char, std::char_traits<char>, std::allocator<char> > > > const&) (in /mnt/c/Users/guido/AppData/Local/Temp/rustdom-pr54-abort-retention-e991d78927094e13876cb3cd1a13dacf/.tools/node-v24.20.0-linux-x64/bin/node)
==4532==    by 0x8C7198: node::Start(int, char**) (in /mnt/c/Users/guido/AppData/Local/Temp/rustdom-pr54-abort-retention-e991d78927094e13876cb3cd1a13dacf/.tools/node-v24.20.0-linux-x64/bin/node)
==4532==    by 0x7762D8F: (below main) (libc_start_call_main.h:58)
==4532== 
==4532== 11 bytes in 1 blocks are still reachable in loss record 3 of 24
==4532==    at 0x73E1899: malloc (in /mnt/c/Users/guido/ghq/projects/rustdom/.tools/valgrind/usr/libexec/valgrind/vgpreload_memcheck-amd64-linux.so)
==4532==    by 0x26DEC47: init_entry(char const*, char const*, UErrorCode*) (in /mnt/c/Users/guido/AppData/Local/Temp/rustdom-pr54-abort-retention-e991d78927094e13876cb3cd1a13dacf/.tools/node-v24.20.0-linux-x64/bin/node)
==4532==    by 0x26DFA7A: ures_openDirectFillIn_78 (in /mnt/c/Users/guido/AppData/Local/Temp/rustdom-pr54-abort-retention-e991d78927094e13876cb3cd1a13dacf/.tools/node-v24.20.0-linux-x64/bin/node)
==4532==    by 0x20ABD70: icu_78::TimeZone::getTZDataVersion(UErrorCode&) (in /mnt/c/Users/guido/AppData/Local/Temp/rustdom-pr54-abort-retention-e991d78927094e13876cb3cd1a13dacf/.tools/node-v24.20.0-linux-x64/bin/node)
==4532==    by 0x99B4CD: node::Metadata::Versions::InitializeIntlVersions() (in /mnt/c/Users/guido/AppData/Local/Temp/rustdom-pr54-abort-retention-e991d78927094e13876cb3cd1a13dacf/.tools/node-v24.20.0-linux-x64/bin/node)
==4532==    by 0x8C3FB9: node::InitializeNodeWithArgsInternal(std::vector<std::__cxx11::basic_string<char, std::char_traits<char>, std::allocator<char> >, std::allocator<std::__cxx11::basic_string<char, std::char_traits<char>, std::allocator<char> > > >*, std::vector<std::__cxx11::basic_string<char, std::char_traits<char>, std::allocator<char> >, std::allocator<std::__cxx11::basic_string<char, std::char_traits<char>, std::allocator<char> > > >*, std::vector<std::__cxx11::basic_string<char, std::char_traits<char>, std::allocator<char> >, std::allocator<std::__cxx11::basic_string<char, std::char_traits<char>, std::allocator<char> > > >*, node::ProcessInitializationFlags::Flags) (in /mnt/c/Users/guido/AppData/Local/Temp/rustdom-pr54-abort-retention-e991d78927094e13876cb3cd1a13dacf/.tools/node-v24.20.0-linux-x64/bin/node)
==4532==    by 0x8C61BE: node::InitializeOncePerProcessInternal(std::vector<std::__cxx11::basic_string<char, std::char_traits<char>, std::allocator<char> >, std::allocator<std::__cxx11::basic_string<char, std::char_traits<char>, std::allocator<char> > > > const&, node::ProcessInitializationFlags::Flags) (in /mnt/c/Users/guido/AppData/Local/Temp/rustdom-pr54-abort-retention-e991d78927094e13876cb3cd1a13dacf/.tools/node-v24.20.0-linux-x64/bin/node)
==4532==    by 0x8C6F7B: node::Start(int, char**) (in /mnt/c/Users/guido/AppData/Local/Temp/rustdom-pr54-abort-retention-e991d78927094e13876cb3cd1a13dacf/.tools/node-v24.20.0-linux-x64/bin/node)
==4532==    by 0x7762D8F: (below main) (libc_start_call_main.h:58)
==4532== 
==4532== 17 bytes in 1 blocks are still reachable in loss record 4 of 24
==4532==    at 0x73E1899: malloc (in /mnt/c/Users/guido/ghq/projects/rustdom/.tools/valgrind/usr/libexec/valgrind/vgpreload_memcheck-amd64-linux.so)
==4532==    by 0x26DEC47: init_entry(char const*, char const*, UErrorCode*) (in /mnt/c/Users/guido/AppData/Local/Temp/rustdom-pr54-abort-retention-e991d78927094e13876cb3cd1a13dacf/.tools/node-v24.20.0-linux-x64/bin/node)
==4532==    by 0x26DF719: ures_openDirect_78 (in /mnt/c/Users/guido/AppData/Local/Temp/rustdom-pr54-abort-retention-e991d78927094e13876cb3cd1a13dacf/.tools/node-v24.20.0-linux-x64/bin/node)
==4532==    by 0x20E34F1: ulocdata_getCLDRVersion_78 (in /mnt/c/Users/guido/AppData/Local/Temp/rustdom-pr54-abort-retention-e991d78927094e13876cb3cd1a13dacf/.tools/node-v24.20.0-linux-x64/bin/node)
==4532==    by 0x99B4E1: node::Metadata::Versions::InitializeIntlVersions() (in /mnt/c/Users/guido/AppData/Local/Temp/rustdom-pr54-abort-retention-e991d78927094e13876cb3cd1a13dacf/.tools/node-v24.20.0-linux-x64/bin/node)
==4532==    by 0x8C3FB9: node::InitializeNodeWithArgsInternal(std::vector<std::__cxx11::basic_string<char, std::char_traits<char>, std::allocator<char> >, std::allocator<std::__cxx11::basic_string<char, std::char_traits<char>, std::allocator<char> > > >*, std::vector<std::__cxx11::basic_string<char, std::char_traits<char>, std::allocator<char> >, std::allocator<std::__cxx11::basic_string<char, std::char_traits<char>, std::allocator<char> > > >*, std::vector<std::__cxx11::basic_string<char, std::char_traits<char>, std::allocator<char> >, std::allocator<std::__cxx11::basic_string<char, std::char_traits<char>, std::allocator<char> > > >*, node::ProcessInitializationFlags::Flags) (in /mnt/c/Users/guido/AppData/Local/Temp/rustdom-pr54-abort-retention-e991d78927094e13876cb3cd1a13dacf/.tools/node-v24.20.0-linux-x64/bin/node)
==4532==    by 0x8C61BE: node::InitializeOncePerProcessInternal(std::vector<std::__cxx11::basic_string<char, std::char_traits<char>, std::allocator<char> >, std::allocator<std::__cxx11::basic_string<char, std::char_traits<char>, std::allocator<char> > > > const&, node::ProcessInitializationFlags::Flags) (in /mnt/c/Users/guido/AppData/Local/Temp/rustdom-pr54-abort-retention-e991d78927094e13876cb3cd1a13dacf/.tools/node-v24.20.0-linux-x64/bin/node)
==4532==    by 0x8C6F7B: node::Start(int, char**) (in /mnt/c/Users/guido/AppData/Local/Temp/rustdom-pr54-abort-retention-e991d78927094e13876cb3cd1a13dacf/.tools/node-v24.20.0-linux-x64/bin/node)
==4532==    by 0x7762D8F: (below main) (libc_start_call_main.h:58)
==4532== 
==4532== 18 bytes in 1 blocks are still reachable in loss record 5 of 24
==4532==    at 0x73E1899: malloc (in /mnt/c/Users/guido/ghq/projects/rustdom/.tools/valgrind/usr/libexec/valgrind/vgpreload_memcheck-amd64-linux.so)
==4532==    by 0x268AAA8: uprv_getDefaultLocaleID_78 (in /mnt/c/Users/guido/AppData/Local/Temp/rustdom-pr54-abort-retention-e991d78927094e13876cb3cd1a13dacf/.tools/node-v24.20.0-linux-x64/bin/node)
==4532==    by 0x26A05A4: icu_78::locale_set_default_internal(char const*, UErrorCode&) (in /mnt/c/Users/guido/AppData/Local/Temp/rustdom-pr54-abort-retention-e991d78927094e13876cb3cd1a13dacf/.tools/node-v24.20.0-linux-x64/bin/node)
==4532==    by 0x26A08DE: icu_78::Locale::Locale() (in /mnt/c/Users/guido/AppData/Local/Temp/rustdom-pr54-abort-retention-e991d78927094e13876cb3cd1a13dacf/.tools/node-v24.20.0-linux-x64/bin/node)
==4532==    by 0xE43862: v8::internal::Isolate::DefaultLocale[abi:cxx11]() (in /mnt/c/Users/guido/AppData/Local/Temp/rustdom-pr54-abort-retention-e991d78927094e13876cb3cd1a13dacf/.tools/node-v24.20.0-linux-x64/bin/node)
==4532==    by 0xE43D73: v8::internal::LocalIsolate::LocalIsolate(v8::internal::Isolate*, v8::internal::ThreadKind) (in /mnt/c/Users/guido/AppData/Local/Temp/rustdom-pr54-abort-retention-e991d78927094e13876cb3cd1a13dacf/.tools/node-v24.20.0-linux-x64/bin/node)
==4532==    by 0xE41537: v8::internal::Isolate::Init(v8::internal::SnapshotData*, v8::internal::SnapshotData*, v8::internal::SnapshotData*, bool) (in /mnt/c/Users/guido/AppData/Local/Temp/rustdom-pr54-abort-retention-e991d78927094e13876cb3cd1a13dacf/.tools/node-v24.20.0-linux-x64/bin/node)
==4532==    by 0x141DAD2: v8::internal::Snapshot::Initialize(v8::internal::Isolate*) (in /mnt/c/Users/guido/AppData/Local/Temp/rustdom-pr54-abort-retention-e991d78927094e13876cb3cd1a13dacf/.tools/node-v24.20.0-linux-x64/bin/node)
==4532==    by 0xC8ABD5: v8::Isolate::Initialize(v8::Isolate*, v8::Isolate::CreateParams const&) (in /mnt/c/Users/guido/AppData/Local/Temp/rustdom-pr54-abort-retention-e991d78927094e13876cb3cd1a13dacf/.tools/node-v24.20.0-linux-x64/bin/node)
==4532==    by 0x807B3F: node::NewIsolate(v8::Isolate::CreateParams*, uv_loop_s*, node::MultiIsolatePlatform*, node::SnapshotData const*, node::IsolateSettings const&) (in /mnt/c/Users/guido/AppData/Local/Temp/rustdom-pr54-abort-retention-e991d78927094e13876cb3cd1a13dacf/.tools/node-v24.20.0-linux-x64/bin/node)
==4532==    by 0x989AB8: node::NodeMainInstance::NodeMainInstance(node::SnapshotData const*, uv_loop_s*, node::MultiIsolatePlatform*, std::vector<std::__cxx11::basic_string<char, std::char_traits<char>, std::allocator<char> >, std::allocator<std::__cxx11::basic_string<char, std::char_traits<char>, std::allocator<char> > > > const&, std::vector<std::__cxx11::basic_string<char, std::char_traits<char>, std::allocator<char> >, std::allocator<std::__cxx11::basic_string<char, std::char_traits<char>, std::allocator<char> > > > const&) (in /mnt/c/Users/guido/AppData/Local/Temp/rustdom-pr54-abort-retention-e991d78927094e13876cb3cd1a13dacf/.tools/node-v24.20.0-linux-x64/bin/node)
==4532==    by 0x8C7198: node::Start(int, char**) (in /mnt/c/Users/guido/AppData/Local/Temp/rustdom-pr54-abort-retention-e991d78927094e13876cb3cd1a13dacf/.tools/node-v24.20.0-linux-x64/bin/node)
==4532== 
==4532== 24 bytes in 1 blocks are definitely lost in loss record 6 of 24
==4532==    at 0x73E1899: malloc (in /mnt/c/Users/guido/ghq/projects/rustdom/.tools/valgrind/usr/libexec/valgrind/vgpreload_memcheck-amd64-linux.so)
==4532==    by 0x1E096E0: CRYPTO_malloc (in /mnt/c/Users/guido/AppData/Local/Temp/rustdom-pr54-abort-retention-e991d78927094e13876cb3cd1a13dacf/.tools/node-v24.20.0-linux-x64/bin/node)
==4532==    by 0x1E02D2B: ossl_load_builtin_compressions (in /mnt/c/Users/guido/AppData/Local/Temp/rustdom-pr54-abort-retention-e991d78927094e13876cb3cd1a13dacf/.tools/node-v24.20.0-linux-x64/bin/node)
==4532==    by 0x1E031EC: context_init (in /mnt/c/Users/guido/AppData/Local/Temp/rustdom-pr54-abort-retention-e991d78927094e13876cb3cd1a13dacf/.tools/node-v24.20.0-linux-x64/bin/node)
==4532==    by 0x1E03249: default_context_do_init_ossl_ (in /mnt/c/Users/guido/AppData/Local/Temp/rustdom-pr54-abort-retention-e991d78927094e13876cb3cd1a13dacf/.tools/node-v24.20.0-linux-x64/bin/node)
==4532==    by 0x77D2EA7: __pthread_once_slow (pthread_once.c:116)
==4532==    by 0x1E1D858: CRYPTO_THREAD_run_once (in /mnt/c/Users/guido/AppData/Local/Temp/rustdom-pr54-abort-retention-e991d78927094e13876cb3cd1a13dacf/.tools/node-v24.20.0-linux-x64/bin/node)
==4532==    by 0x1E03992: OSSL_LIB_CTX_get0_global_default (in /mnt/c/Users/guido/AppData/Local/Temp/rustdom-pr54-abort-retention-e991d78927094e13876cb3cd1a13dacf/.tools/node-v24.20.0-linux-x64/bin/node)
==4532==    by 0x1D45CAB: ossl_config_int (in /mnt/c/Users/guido/AppData/Local/Temp/rustdom-pr54-abort-retention-e991d78927094e13876cb3cd1a13dacf/.tools/node-v24.20.0-linux-x64/bin/node)
==4532==    by 0x1E085BF: ossl_init_config_settings_ossl_ (in /mnt/c/Users/guido/AppData/Local/Temp/rustdom-pr54-abort-retention-e991d78927094e13876cb3cd1a13dacf/.tools/node-v24.20.0-linux-x64/bin/node)
==4532==    by 0x77D2EA7: __pthread_once_slow (pthread_once.c:116)
==4532==    by 0x1E1D858: CRYPTO_THREAD_run_once (in /mnt/c/Users/guido/AppData/Local/Temp/rustdom-pr54-abort-retention-e991d78927094e13876cb3cd1a13dacf/.tools/node-v24.20.0-linux-x64/bin/node)
==4532== 
==4532== 32 bytes in 1 blocks are definitely lost in loss record 7 of 24
==4532==    at 0x73E2013: operator new(unsigned long) (in /mnt/c/Users/guido/ghq/projects/rustdom/.tools/valgrind/usr/libexec/valgrind/vgpreload_memcheck-amd64-linux.so)
==4532==    by 0x90B7C9: node::contextify::ContextifyScript::New(node::Environment*, v8::Local<v8::Object>) (in /mnt/c/Users/guido/AppData/Local/Temp/rustdom-pr54-abort-retention-e991d78927094e13876cb3cd1a13dacf/.tools/node-v24.20.0-linux-x64/bin/node)
==4532==    by 0x90C624: node::contextify::ContextifyScript::New(v8::FunctionCallbackInfo<v8::Value> const&) (in /mnt/c/Users/guido/AppData/Local/Temp/rustdom-pr54-abort-retention-e991d78927094e13876cb3cd1a13dacf/.tools/node-v24.20.0-linux-x64/bin/node)
==4532==    by 0xCBFDDF: v8::internal::MaybeHandle<v8::internal::Object> v8::internal::(anonymous namespace)::HandleApiCallHelper<true>(v8::internal::Isolate*, v8::internal::DirectHandle<v8::internal::HeapObject>, v8::internal::DirectHandle<v8::internal::FunctionTemplateInfo>, v8::internal::DirectHandle<v8::internal::Object>, unsigned long*, int) [clone .constprop.0] (in /mnt/c/Users/guido/AppData/Local/Temp/rustdom-pr54-abort-retention-e991d78927094e13876cb3cd1a13dacf/.tools/node-v24.20.0-linux-x64/bin/node)
==4532==    by 0xCC013C: v8::internal::Builtin_HandleApiConstruct(int, unsigned long*, v8::internal::Isolate*) (in /mnt/c/Users/guido/AppData/Local/Temp/rustdom-pr54-abort-retention-e991d78927094e13876cb3cd1a13dacf/.tools/node-v24.20.0-linux-x64/bin/node)
==4532==    by 0x1ACD8F5: Builtins_CEntry_Return1_ArgvOnStack_BuiltinExit (in /mnt/c/Users/guido/AppData/Local/Temp/rustdom-pr54-abort-retention-e991d78927094e13876cb3cd1a13dacf/.tools/node-v24.20.0-linux-x64/bin/node)
==4532==    by 0x1A24EF9: Builtins_InterpreterPushArgsThenFastConstructFunction (in /mnt/c/Users/guido/AppData/Local/Temp/rustdom-pr54-abort-retention-e991d78927094e13876cb3cd1a13dacf/.tools/node-v24.20.0-linux-x64/bin/node)
==4532==    by 0x1BD8FC0: Builtins_ConstructHandler (in /mnt/c/Users/guido/AppData/Local/Temp/rustdom-pr54-abort-retention-e991d78927094e13876cb3cd1a13dacf/.tools/node-v24.20.0-linux-x64/bin/node)
==4532==    by 0x1A24653: Builtins_InterpreterEntryTrampoline (in /mnt/c/Users/guido/AppData/Local/Temp/rustdom-pr54-abort-retention-e991d78927094e13876cb3cd1a13dacf/.tools/node-v24.20.0-linux-x64/bin/node)
==4532==    by 0x1A24653: Builtins_InterpreterEntryTrampoline (in /mnt/c/Users/guido/AppData/Local/Temp/rustdom-pr54-abort-retention-e991d78927094e13876cb3cd1a13dacf/.tools/node-v24.20.0-linux-x64/bin/node)
==4532==    by 0x1A24653: Builtins_InterpreterEntryTrampoline (in /mnt/c/Users/guido/AppData/Local/Temp/rustdom-pr54-abort-retention-e991d78927094e13876cb3cd1a13dacf/.tools/node-v24.20.0-linux-x64/bin/node)
==4532==    by 0x1A24653: Builtins_InterpreterEntryTrampoline (in /mnt/c/Users/guido/AppData/Local/Temp/rustdom-pr54-abort-retention-e991d78927094e13876cb3cd1a13dacf/.tools/node-v24.20.0-linux-x64/bin/node)
==4532== 
==4532== 40 bytes in 1 blocks are still reachable in loss record 8 of 24
==4532==    at 0x73E1899: malloc (in /mnt/c/Users/guido/ghq/projects/rustdom/.tools/valgrind/usr/libexec/valgrind/vgpreload_memcheck-amd64-linux.so)
==4532==    by 0x26A0509: icu_78::locale_set_default_internal(char const*, UErrorCode&) (in /mnt/c/Users/guido/AppData/Local/Temp/rustdom-pr54-abort-retention-e991d78927094e13876cb3cd1a13dacf/.tools/node-v24.20.0-linux-x64/bin/node)
==4532==    by 0x26A08DE: icu_78::Locale::Locale() (in /mnt/c/Users/guido/AppData/Local/Temp/rustdom-pr54-abort-retention-e991d78927094e13876cb3cd1a13dacf/.tools/node-v24.20.0-linux-x64/bin/node)
==4532==    by 0xE43862: v8::internal::Isolate::DefaultLocale[abi:cxx11]() (in /mnt/c/Users/guido/AppData/Local/Temp/rustdom-pr54-abort-retention-e991d78927094e13876cb3cd1a13dacf/.tools/node-v24.20.0-linux-x64/bin/node)
==4532==    by 0xE43D73: v8::internal::LocalIsolate::LocalIsolate(v8::internal::Isolate*, v8::internal::ThreadKind) (in /mnt/c/Users/guido/AppData/Local/Temp/rustdom-pr54-abort-retention-e991d78927094e13876cb3cd1a13dacf/.tools/node-v24.20.0-linux-x64/bin/node)
==4532==    by 0xE41537: v8::internal::Isolate::Init(v8::internal::SnapshotData*, v8::internal::SnapshotData*, v8::internal::SnapshotData*, bool) (in /mnt/c/Users/guido/AppData/Local/Temp/rustdom-pr54-abort-retention-e991d78927094e13876cb3cd1a13dacf/.tools/node-v24.20.0-linux-x64/bin/node)
==4532==    by 0x141DAD2: v8::internal::Snapshot::Initialize(v8::internal::Isolate*) (in /mnt/c/Users/guido/AppData/Local/Temp/rustdom-pr54-abort-retention-e991d78927094e13876cb3cd1a13dacf/.tools/node-v24.20.0-linux-x64/bin/node)
==4532==    by 0xC8ABD5: v8::Isolate::Initialize(v8::Isolate*, v8::Isolate::CreateParams const&) (in /mnt/c/Users/guido/AppData/Local/Temp/rustdom-pr54-abort-retention-e991d78927094e13876cb3cd1a13dacf/.tools/node-v24.20.0-linux-x64/bin/node)
==4532==    by 0x807B3F: node::NewIsolate(v8::Isolate::CreateParams*, uv_loop_s*, node::MultiIsolatePlatform*, node::SnapshotData const*, node::IsolateSettings const&) (in /mnt/c/Users/guido/AppData/Local/Temp/rustdom-pr54-abort-retention-e991d78927094e13876cb3cd1a13dacf/.tools/node-v24.20.0-linux-x64/bin/node)
==4532==    by 0x989AB8: node::NodeMainInstance::NodeMainInstance(node::SnapshotData const*, uv_loop_s*, node::MultiIsolatePlatform*, std::vector<std::__cxx11::basic_string<char, std::char_traits<char>, std::allocator<char> >, std::allocator<std::__cxx11::basic_string<char, std::char_traits<char>, std::allocator<char> > > > const&, std::vector<std::__cxx11::basic_string<char, std::char_traits<char>, std::allocator<char> >, std::allocator<std::__cxx11::basic_string<char, std::char_traits<char>, std::allocator<char> > > > const&) (in /mnt/c/Users/guido/AppData/Local/Temp/rustdom-pr54-abort-retention-e991d78927094e13876cb3cd1a13dacf/.tools/node-v24.20.0-linux-x64/bin/node)
==4532==    by 0x8C7198: node::Start(int, char**) (in /mnt/c/Users/guido/AppData/Local/Temp/rustdom-pr54-abort-retention-e991d78927094e13876cb3cd1a13dacf/.tools/node-v24.20.0-linux-x64/bin/node)
==4532==    by 0x7762D8F: (below main) (libc_start_call_main.h:58)
==4532== 
==4532== 48 bytes in 1 blocks are still reachable in loss record 9 of 24
==4532==    at 0x73E2013: operator new(unsigned long) (in /mnt/c/Users/guido/ghq/projects/rustdom/.tools/valgrind/usr/libexec/valgrind/vgpreload_memcheck-amd64-linux.so)
==4532==    by 0xD5A789: v8::internal::ThreadIsolation::Initialize(v8::ThreadIsolatedAllocator*) (in /mnt/c/Users/guido/AppData/Local/Temp/rustdom-pr54-abort-retention-e991d78927094e13876cb3cd1a13dacf/.tools/node-v24.20.0-linux-x64/bin/node)
==4532==    by 0x102CF76: v8::internal::V8::Initialize() (in /mnt/c/Users/guido/AppData/Local/Temp/rustdom-pr54-abort-retention-e991d78927094e13876cb3cd1a13dacf/.tools/node-v24.20.0-linux-x64/bin/node)
==4532==    by 0xC79C7D: v8::V8::Initialize(int) (in /mnt/c/Users/guido/AppData/Local/Temp/rustdom-pr54-abort-retention-e991d78927094e13876cb3cd1a13dacf/.tools/node-v24.20.0-linux-x64/bin/node)
==4532==    by 0x8C6C57: node::InitializeOncePerProcessInternal(std::vector<std::__cxx11::basic_string<char, std::char_traits<char>, std::allocator<char> >, std::allocator<std::__cxx11::basic_string<char, std::char_traits<char>, std::allocator<char> > > > const&, node::ProcessInitializationFlags::Flags) (in /mnt/c/Users/guido/AppData/Local/Temp/rustdom-pr54-abort-retention-e991d78927094e13876cb3cd1a13dacf/.tools/node-v24.20.0-linux-x64/bin/node)
==4532==    by 0x8C6F7B: node::Start(int, char**) (in /mnt/c/Users/guido/AppData/Local/Temp/rustdom-pr54-abort-retention-e991d78927094e13876cb3cd1a13dacf/.tools/node-v24.20.0-linux-x64/bin/node)
==4532==    by 0x7762D8F: (below main) (libc_start_call_main.h:58)
==4532== 
==4532== 56 bytes in 1 blocks are still reachable in loss record 10 of 24
==4532==    at 0x73E1899: malloc (in /mnt/c/Users/guido/ghq/projects/rustdom/.tools/valgrind/usr/libexec/valgrind/vgpreload_memcheck-amd64-linux.so)
==4532==    by 0x26A912B: UDataMemory_createNewInstance_78 (in /mnt/c/Users/guido/AppData/Local/Temp/rustdom-pr54-abort-retention-e991d78927094e13876cb3cd1a13dacf/.tools/node-v24.20.0-linux-x64/bin/node)
==4532==    by 0x26DB4AB: setCommonICUData(UDataMemory*, signed char, UErrorCode*) [clone .isra.0] (in /mnt/c/Users/guido/AppData/Local/Temp/rustdom-pr54-abort-retention-e991d78927094e13876cb3cd1a13dacf/.tools/node-v24.20.0-linux-x64/bin/node)
==4532==    by 0x26DC46F: doLoadFromCommonData(signed char, char const*, char const*, char const*, char const*, char const*, char const*, char const*, signed char (*)(void*, char const*, char const*, UDataInfo const*), void*, UErrorCode*, UErrorCode*) [clone .constprop.0] (in /mnt/c/Users/guido/AppData/Local/Temp/rustdom-pr54-abort-retention-e991d78927094e13876cb3cd1a13dacf/.tools/node-v24.20.0-linux-x64/bin/node)
==4532==    by 0x26DCF53: doOpenChoice(char const*, char const*, char const*, signed char (*)(void*, char const*, char const*, UDataInfo const*), void*, UErrorCode*) (in /mnt/c/Users/guido/AppData/Local/Temp/rustdom-pr54-abort-retention-e991d78927094e13876cb3cd1a13dacf/.tools/node-v24.20.0-linux-x64/bin/node)
==4532==    by 0x26C9D4C: res_load_78 (in /mnt/c/Users/guido/AppData/Local/Temp/rustdom-pr54-abort-retention-e991d78927094e13876cb3cd1a13dacf/.tools/node-v24.20.0-linux-x64/bin/node)
==4532==    by 0x26DEB9D: init_entry(char const*, char const*, UErrorCode*) (in /mnt/c/Users/guido/AppData/Local/Temp/rustdom-pr54-abort-retention-e991d78927094e13876cb3cd1a13dacf/.tools/node-v24.20.0-linux-x64/bin/node)
==4532==    by 0x26DFA7A: ures_openDirectFillIn_78 (in /mnt/c/Users/guido/AppData/Local/Temp/rustdom-pr54-abort-retention-e991d78927094e13876cb3cd1a13dacf/.tools/node-v24.20.0-linux-x64/bin/node)
==4532==    by 0x20ABD70: icu_78::TimeZone::getTZDataVersion(UErrorCode&) (in /mnt/c/Users/guido/AppData/Local/Temp/rustdom-pr54-abort-retention-e991d78927094e13876cb3cd1a13dacf/.tools/node-v24.20.0-linux-x64/bin/node)
==4532==    by 0x99B4CD: node::Metadata::Versions::InitializeIntlVersions() (in /mnt/c/Users/guido/AppData/Local/Temp/rustdom-pr54-abort-retention-e991d78927094e13876cb3cd1a13dacf/.tools/node-v24.20.0-linux-x64/bin/node)
==4532==    by 0x8C3FB9: node::InitializeNodeWithArgsInternal(std::vector<std::__cxx11::basic_string<char, std::char_traits<char>, std::allocator<char> >, std::allocator<std::__cxx11::basic_string<char, std::char_traits<char>, std::allocator<char> > > >*, std::vector<std::__cxx11::basic_string<char, std::char_traits<char>, std::allocator<char> >, std::allocator<std::__cxx11::basic_string<char, std::char_traits<char>, std::allocator<char> > > >*, std::vector<std::__cxx11::basic_string<char, std::char_traits<char>, std::allocator<char> >, std::allocator<std::__cxx11::basic_string<char, std::char_traits<char>, std::allocator<char> > > >*, node::ProcessInitializationFlags::Flags) (in /mnt/c/Users/guido/AppData/Local/Temp/rustdom-pr54-abort-retention-e991d78927094e13876cb3cd1a13dacf/.tools/node-v24.20.0-linux-x64/bin/node)
==4532==    by 0x8C61BE: node::InitializeOncePerProcessInternal(std::vector<std::__cxx11::basic_string<char, std::char_traits<char>, std::allocator<char> >, std::allocator<std::__cxx11::basic_string<char, std::char_traits<char>, std::allocator<char> > > > const&, node::ProcessInitializationFlags::Flags) (in /mnt/c/Users/guido/AppData/Local/Temp/rustdom-pr54-abort-retention-e991d78927094e13876cb3cd1a13dacf/.tools/node-v24.20.0-linux-x64/bin/node)
==4532== 
==4532== 56 bytes in 1 blocks are still reachable in loss record 11 of 24
==4532==    at 0x73E1899: malloc (in /mnt/c/Users/guido/ghq/projects/rustdom/.tools/valgrind/usr/libexec/valgrind/vgpreload_memcheck-amd64-linux.so)
==4532==    by 0x26A912B: UDataMemory_createNewInstance_78 (in /mnt/c/Users/guido/AppData/Local/Temp/rustdom-pr54-abort-retention-e991d78927094e13876cb3cd1a13dacf/.tools/node-v24.20.0-linux-x64/bin/node)
==4532==    by 0x26DC14A: doLoadFromCommonData(signed char, char const*, char const*, char const*, char const*, char const*, char const*, char const*, signed char (*)(void*, char const*, char const*, UDataInfo const*), void*, UErrorCode*, UErrorCode*) [clone .constprop.0] (in /mnt/c/Users/guido/AppData/Local/Temp/rustdom-pr54-abort-retention-e991d78927094e13876cb3cd1a13dacf/.tools/node-v24.20.0-linux-x64/bin/node)
==4532==    by 0x26DCF53: doOpenChoice(char const*, char const*, char const*, signed char (*)(void*, char const*, char const*, UDataInfo const*), void*, UErrorCode*) (in /mnt/c/Users/guido/AppData/Local/Temp/rustdom-pr54-abort-retention-e991d78927094e13876cb3cd1a13dacf/.tools/node-v24.20.0-linux-x64/bin/node)
==4532==    by 0x26C9D4C: res_load_78 (in /mnt/c/Users/guido/AppData/Local/Temp/rustdom-pr54-abort-retention-e991d78927094e13876cb3cd1a13dacf/.tools/node-v24.20.0-linux-x64/bin/node)
==4532==    by 0x26DEB9D: init_entry(char const*, char const*, UErrorCode*) (in /mnt/c/Users/guido/AppData/Local/Temp/rustdom-pr54-abort-retention-e991d78927094e13876cb3cd1a13dacf/.tools/node-v24.20.0-linux-x64/bin/node)
==4532==    by 0x26DFA7A: ures_openDirectFillIn_78 (in /mnt/c/Users/guido/AppData/Local/Temp/rustdom-pr54-abort-retention-e991d78927094e13876cb3cd1a13dacf/.tools/node-v24.20.0-linux-x64/bin/node)
==4532==    by 0x20ABD70: icu_78::TimeZone::getTZDataVersion(UErrorCode&) (in /mnt/c/Users/guido/AppData/Local/Temp/rustdom-pr54-abort-retention-e991d78927094e13876cb3cd1a13dacf/.tools/node-v24.20.0-linux-x64/bin/node)
==4532==    by 0x99B4CD: node::Metadata::Versions::InitializeIntlVersions() (in /mnt/c/Users/guido/AppData/Local/Temp/rustdom-pr54-abort-retention-e991d78927094e13876cb3cd1a13dacf/.tools/node-v24.20.0-linux-x64/bin/node)
==4532==    by 0x8C3FB9: node::InitializeNodeWithArgsInternal(std::vector<std::__cxx11::basic_string<char, std::char_traits<char>, std::allocator<char> >, std::allocator<std::__cxx11::basic_string<char, std::char_traits<char>, std::allocator<char> > > >*, std::vector<std::__cxx11::basic_string<char, std::char_traits<char>, std::allocator<char> >, std::allocator<std::__cxx11::basic_string<char, std::char_traits<char>, std::allocator<char> > > >*, std::vector<std::__cxx11::basic_string<char, std::char_traits<char>, std::allocator<char> >, std::allocator<std::__cxx11::basic_string<char, std::char_traits<char>, std::allocator<char> > > >*, node::ProcessInitializationFlags::Flags) (in /mnt/c/Users/guido/AppData/Local/Temp/rustdom-pr54-abort-retention-e991d78927094e13876cb3cd1a13dacf/.tools/node-v24.20.0-linux-x64/bin/node)
==4532==    by 0x8C61BE: node::InitializeOncePerProcessInternal(std::vector<std::__cxx11::basic_string<char, std::char_traits<char>, std::allocator<char> >, std::allocator<std::__cxx11::basic_string<char, std::char_traits<char>, std::allocator<char> > > > const&, node::ProcessInitializationFlags::Flags) (in /mnt/c/Users/guido/AppData/Local/Temp/rustdom-pr54-abort-retention-e991d78927094e13876cb3cd1a13dacf/.tools/node-v24.20.0-linux-x64/bin/node)
==4532==    by 0x8C6F7B: node::Start(int, char**) (in /mnt/c/Users/guido/AppData/Local/Temp/rustdom-pr54-abort-retention-e991d78927094e13876cb3cd1a13dacf/.tools/node-v24.20.0-linux-x64/bin/node)
==4532== 
==4532== 56 bytes in 1 blocks are still reachable in loss record 12 of 24
==4532==    at 0x73E1899: malloc (in /mnt/c/Users/guido/ghq/projects/rustdom/.tools/valgrind/usr/libexec/valgrind/vgpreload_memcheck-amd64-linux.so)
==4532==    by 0x26A912B: UDataMemory_createNewInstance_78 (in /mnt/c/Users/guido/AppData/Local/Temp/rustdom-pr54-abort-retention-e991d78927094e13876cb3cd1a13dacf/.tools/node-v24.20.0-linux-x64/bin/node)
==4532==    by 0x26DC14A: doLoadFromCommonData(signed char, char const*, char const*, char const*, char const*, char const*, char const*, char const*, signed char (*)(void*, char const*, char const*, UDataInfo const*), void*, UErrorCode*, UErrorCode*) [clone .constprop.0] (in /mnt/c/Users/guido/AppData/Local/Temp/rustdom-pr54-abort-retention-e991d78927094e13876cb3cd1a13dacf/.tools/node-v24.20.0-linux-x64/bin/node)
==4532==    by 0x26DCF53: doOpenChoice(char const*, char const*, char const*, signed char (*)(void*, char const*, char const*, UDataInfo const*), void*, UErrorCode*) (in /mnt/c/Users/guido/AppData/Local/Temp/rustdom-pr54-abort-retention-e991d78927094e13876cb3cd1a13dacf/.tools/node-v24.20.0-linux-x64/bin/node)
==4532==    by 0x26C9D4C: res_load_78 (in /mnt/c/Users/guido/AppData/Local/Temp/rustdom-pr54-abort-retention-e991d78927094e13876cb3cd1a13dacf/.tools/node-v24.20.0-linux-x64/bin/node)
==4532==    by 0x26DEB9D: init_entry(char const*, char const*, UErrorCode*) (in /mnt/c/Users/guido/AppData/Local/Temp/rustdom-pr54-abort-retention-e991d78927094e13876cb3cd1a13dacf/.tools/node-v24.20.0-linux-x64/bin/node)
==4532==    by 0x26DF719: ures_openDirect_78 (in /mnt/c/Users/guido/AppData/Local/Temp/rustdom-pr54-abort-retention-e991d78927094e13876cb3cd1a13dacf/.tools/node-v24.20.0-linux-x64/bin/node)
==4532==    by 0x20E34F1: ulocdata_getCLDRVersion_78 (in /mnt/c/Users/guido/AppData/Local/Temp/rustdom-pr54-abort-retention-e991d78927094e13876cb3cd1a13dacf/.tools/node-v24.20.0-linux-x64/bin/node)
==4532==    by 0x99B4E1: node::Metadata::Versions::InitializeIntlVersions() (in /mnt/c/Users/guido/AppData/Local/Temp/rustdom-pr54-abort-retention-e991d78927094e13876cb3cd1a13dacf/.tools/node-v24.20.0-linux-x64/bin/node)
==4532==    by 0x8C3FB9: node::InitializeNodeWithArgsInternal(std::vector<std::__cxx11::basic_string<char, std::char_traits<char>, std::allocator<char> >, std::allocator<std::__cxx11::basic_string<char, std::char_traits<char>, std::allocator<char> > > >*, std::vector<std::__cxx11::basic_string<char, std::char_traits<char>, std::allocator<char> >, std::allocator<std::__cxx11::basic_string<char, std::char_traits<char>, std::allocator<char> > > >*, std::vector<std::__cxx11::basic_string<char, std::char_traits<char>, std::allocator<char> >, std::allocator<std::__cxx11::basic_string<char, std::char_traits<char>, std::allocator<char> > > >*, node::ProcessInitializationFlags::Flags) (in /mnt/c/Users/guido/AppData/Local/Temp/rustdom-pr54-abort-retention-e991d78927094e13876cb3cd1a13dacf/.tools/node-v24.20.0-linux-x64/bin/node)
==4532==    by 0x8C61BE: node::InitializeOncePerProcessInternal(std::vector<std::__cxx11::basic_string<char, std::char_traits<char>, std::allocator<char> >, std::allocator<std::__cxx11::basic_string<char, std::char_traits<char>, std::allocator<char> > > > const&, node::ProcessInitializationFlags::Flags) (in /mnt/c/Users/guido/AppData/Local/Temp/rustdom-pr54-abort-retention-e991d78927094e13876cb3cd1a13dacf/.tools/node-v24.20.0-linux-x64/bin/node)
==4532==    by 0x8C6F7B: node::Start(int, char**) (in /mnt/c/Users/guido/AppData/Local/Temp/rustdom-pr54-abort-retention-e991d78927094e13876cb3cd1a13dacf/.tools/node-v24.20.0-linux-x64/bin/node)
==4532== 
==4532== 64 bytes in 1 blocks are still reachable in loss record 13 of 24
==4532==    at 0x73E1899: malloc (in /mnt/c/Users/guido/ghq/projects/rustdom/.tools/valgrind/usr/libexec/valgrind/vgpreload_memcheck-amd64-linux.so)
==4532==    by 0x268A836: u_getTimeZoneFilesDirectory_78 (in /mnt/c/Users/guido/AppData/Local/Temp/rustdom-pr54-abort-retention-e991d78927094e13876cb3cd1a13dacf/.tools/node-v24.20.0-linux-x64/bin/node)
==4532==    by 0x26DCC67: doOpenChoice(char const*, char const*, char const*, signed char (*)(void*, char const*, char const*, UDataInfo const*), void*, UErrorCode*) (in /mnt/c/Users/guido/AppData/Local/Temp/rustdom-pr54-abort-retention-e991d78927094e13876cb3cd1a13dacf/.tools/node-v24.20.0-linux-x64/bin/node)
==4532==    by 0x26C9D4C: res_load_78 (in /mnt/c/Users/guido/AppData/Local/Temp/rustdom-pr54-abort-retention-e991d78927094e13876cb3cd1a13dacf/.tools/node-v24.20.0-linux-x64/bin/node)
==4532==    by 0x26DEB9D: init_entry(char const*, char const*, UErrorCode*) (in /mnt/c/Users/guido/AppData/Local/Temp/rustdom-pr54-abort-retention-e991d78927094e13876cb3cd1a13dacf/.tools/node-v24.20.0-linux-x64/bin/node)
==4532==    by 0x26DFA7A: ures_openDirectFillIn_78 (in /mnt/c/Users/guido/AppData/Local/Temp/rustdom-pr54-abort-retention-e991d78927094e13876cb3cd1a13dacf/.tools/node-v24.20.0-linux-x64/bin/node)
==4532==    by 0x20ABD70: icu_78::TimeZone::getTZDataVersion(UErrorCode&) (in /mnt/c/Users/guido/AppData/Local/Temp/rustdom-pr54-abort-retention-e991d78927094e13876cb3cd1a13dacf/.tools/node-v24.20.0-linux-x64/bin/node)
==4532==    by 0x99B4CD: node::Metadata::Versions::InitializeIntlVersions() (in /mnt/c/Users/guido/AppData/Local/Temp/rustdom-pr54-abort-retention-e991d78927094e13876cb3cd1a13dacf/.tools/node-v24.20.0-linux-x64/bin/node)
==4532==    by 0x8C3FB9: node::InitializeNodeWithArgsInternal(std::vector<std::__cxx11::basic_string<char, std::char_traits<char>, std::allocator<char> >, std::allocator<std::__cxx11::basic_string<char, std::char_traits<char>, std::allocator<char> > > >*, std::vector<std::__cxx11::basic_string<char, std::char_traits<char>, std::allocator<char> >, std::allocator<std::__cxx11::basic_string<char, std::char_traits<char>, std::allocator<char> > > >*, std::vector<std::__cxx11::basic_string<char, std::char_traits<char>, std::allocator<char> >, std::allocator<std::__cxx11::basic_string<char, std::char_traits<char>, std::allocator<char> > > >*, node::ProcessInitializationFlags::Flags) (in /mnt/c/Users/guido/AppData/Local/Temp/rustdom-pr54-abort-retention-e991d78927094e13876cb3cd1a13dacf/.tools/node-v24.20.0-linux-x64/bin/node)
==4532==    by 0x8C61BE: node::InitializeOncePerProcessInternal(std::vector<std::__cxx11::basic_string<char, std::char_traits<char>, std::allocator<char> >, std::allocator<std::__cxx11::basic_string<char, std::char_traits<char>, std::allocator<char> > > > const&, node::ProcessInitializationFlags::Flags) (in /mnt/c/Users/guido/AppData/Local/Temp/rustdom-pr54-abort-retention-e991d78927094e13876cb3cd1a13dacf/.tools/node-v24.20.0-linux-x64/bin/node)
==4532==    by 0x8C6F7B: node::Start(int, char**) (in /mnt/c/Users/guido/AppData/Local/Temp/rustdom-pr54-abort-retention-e991d78927094e13876cb3cd1a13dacf/.tools/node-v24.20.0-linux-x64/bin/node)
==4532==    by 0x7762D8F: (below main) (libc_start_call_main.h:58)
==4532== 
==4532== 80 bytes in 1 blocks are still reachable in loss record 14 of 24
==4532==    at 0x73E1899: malloc (in /mnt/c/Users/guido/ghq/projects/rustdom/.tools/valgrind/usr/libexec/valgrind/vgpreload_memcheck-amd64-linux.so)
==4532==    by 0x2695122: uhash_open_78 (in /mnt/c/Users/guido/AppData/Local/Temp/rustdom-pr54-abort-retention-e991d78927094e13876cb3cd1a13dacf/.tools/node-v24.20.0-linux-x64/bin/node)
==4532==    by 0x26DFA19: ures_openDirectFillIn_78 (in /mnt/c/Users/guido/AppData/Local/Temp/rustdom-pr54-abort-retention-e991d78927094e13876cb3cd1a13dacf/.tools/node-v24.20.0-linux-x64/bin/node)
==4532==    by 0x20ABD70: icu_78::TimeZone::getTZDataVersion(UErrorCode&) (in /mnt/c/Users/guido/AppData/Local/Temp/rustdom-pr54-abort-retention-e991d78927094e13876cb3cd1a13dacf/.tools/node-v24.20.0-linux-x64/bin/node)
==4532==    by 0x99B4CD: node::Metadata::Versions::InitializeIntlVersions() (in /mnt/c/Users/guido/AppData/Local/Temp/rustdom-pr54-abort-retention-e991d78927094e13876cb3cd1a13dacf/.tools/node-v24.20.0-linux-x64/bin/node)
==4532==    by 0x8C3FB9: node::InitializeNodeWithArgsInternal(std::vector<std::__cxx11::basic_string<char, std::char_traits<char>, std::allocator<char> >, std::allocator<std::__cxx11::basic_string<char, std::char_traits<char>, std::allocator<char> > > >*, std::vector<std::__cxx11::basic_string<char, std::char_traits<char>, std::allocator<char> >, std::allocator<std::__cxx11::basic_string<char, std::char_traits<char>, std::allocator<char> > > >*, std::vector<std::__cxx11::basic_string<char, std::char_traits<char>, std::allocator<char> >, std::allocator<std::__cxx11::basic_string<char, std::char_traits<char>, std::allocator<char> > > >*, node::ProcessInitializationFlags::Flags) (in /mnt/c/Users/guido/AppData/Local/Temp/rustdom-pr54-abort-retention-e991d78927094e13876cb3cd1a13dacf/.tools/node-v24.20.0-linux-x64/bin/node)
==4532==    by 0x8C61BE: node::InitializeOncePerProcessInternal(std::vector<std::__cxx11::basic_string<char, std::char_traits<char>, std::allocator<char> >, std::allocator<std::__cxx11::basic_string<char, std::char_traits<char>, std::allocator<char> > > > const&, node::ProcessInitializationFlags::Flags) (in /mnt/c/Users/guido/AppData/Local/Temp/rustdom-pr54-abort-retention-e991d78927094e13876cb3cd1a13dacf/.tools/node-v24.20.0-linux-x64/bin/node)
==4532==    by 0x8C6F7B: node::Start(int, char**) (in /mnt/c/Users/guido/AppData/Local/Temp/rustdom-pr54-abort-retention-e991d78927094e13876cb3cd1a13dacf/.tools/node-v24.20.0-linux-x64/bin/node)
==4532==    by 0x7762D8F: (below main) (libc_start_call_main.h:58)
==4532== 
==4532== 80 bytes in 1 blocks are still reachable in loss record 15 of 24
==4532==    at 0x73E1899: malloc (in /mnt/c/Users/guido/ghq/projects/rustdom/.tools/valgrind/usr/libexec/valgrind/vgpreload_memcheck-amd64-linux.so)
==4532==    by 0x2695122: uhash_open_78 (in /mnt/c/Users/guido/AppData/Local/Temp/rustdom-pr54-abort-retention-e991d78927094e13876cb3cd1a13dacf/.tools/node-v24.20.0-linux-x64/bin/node)
==4532==    by 0x26A05E3: icu_78::locale_set_default_internal(char const*, UErrorCode&) (in /mnt/c/Users/guido/AppData/Local/Temp/rustdom-pr54-abort-retention-e991d78927094e13876cb3cd1a13dacf/.tools/node-v24.20.0-linux-x64/bin/node)
==4532==    by 0x26A08DE: icu_78::Locale::Locale() (in /mnt/c/Users/guido/AppData/Local/Temp/rustdom-pr54-abort-retention-e991d78927094e13876cb3cd1a13dacf/.tools/node-v24.20.0-linux-x64/bin/node)
==4532==    by 0xE43862: v8::internal::Isolate::DefaultLocale[abi:cxx11]() (in /mnt/c/Users/guido/AppData/Local/Temp/rustdom-pr54-abort-retention-e991d78927094e13876cb3cd1a13dacf/.tools/node-v24.20.0-linux-x64/bin/node)
==4532==    by 0xE43D73: v8::internal::LocalIsolate::LocalIsolate(v8::internal::Isolate*, v8::internal::ThreadKind) (in /mnt/c/Users/guido/AppData/Local/Temp/rustdom-pr54-abort-retention-e991d78927094e13876cb3cd1a13dacf/.tools/node-v24.20.0-linux-x64/bin/node)
==4532==    by 0xE41537: v8::internal::Isolate::Init(v8::internal::SnapshotData*, v8::internal::SnapshotData*, v8::internal::SnapshotData*, bool) (in /mnt/c/Users/guido/AppData/Local/Temp/rustdom-pr54-abort-retention-e991d78927094e13876cb3cd1a13dacf/.tools/node-v24.20.0-linux-x64/bin/node)
==4532==    by 0x141DAD2: v8::internal::Snapshot::Initialize(v8::internal::Isolate*) (in /mnt/c/Users/guido/AppData/Local/Temp/rustdom-pr54-abort-retention-e991d78927094e13876cb3cd1a13dacf/.tools/node-v24.20.0-linux-x64/bin/node)
==4532==    by 0xC8ABD5: v8::Isolate::Initialize(v8::Isolate*, v8::Isolate::CreateParams const&) (in /mnt/c/Users/guido/AppData/Local/Temp/rustdom-pr54-abort-retention-e991d78927094e13876cb3cd1a13dacf/.tools/node-v24.20.0-linux-x64/bin/node)
==4532==    by 0x807B3F: node::NewIsolate(v8::Isolate::CreateParams*, uv_loop_s*, node::MultiIsolatePlatform*, node::SnapshotData const*, node::IsolateSettings const&) (in /mnt/c/Users/guido/AppData/Local/Temp/rustdom-pr54-abort-retention-e991d78927094e13876cb3cd1a13dacf/.tools/node-v24.20.0-linux-x64/bin/node)
==4532==    by 0x989AB8: node::NodeMainInstance::NodeMainInstance(node::SnapshotData const*, uv_loop_s*, node::MultiIsolatePlatform*, std::vector<std::__cxx11::basic_string<char, std::char_traits<char>, std::allocator<char> >, std::allocator<std::__cxx11::basic_string<char, std::char_traits<char>, std::allocator<char> > > > const&, std::vector<std::__cxx11::basic_string<char, std::char_traits<char>, std::allocator<char> >, std::allocator<std::__cxx11::basic_string<char, std::char_traits<char>, std::allocator<char> > > > const&) (in /mnt/c/Users/guido/AppData/Local/Temp/rustdom-pr54-abort-retention-e991d78927094e13876cb3cd1a13dacf/.tools/node-v24.20.0-linux-x64/bin/node)
==4532==    by 0x8C7198: node::Start(int, char**) (in /mnt/c/Users/guido/AppData/Local/Temp/rustdom-pr54-abort-retention-e991d78927094e13876cb3cd1a13dacf/.tools/node-v24.20.0-linux-x64/bin/node)
==4532== 
==4532== 120 bytes in 1 blocks are still reachable in loss record 16 of 24
==4532==    at 0x73E1899: malloc (in /mnt/c/Users/guido/ghq/projects/rustdom/.tools/valgrind/usr/libexec/valgrind/vgpreload_memcheck-amd64-linux.so)
==4532==    by 0x26DEB09: init_entry(char const*, char const*, UErrorCode*) (in /mnt/c/Users/guido/AppData/Local/Temp/rustdom-pr54-abort-retention-e991d78927094e13876cb3cd1a13dacf/.tools/node-v24.20.0-linux-x64/bin/node)
==4532==    by 0x26DFA7A: ures_openDirectFillIn_78 (in /mnt/c/Users/guido/AppData/Local/Temp/rustdom-pr54-abort-retention-e991d78927094e13876cb3cd1a13dacf/.tools/node-v24.20.0-linux-x64/bin/node)
==4532==    by 0x20ABD70: icu_78::TimeZone::getTZDataVersion(UErrorCode&) (in /mnt/c/Users/guido/AppData/Local/Temp/rustdom-pr54-abort-retention-e991d78927094e13876cb3cd1a13dacf/.tools/node-v24.20.0-linux-x64/bin/node)
==4532==    by 0x99B4CD: node::Metadata::Versions::InitializeIntlVersions() (in /mnt/c/Users/guido/AppData/Local/Temp/rustdom-pr54-abort-retention-e991d78927094e13876cb3cd1a13dacf/.tools/node-v24.20.0-linux-x64/bin/node)
==4532==    by 0x8C3FB9: node::InitializeNodeWithArgsInternal(std::vector<std::__cxx11::basic_string<char, std::char_traits<char>, std::allocator<char> >, std::allocator<std::__cxx11::basic_string<char, std::char_traits<char>, std::allocator<char> > > >*, std::vector<std::__cxx11::basic_string<char, std::char_traits<char>, std::allocator<char> >, std::allocator<std::__cxx11::basic_string<char, std::char_traits<char>, std::allocator<char> > > >*, std::vector<std::__cxx11::basic_string<char, std::char_traits<char>, std::allocator<char> >, std::allocator<std::__cxx11::basic_string<char, std::char_traits<char>, std::allocator<char> > > >*, node::ProcessInitializationFlags::Flags) (in /mnt/c/Users/guido/AppData/Local/Temp/rustdom-pr54-abort-retention-e991d78927094e13876cb3cd1a13dacf/.tools/node-v24.20.0-linux-x64/bin/node)
==4532==    by 0x8C61BE: node::InitializeOncePerProcessInternal(std::vector<std::__cxx11::basic_string<char, std::char_traits<char>, std::allocator<char> >, std::allocator<std::__cxx11::basic_string<char, std::char_traits<char>, std::allocator<char> > > > const&, node::ProcessInitializationFlags::Flags) (in /mnt/c/Users/guido/AppData/Local/Temp/rustdom-pr54-abort-retention-e991d78927094e13876cb3cd1a13dacf/.tools/node-v24.20.0-linux-x64/bin/node)
==4532==    by 0x8C6F7B: node::Start(int, char**) (in /mnt/c/Users/guido/AppData/Local/Temp/rustdom-pr54-abort-retention-e991d78927094e13876cb3cd1a13dacf/.tools/node-v24.20.0-linux-x64/bin/node)
==4532==    by 0x7762D8F: (below main) (libc_start_call_main.h:58)
==4532== 
==4532== 120 bytes in 1 blocks are still reachable in loss record 17 of 24
==4532==    at 0x73E1899: malloc (in /mnt/c/Users/guido/ghq/projects/rustdom/.tools/valgrind/usr/libexec/valgrind/vgpreload_memcheck-amd64-linux.so)
==4532==    by 0x26DEB09: init_entry(char const*, char const*, UErrorCode*) (in /mnt/c/Users/guido/AppData/Local/Temp/rustdom-pr54-abort-retention-e991d78927094e13876cb3cd1a13dacf/.tools/node-v24.20.0-linux-x64/bin/node)
==4532==    by 0x26DF719: ures_openDirect_78 (in /mnt/c/Users/guido/AppData/Local/Temp/rustdom-pr54-abort-retention-e991d78927094e13876cb3cd1a13dacf/.tools/node-v24.20.0-linux-x64/bin/node)
==4532==    by 0x20E34F1: ulocdata_getCLDRVersion_78 (in /mnt/c/Users/guido/AppData/Local/Temp/rustdom-pr54-abort-retention-e991d78927094e13876cb3cd1a13dacf/.tools/node-v24.20.0-linux-x64/bin/node)
==4532==    by 0x99B4E1: node::Metadata::Versions::InitializeIntlVersions() (in /mnt/c/Users/guido/AppData/Local/Temp/rustdom-pr54-abort-retention-e991d78927094e13876cb3cd1a13dacf/.tools/node-v24.20.0-linux-x64/bin/node)
==4532==    by 0x8C3FB9: node::InitializeNodeWithArgsInternal(std::vector<std::__cxx11::basic_string<char, std::char_traits<char>, std::allocator<char> >, std::allocator<std::__cxx11::basic_string<char, std::char_traits<char>, std::allocator<char> > > >*, std::vector<std::__cxx11::basic_string<char, std::char_traits<char>, std::allocator<char> >, std::allocator<std::__cxx11::basic_string<char, std::char_traits<char>, std::allocator<char> > > >*, std::vector<std::__cxx11::basic_string<char, std::char_traits<char>, std::allocator<char> >, std::allocator<std::__cxx11::basic_string<char, std::char_traits<char>, std::allocator<char> > > >*, node::ProcessInitializationFlags::Flags) (in /mnt/c/Users/guido/AppData/Local/Temp/rustdom-pr54-abort-retention-e991d78927094e13876cb3cd1a13dacf/.tools/node-v24.20.0-linux-x64/bin/node)
==4532==    by 0x8C61BE: node::InitializeOncePerProcessInternal(std::vector<std::__cxx11::basic_string<char, std::char_traits<char>, std::allocator<char> >, std::allocator<std::__cxx11::basic_string<char, std::char_traits<char>, std::allocator<char> > > > const&, node::ProcessInitializationFlags::Flags) (in /mnt/c/Users/guido/AppData/Local/Temp/rustdom-pr54-abort-retention-e991d78927094e13876cb3cd1a13dacf/.tools/node-v24.20.0-linux-x64/bin/node)
==4532==    by 0x8C6F7B: node::Start(int, char**) (in /mnt/c/Users/guido/AppData/Local/Temp/rustdom-pr54-abort-retention-e991d78927094e13876cb3cd1a13dacf/.tools/node-v24.20.0-linux-x64/bin/node)
==4532==    by 0x7762D8F: (below main) (libc_start_call_main.h:58)
==4532== 
==4532== 128 bytes in 1 blocks are still reachable in loss record 18 of 24
==4532==    at 0x73E2013: operator new(unsigned long) (in /mnt/c/Users/guido/ghq/projects/rustdom/.tools/valgrind/usr/libexec/valgrind/vgpreload_memcheck-amd64-linux.so)
==4532==    by 0x9D4683: node::PerIsolatePlatformData::PerIsolatePlatformData(v8::Isolate*, uv_loop_s*, node::PlatformDebugLogLevel) (in /mnt/c/Users/guido/AppData/Local/Temp/rustdom-pr54-abort-retention-e991d78927094e13876cb3cd1a13dacf/.tools/node-v24.20.0-linux-x64/bin/node)
==4532==    by 0x9D726C: node::NodePlatform::RegisterIsolate(v8::Isolate*, uv_loop_s*) (in /mnt/c/Users/guido/AppData/Local/Temp/rustdom-pr54-abort-retention-e991d78927094e13876cb3cd1a13dacf/.tools/node-v24.20.0-linux-x64/bin/node)
==4532==    by 0x807AF8: node::NewIsolate(v8::Isolate::CreateParams*, uv_loop_s*, node::MultiIsolatePlatform*, node::SnapshotData const*, node::IsolateSettings const&) (in /mnt/c/Users/guido/AppData/Local/Temp/rustdom-pr54-abort-retention-e991d78927094e13876cb3cd1a13dacf/.tools/node-v24.20.0-linux-x64/bin/node)
==4532==    by 0x989AB8: node::NodeMainInstance::NodeMainInstance(node::SnapshotData const*, uv_loop_s*, node::MultiIsolatePlatform*, std::vector<std::__cxx11::basic_string<char, std::char_traits<char>, std::allocator<char> >, std::allocator<std::__cxx11::basic_string<char, std::char_traits<char>, std::allocator<char> > > > const&, std::vector<std::__cxx11::basic_string<char, std::char_traits<char>, std::allocator<char> >, std::allocator<std::__cxx11::basic_string<char, std::char_traits<char>, std::allocator<char> > > > const&) (in /mnt/c/Users/guido/AppData/Local/Temp/rustdom-pr54-abort-retention-e991d78927094e13876cb3cd1a13dacf/.tools/node-v24.20.0-linux-x64/bin/node)
==4532==    by 0x8C7198: node::Start(int, char**) (in /mnt/c/Users/guido/AppData/Local/Temp/rustdom-pr54-abort-retention-e991d78927094e13876cb3cd1a13dacf/.tools/node-v24.20.0-linux-x64/bin/node)
==4532==    by 0x7762D8F: (below main) (libc_start_call_main.h:58)
==4532== 
==4532== 256 bytes in 1 blocks are still reachable in loss record 19 of 24
==4532==    at 0x73E17A9: malloc (in /mnt/c/Users/guido/ghq/projects/rustdom/.tools/valgrind/usr/libexec/valgrind/vgpreload_memcheck-amd64-linux.so)
==4532==    by 0x19F8C7A: uv__realloc (uv-common.c:98)
==4532==    by 0x19F8C7A: uv__reallocf (uv-common.c:106)
==4532==    by 0x19FD4D1: maybe_resize (core.c:890)
==4532==    by 0x19FD4D1: uv__io_start (core.c:964)
==4532==    by 0x19FD4D1: uv__io_init_start (core.c:998)
==4532==    by 0x1A087F0: uv__signal_loop_once_init (signal.c:273)
==4532==    by 0x1A087F0: uv__signal_loop_once_init (signal.c:260)
==4532==    by 0x1A087F0: uv_signal_init (signal.c:344)
==4532==    by 0x1A06397: uv__process_init (process.c:84)
==4532==    by 0x1A0432F: uv_loop_init (loop.c:84)
==4532==    by 0x19FB169: uv_default_loop (uv-common.c:854)
==4532==    by 0x19FB169: uv_default_loop (uv-common.c:850)
==4532==    by 0x8C6FEE: node::Start(int, char**) (in /mnt/c/Users/guido/AppData/Local/Temp/rustdom-pr54-abort-retention-e991d78927094e13876cb3cd1a13dacf/.tools/node-v24.20.0-linux-x64/bin/node)
==4532==    by 0x7762D8F: (below main) (libc_start_call_main.h:58)
==4532== 
==4532== 304 bytes in 1 blocks are possibly lost in loss record 20 of 24
==4532==    at 0x73E6A83: calloc (in /mnt/c/Users/guido/ghq/projects/rustdom/.tools/valgrind/usr/libexec/valgrind/vgpreload_memcheck-amd64-linux.so)
==4532==    by 0x6BAD7D9: calloc (rtld-malloc.h:44)
==4532==    by 0x6BAD7D9: allocate_dtv (dl-tls.c:375)
==4532==    by 0x6BAD7D9: _dl_allocate_tls (dl-tls.c:634)
==4532==    by 0x77CE774: allocate_stack (allocatestack.c:430)
==4532==    by 0x77CE774: pthread_create@@GLIBC_2.34 (pthread_create.c:647)
==4532==    by 0xB36670: node::inspector::Agent::Start(std::__cxx11::basic_string<char, std::char_traits<char>, std::allocator<char> > const&, node::DebugOptions const&, std::shared_ptr<node::ExclusiveAccess<node::HostPort, node::MutexBase<node::LibuvMutexTraits> > >, bool) (in /mnt/c/Users/guido/AppData/Local/Temp/rustdom-pr54-abort-retention-e991d78927094e13876cb3cd1a13dacf/.tools/node-v24.20.0-linux-x64/bin/node)
==4532==    by 0x8C22EE: node::Environment::InitializeInspector(std::unique_ptr<node::inspector::ParentInspectorHandle, std::default_delete<node::inspector::ParentInspectorHandle> >) (in /mnt/c/Users/guido/AppData/Local/Temp/rustdom-pr54-abort-retention-e991d78927094e13876cb3cd1a13dacf/.tools/node-v24.20.0-linux-x64/bin/node)
==4532==    by 0x80C68D: node::CreateEnvironment(node::IsolateData*, v8::Local<v8::Context>, std::vector<std::__cxx11::basic_string<char, std::char_traits<char>, std::allocator<char> >, std::allocator<std::__cxx11::basic_string<char, std::char_traits<char>, std::allocator<char> > > > const&, std::vector<std::__cxx11::basic_string<char, std::char_traits<char>, std::allocator<char> >, std::allocator<std::__cxx11::basic_string<char, std::char_traits<char>, std::allocator<char> > > > const&, node::EnvironmentFlags::Flags, node::ThreadId, std::unique_ptr<node::InspectorParentHandle, std::default_delete<node::InspectorParentHandle> >, std::basic_string_view<char, std::char_traits<char> >) (in /mnt/c/Users/guido/AppData/Local/Temp/rustdom-pr54-abort-retention-e991d78927094e13876cb3cd1a13dacf/.tools/node-v24.20.0-linux-x64/bin/node)
==4532==    by 0x80C878: node::CreateEnvironment(node::IsolateData*, v8::Local<v8::Context>, std::vector<std::__cxx11::basic_string<char, std::char_traits<char>, std::allocator<char> >, std::allocator<std::__cxx11::basic_string<char, std::char_traits<char>, std::allocator<char> > > > const&, std::vector<std::__cxx11::basic_string<char, std::char_traits<char>, std::allocator<char> >, std::allocator<std::__cxx11::basic_string<char, std::char_traits<char>, std::allocator<char> > > > const&, node::EnvironmentFlags::Flags, node::ThreadId, std::unique_ptr<node::InspectorParentHandle, std::default_delete<node::InspectorParentHandle> >) (in /mnt/c/Users/guido/AppData/Local/Temp/rustdom-pr54-abort-retention-e991d78927094e13876cb3cd1a13dacf/.tools/node-v24.20.0-linux-x64/bin/node)
==4532==    by 0x989D3E: node::NodeMainInstance::CreateMainEnvironment(node::ExitCode*) (in /mnt/c/Users/guido/AppData/Local/Temp/rustdom-pr54-abort-retention-e991d78927094e13876cb3cd1a13dacf/.tools/node-v24.20.0-linux-x64/bin/node)
==4532==    by 0x989F40: node::NodeMainInstance::Run() (in /mnt/c/Users/guido/AppData/Local/Temp/rustdom-pr54-abort-retention-e991d78927094e13876cb3cd1a13dacf/.tools/node-v24.20.0-linux-x64/bin/node)
==4532==    by 0x8C71A4: node::Start(int, char**) (in /mnt/c/Users/guido/AppData/Local/Temp/rustdom-pr54-abort-retention-e991d78927094e13876cb3cd1a13dacf/.tools/node-v24.20.0-linux-x64/bin/node)
==4532==    by 0x7762D8F: (below main) (libc_start_call_main.h:58)
==4532== 
==4532== 448 bytes in 1 blocks are still reachable in loss record 21 of 24
==4532==    at 0x73E6A83: calloc (in /mnt/c/Users/guido/ghq/projects/rustdom/.tools/valgrind/usr/libexec/valgrind/vgpreload_memcheck-amd64-linux.so)
==4532==    by 0x1A04144: uv_loop_init (loop.c:39)
==4532==    by 0x19FB169: uv_default_loop (uv-common.c:854)
==4532==    by 0x19FB169: uv_default_loop (uv-common.c:850)
==4532==    by 0x8C6FEE: node::Start(int, char**) (in /mnt/c/Users/guido/AppData/Local/Temp/rustdom-pr54-abort-retention-e991d78927094e13876cb3cd1a13dacf/.tools/node-v24.20.0-linux-x64/bin/node)
==4532==    by 0x7762D8F: (below main) (libc_start_call_main.h:58)
==4532== 
==4532== 504 bytes in 1 blocks are still reachable in loss record 22 of 24
==4532==    at 0x73E2013: operator new(unsigned long) (in /mnt/c/Users/guido/ghq/projects/rustdom/.tools/valgrind/usr/libexec/valgrind/vgpreload_memcheck-amd64-linux.so)
==4532==    by 0x9D7230: node::NodePlatform::RegisterIsolate(v8::Isolate*, uv_loop_s*) (in /mnt/c/Users/guido/AppData/Local/Temp/rustdom-pr54-abort-retention-e991d78927094e13876cb3cd1a13dacf/.tools/node-v24.20.0-linux-x64/bin/node)
==4532==    by 0x807AF8: node::NewIsolate(v8::Isolate::CreateParams*, uv_loop_s*, node::MultiIsolatePlatform*, node::SnapshotData const*, node::IsolateSettings const&) (in /mnt/c/Users/guido/AppData/Local/Temp/rustdom-pr54-abort-retention-e991d78927094e13876cb3cd1a13dacf/.tools/node-v24.20.0-linux-x64/bin/node)
==4532==    by 0x989AB8: node::NodeMainInstance::NodeMainInstance(node::SnapshotData const*, uv_loop_s*, node::MultiIsolatePlatform*, std::vector<std::__cxx11::basic_string<char, std::char_traits<char>, std::allocator<char> >, std::allocator<std::__cxx11::basic_string<char, std::char_traits<char>, std::allocator<char> > > > const&, std::vector<std::__cxx11::basic_string<char, std::char_traits<char>, std::allocator<char> >, std::allocator<std::__cxx11::basic_string<char, std::char_traits<char>, std::allocator<char> > > > const&) (in /mnt/c/Users/guido/AppData/Local/Temp/rustdom-pr54-abort-retention-e991d78927094e13876cb3cd1a13dacf/.tools/node-v24.20.0-linux-x64/bin/node)
==4532==    by 0x8C7198: node::Start(int, char**) (in /mnt/c/Users/guido/AppData/Local/Temp/rustdom-pr54-abort-retention-e991d78927094e13876cb3cd1a13dacf/.tools/node-v24.20.0-linux-x64/bin/node)
==4532==    by 0x7762D8F: (below main) (libc_start_call_main.h:58)
==4532== 
==4532== 3,048 bytes in 1 blocks are still reachable in loss record 23 of 24
==4532==    at 0x73E1899: malloc (in /mnt/c/Users/guido/ghq/projects/rustdom/.tools/valgrind/usr/libexec/valgrind/vgpreload_memcheck-amd64-linux.so)
==4532==    by 0x2695174: uhash_open_78 (in /mnt/c/Users/guido/AppData/Local/Temp/rustdom-pr54-abort-retention-e991d78927094e13876cb3cd1a13dacf/.tools/node-v24.20.0-linux-x64/bin/node)
==4532==    by 0x26DFA19: ures_openDirectFillIn_78 (in /mnt/c/Users/guido/AppData/Local/Temp/rustdom-pr54-abort-retention-e991d78927094e13876cb3cd1a13dacf/.tools/node-v24.20.0-linux-x64/bin/node)
==4532==    by 0x20ABD70: icu_78::TimeZone::getTZDataVersion(UErrorCode&) (in /mnt/c/Users/guido/AppData/Local/Temp/rustdom-pr54-abort-retention-e991d78927094e13876cb3cd1a13dacf/.tools/node-v24.20.0-linux-x64/bin/node)
==4532==    by 0x99B4CD: node::Metadata::Versions::InitializeIntlVersions() (in /mnt/c/Users/guido/AppData/Local/Temp/rustdom-pr54-abort-retention-e991d78927094e13876cb3cd1a13dacf/.tools/node-v24.20.0-linux-x64/bin/node)
==4532==    by 0x8C3FB9: node::InitializeNodeWithArgsInternal(std::vector<std::__cxx11::basic_string<char, std::char_traits<char>, std::allocator<char> >, std::allocator<std::__cxx11::basic_string<char, std::char_traits<char>, std::allocator<char> > > >*, std::vector<std::__cxx11::basic_string<char, std::char_traits<char>, std::allocator<char> >, std::allocator<std::__cxx11::basic_string<char, std::char_traits<char>, std::allocator<char> > > >*, std::vector<std::__cxx11::basic_string<char, std::char_traits<char>, std::allocator<char> >, std::allocator<std::__cxx11::basic_string<char, std::char_traits<char>, std::allocator<char> > > >*, node::ProcessInitializationFlags::Flags) (in /mnt/c/Users/guido/AppData/Local/Temp/rustdom-pr54-abort-retention-e991d78927094e13876cb3cd1a13dacf/.tools/node-v24.20.0-linux-x64/bin/node)
==4532==    by 0x8C61BE: node::InitializeOncePerProcessInternal(std::vector<std::__cxx11::basic_string<char, std::char_traits<char>, std::allocator<char> >, std::allocator<std::__cxx11::basic_string<char, std::char_traits<char>, std::allocator<char> > > > const&, node::ProcessInitializationFlags::Flags) (in /mnt/c/Users/guido/AppData/Local/Temp/rustdom-pr54-abort-retention-e991d78927094e13876cb3cd1a13dacf/.tools/node-v24.20.0-linux-x64/bin/node)
==4532==    by 0x8C6F7B: node::Start(int, char**) (in /mnt/c/Users/guido/AppData/Local/Temp/rustdom-pr54-abort-retention-e991d78927094e13876cb3cd1a13dacf/.tools/node-v24.20.0-linux-x64/bin/node)
==4532==    by 0x7762D8F: (below main) (libc_start_call_main.h:58)
==4532== 
==4532== 3,048 bytes in 1 blocks are still reachable in loss record 24 of 24
==4532==    at 0x73E1899: malloc (in /mnt/c/Users/guido/ghq/projects/rustdom/.tools/valgrind/usr/libexec/valgrind/vgpreload_memcheck-amd64-linux.so)
==4532==    by 0x2695174: uhash_open_78 (in /mnt/c/Users/guido/AppData/Local/Temp/rustdom-pr54-abort-retention-e991d78927094e13876cb3cd1a13dacf/.tools/node-v24.20.0-linux-x64/bin/node)
==4532==    by 0x26A05E3: icu_78::locale_set_default_internal(char const*, UErrorCode&) (in /mnt/c/Users/guido/AppData/Local/Temp/rustdom-pr54-abort-retention-e991d78927094e13876cb3cd1a13dacf/.tools/node-v24.20.0-linux-x64/bin/node)
==4532==    by 0x26A08DE: icu_78::Locale::Locale() (in /mnt/c/Users/guido/AppData/Local/Temp/rustdom-pr54-abort-retention-e991d78927094e13876cb3cd1a13dacf/.tools/node-v24.20.0-linux-x64/bin/node)
==4532==    by 0xE43862: v8::internal::Isolate::DefaultLocale[abi:cxx11]() (in /mnt/c/Users/guido/AppData/Local/Temp/rustdom-pr54-abort-retention-e991d78927094e13876cb3cd1a13dacf/.tools/node-v24.20.0-linux-x64/bin/node)
==4532==    by 0xE43D73: v8::internal::LocalIsolate::LocalIsolate(v8::internal::Isolate*, v8::internal::ThreadKind) (in /mnt/c/Users/guido/AppData/Local/Temp/rustdom-pr54-abort-retention-e991d78927094e13876cb3cd1a13dacf/.tools/node-v24.20.0-linux-x64/bin/node)
==4532==    by 0xE41537: v8::internal::Isolate::Init(v8::internal::SnapshotData*, v8::internal::SnapshotData*, v8::internal::SnapshotData*, bool) (in /mnt/c/Users/guido/AppData/Local/Temp/rustdom-pr54-abort-retention-e991d78927094e13876cb3cd1a13dacf/.tools/node-v24.20.0-linux-x64/bin/node)
==4532==    by 0x141DAD2: v8::internal::Snapshot::Initialize(v8::internal::Isolate*) (in /mnt/c/Users/guido/AppData/Local/Temp/rustdom-pr54-abort-retention-e991d78927094e13876cb3cd1a13dacf/.tools/node-v24.20.0-linux-x64/bin/node)
==4532==    by 0xC8ABD5: v8::Isolate::Initialize(v8::Isolate*, v8::Isolate::CreateParams const&) (in /mnt/c/Users/guido/AppData/Local/Temp/rustdom-pr54-abort-retention-e991d78927094e13876cb3cd1a13dacf/.tools/node-v24.20.0-linux-x64/bin/node)
==4532==    by 0x807B3F: node::NewIsolate(v8::Isolate::CreateParams*, uv_loop_s*, node::MultiIsolatePlatform*, node::SnapshotData const*, node::IsolateSettings const&) (in /mnt/c/Users/guido/AppData/Local/Temp/rustdom-pr54-abort-retention-e991d78927094e13876cb3cd1a13dacf/.tools/node-v24.20.0-linux-x64/bin/node)
==4532==    by 0x989AB8: node::NodeMainInstance::NodeMainInstance(node::SnapshotData const*, uv_loop_s*, node::MultiIsolatePlatform*, std::vector<std::__cxx11::basic_string<char, std::char_traits<char>, std::allocator<char> >, std::allocator<std::__cxx11::basic_string<char, std::char_traits<char>, std::allocator<char> > > > const&, std::vector<std::__cxx11::basic_string<char, std::char_traits<char>, std::allocator<char> >, std::allocator<std::__cxx11::basic_string<char, std::char_traits<char>, std::allocator<char> > > > const&) (in /mnt/c/Users/guido/AppData/Local/Temp/rustdom-pr54-abort-retention-e991d78927094e13876cb3cd1a13dacf/.tools/node-v24.20.0-linux-x64/bin/node)
==4532==    by 0x8C7198: node::Start(int, char**) (in /mnt/c/Users/guido/AppData/Local/Temp/rustdom-pr54-abort-retention-e991d78927094e13876cb3cd1a13dacf/.tools/node-v24.20.0-linux-x64/bin/node)
==4532== 
==4532== LEAK SUMMARY:
==4532==    definitely lost: 56 bytes in 2 blocks
==4532==    indirectly lost: 0 bytes in 0 blocks
==4532==      possibly lost: 304 bytes in 1 blocks
==4532==    still reachable: 8,214 bytes in 21 blocks
==4532==         suppressed: 0 bytes in 0 blocks
==4532== 
==4532== Use --track-origins=yes to see where uninitialised values come from
==4532== For lists of detected and suppressed errors, rerun with: -s
==4532== ERROR SUMMARY: 28945 errors from 8 contexts (suppressed: 0 from 0)
