==2452537== Memcheck, a memory error detector
==2452537== Copyright (C) 2002-2017, and GNU GPL'd, by Julian Seward et al.
==2452537== Using Valgrind-3.18.1 and LibVEX; rerun with -h for copyright info
==2452537== Command: /mnt/c/Users/guido/ghq/projects/rustdom/target/debug/deps/rustdom-afa52160b18d3955 --test-threads=1 --exact --test dom::root_hosts::tests::should_distinguish_shadow_roots_from_template_hosts_across_live_moves dom::root_hosts::tests::should_register_early_constructor_roles_and_preserve_failed_metadata_writes dom::root_hosts::tests::should_reject_cycles_and_invalid_handles_without_materializing_reservations dom::root_hosts::tests::should_reject_invalid_retarget_inputs_and_bound_cross_host_cycles dom::root_hosts::tests::should_release_both_directions_and_reclaim_capacity_with_a_live_root_remaining dom::root_hosts::tests::should_replace_owners_without_clearing_unrelated_roots_and_restore_root_links_after_moves dom::root_hosts::tests::should_retarget_disjoint_trees_without_changing_or_retaining_their_nodes dom::root_hosts::tests::should_retarget_to_the_first_host_visible_from_each_reference_root dom::serialization::tests::should_escape_html_and_preserve_isolated_utf16_units dom::serialization::tests::should_preserve_existing_data_when_metadata_decoding_fails dom::serialization::tests::should_reject_missing_serialization_data_without_consuming_reservations dom::serialization::tests::should_reject_template_cycles_without_unbounded_recursion dom::slot_assignment_driver::tests::should_cancel_failed_captured_plans_without_committing_or_dropping_accepted_signals dom::slot_assignment_driver::tests::should_commit_captured_candidates_and_follow_the_cursor_captured_before_signaling dom::slot_assignment_driver::tests::should_finish_large_unchanged_trees_in_one_step_without_allocating_persistent_state dom::slot_assignment_driver::tests::should_preserve_completed_prefixes_and_reject_invalid_roots_without_activating_handles dom::slot_assignment_driver::tests::should_restore_backlinks_without_signaling_when_the_cached_nodes_are_unchanged dom::slot_assignments::tests::should_capture_before_signaling_and_commit_the_original_snapshot_after_changes dom::slot_assignments::tests::should_reclaim_large_snapshots_while_the_slot_and_members_remain_alive dom::slot_assignments::tests::should_reject_invalid_snapshots_and_retyping_before_any_state_changes dom::slot_assignments::tests::should_remove_shared_members_and_duplicate_ids_in_either_finalization_order dom::slot_backlinks::tests::should_preserve_recorded_backlinks_independently_of_topology_names_and_cache dom::slot_backlinks::tests::should_reclaim_shared_and_distinct_owner_capacity_while_nodes_remain_alive dom::slot_backlinks::tests::should_reject_invalid_links_and_metadata_before_modifying_state_or_reservations dom::slot_backlinks::tests::should_release_shared_and_self_backlinks_in_either_finalization_order dom::slot_flatten::tests::should_distinguish_assigned_cdata_from_fallback_and_preserve_order dom::slot_flatten::tests::should_flatten_deep_fallback_without_recursive_control_state dom::slot_flatten::tests::should_reject_raw_assignment_cycles_without_modifying_the_tree dom::slot_flatten::tests::should_reject_unknown_inputs_and_release_resources_with_snapshots_retained dom::slot_signals::tests::should_deduplicate_in_first_signal_order_and_separate_reentrant_batches dom::slot_signals::tests::should_discard_finalized_slots_and_reclaim_burst_capacity_with_a_live_slot_remaining dom::slot_signals::tests::should_reject_invalid_roles_and_handles_without_accepting_partial_state
==2452537== Parent PID: 2451971
==2452537== 
==2452537== 
==2452537== HEAP SUMMARY:
==2452537==     in use at exit: 592 bytes in 2 blocks
==2452537==   total heap usage: 65,759 allocs, 65,757 frees, 17,653,560 bytes allocated
==2452537== 
==2452537== 48 bytes in 1 blocks are possibly lost in loss record 1 of 2
==2452537==    at 0x4848899: malloc (in /mnt/c/Users/guido/ghq/projects/rustdom/.tools/valgrind/usr/libexec/valgrind/vgpreload_memcheck-amd64-linux.so)
==2452537==    by 0x725E0E: _RNvMs_NtNtCs9k3SxhrAWiO_3std6thread6threadNtB4_6Thread3new (unix.rs:14)
==2452537==    by 0x733989: _RNvNtNtCs9k3SxhrAWiO_3std6thread7current12init_current (current.rs:294)
==2452537==    by 0x71A7AF: _RNvMNtNtNtCs9k3SxhrAWiO_3std4sync4mpmc7contextNtB2_7Context3new (current.rs:251)
==2452537==    by 0x5D5FDA: _RINvMs0_NtNtNtNtCs9k3SxhrAWiO_3std3sys12thread_local6native4lazyINtB6_7StorageINtNtCsgxBkk5gSRhY_4core4cell4CellINtNtB1j_6option6OptionNtNtNtNtBe_4sync4mpmc7context7ContextEEuE16get_or_init_slowNvNvNvMB2b_B29_4with7CONTEXT27___rust_std_internal_init_fnECs965H7XVcgUb_4test (context.rs:43)
==2452537==    by 0x5EEDB0: _RNvMs1_NtNtNtCs9k3SxhrAWiO_3std4sync4mpmc4listINtB5_7ChannelNtNtCs965H7XVcgUb_4test5event13CompletedTestE4recvB10_ (lazy.rs:62)
==2452537==    by 0x5FB845: _RNvNtCs965H7XVcgUb_4test7console17run_tests_console (mod.rs:1014)
==2452537==    by 0x5E78AA: _RNvCs965H7XVcgUb_4test16test_main_static (lib.rs:170)
==2452537==    by 0x3DFC42: _RNvCs6HtsUHDtlUx_7rustdom4main (lib.rs:1)
==2452537==    by 0x59BCFA: _RNvYFEuINtNtNtCsgxBkk5gSRhY_4core3ops8function6FnOnceuE9call_onceCs6HtsUHDtlUx_7rustdom (library/core/src/ops/function.rs:250)
==2452537==    by 0x55D0CD: _RINvNtNtCs9k3SxhrAWiO_3std3sys9backtrace28___rust_begin_short_backtraceFEuuECs6HtsUHDtlUx_7rustdom (library/std/src/sys/backtrace.rs:166)
==2452537==    by 0x330A00: _RNCINvNtCs9k3SxhrAWiO_3std2rt10lang_startuE0Cs6HtsUHDtlUx_7rustdom (library/std/src/rt.rs:206)
==2452537== 
==2452537== 544 bytes in 1 blocks are still reachable in loss record 2 of 2
==2452537==    at 0x4848899: malloc (in /mnt/c/Users/guido/ghq/projects/rustdom/.tools/valgrind/usr/libexec/valgrind/vgpreload_memcheck-amd64-linux.so)
==2452537==    by 0x738699: _RNvNtNtNtNtNtCs9k3SxhrAWiO_3std3sys3pal4unix14stack_overflow11thread_info16set_current_info (alloc.rs:101)
==2452537==    by 0x73181F: _RNvNtCs9k3SxhrAWiO_3std2rt19lang_start_internal (stack_overflow.rs:179)
==2452537==    by 0x330556: _RINvNtCs9k3SxhrAWiO_3std2rt10lang_startuECs6HtsUHDtlUx_7rustdom (library/std/src/rt.rs:205)
==2452537==    by 0x3E118D: main (in /mnt/c/Users/guido/ghq/projects/rustdom/target/debug/deps/rustdom-afa52160b18d3955)
==2452537== 
==2452537== LEAK SUMMARY:
==2452537==    definitely lost: 0 bytes in 0 blocks
==2452537==    indirectly lost: 0 bytes in 0 blocks
==2452537==      possibly lost: 48 bytes in 1 blocks
==2452537==    still reachable: 544 bytes in 1 blocks
==2452537==         suppressed: 0 bytes in 0 blocks
==2452537== 
==2452537== For lists of detected and suppressed errors, rerun with: -s
==2452537== ERROR SUMMARY: 0 errors from 0 contexts (suppressed: 0 from 0)
