==2442996== Memcheck, a memory error detector
==2442996== Copyright (C) 2002-2017, and GNU GPL'd, by Julian Seward et al.
==2442996== Using Valgrind-3.18.1 and LibVEX; rerun with -h for copyright info
==2442996== Command: .tools/node/bin/node --jitless --expose-gc tests/helpers/file-reader-codec-memory.cjs control
==2442996== Parent PID: 2442985
==2442996== 
==2442996== Warning: set address range perms: large range [0xa390000, 0x1a39f000) (noaccess)
==2442996== 
==2442996== HEAP SUMMARY:
==2442996==     in use at exit: 58,066 bytes in 376 blocks
==2442996==   total heap usage: 93,206 allocs, 92,830 frees, 44,423,809 bytes allocated
==2442996== 
==2442996== LEAK SUMMARY:
==2442996==    definitely lost: 0 bytes in 0 blocks
==2442996==    indirectly lost: 0 bytes in 0 blocks
==2442996==      possibly lost: 45,110 bytes in 349 blocks
==2442996==    still reachable: 12,956 bytes in 27 blocks
==2442996==         suppressed: 0 bytes in 0 blocks
==2442996== Reachable blocks (those to which a pointer was found) are not shown.
==2442996== To see them, rerun with: --leak-check=full --show-leak-kinds=all
==2442996== 
==2442996== For lists of detected and suppressed errors, rerun with: -s
==2442996== ERROR SUMMARY: 0 errors from 0 contexts (suppressed: 34900 from 2)
