==2443079== Memcheck, a memory error detector
==2443079== Copyright (C) 2002-2017, and GNU GPL'd, by Julian Seward et al.
==2443079== Using Valgrind-3.18.1 and LibVEX; rerun with -h for copyright info
==2443079== Command: .tools/node/bin/node --jitless --expose-gc tests/helpers/file-reader-codec-memory.cjs native
==2443079== Parent PID: 2442985
==2443079== 
==2443079== Warning: set address range perms: large range [0xa390000, 0x1a39f000) (noaccess)
==2443079== 
==2443079== HEAP SUMMARY:
==2443079==     in use at exit: 58,182 bytes in 377 blocks
==2443079==   total heap usage: 98,131 allocs, 97,754 frees, 50,725,280 bytes allocated
==2443079== 
==2443079== LEAK SUMMARY:
==2443079==    definitely lost: 0 bytes in 0 blocks
==2443079==    indirectly lost: 0 bytes in 0 blocks
==2443079==      possibly lost: 45,226 bytes in 350 blocks
==2443079==    still reachable: 12,956 bytes in 27 blocks
==2443079==         suppressed: 0 bytes in 0 blocks
==2443079== Reachable blocks (those to which a pointer was found) are not shown.
==2443079== To see them, rerun with: --leak-check=full --show-leak-kinds=all
==2443079== 
==2443079== For lists of detected and suppressed errors, rerun with: -s
==2443079== ERROR SUMMARY: 0 errors from 0 contexts (suppressed: 34541 from 2)
