==2503233== Memcheck, a memory error detector
==2503233== Copyright (C) 2002-2017, and GNU GPL'd, by Julian Seward et al.
==2503233== Using Valgrind-3.18.1 and LibVEX; rerun with -h for copyright info
==2503233== Command: /mnt/c/Users/guido/ghq/projects/rustdom/target/debug/deps/rustdom-3793092ae12c9a52 --test-threads=1 --exact --test dom::normalization::tests::should_reject_incomplete_trees_without_materializing_reservations_or_mutating_data dom::normalization::tests::should_return_empty_removal_steps_and_read_current_siblings_after_mutations dom::observer_delivery::tests::should_cancel_buffers_without_discarding_unvisited_record_queues dom::observer_delivery::tests::should_drain_each_observer_at_its_turn_and_keep_new_batches_separate_from_captured_slots dom::observer_delivery::tests::should_reject_foreign_forests_without_consuming_their_queues_or_retaining_the_origin dom::observer_delivery::tests::should_skip_empty_observers_in_one_step_and_cancel_when_a_captured_slot_was_released dom::observer_notifications::tests::should_deduplicate_sort_and_coalesce_without_losing_reentrant_batches dom::observer_notifications::tests::should_preserve_a_scheduled_empty_job_and_reclaim_finalized_membership dom::observer_queues::tests::should_keep_independent_fifo_queues_and_never_reuse_drained_tokens dom::observer_queues::tests::should_keep_payloads_after_original_wrappers_drop_and_release_each_share_on_drain dom::observer_queues::tests::should_reclaim_large_queues_and_preserve_all_state_on_token_exhaustion dom::observer_registry::tests::should_normalize_present_false_options_and_reject_invalid_replacements_without_activation dom::observer_registry::tests::should_preserve_empty_filters_and_lossless_name_or_namespace_matching dom::observer_registry::tests::should_preserve_queued_payloads_on_registration_changes_and_clear_them_on_disconnect_or_release dom::observer_registry::tests::should_reject_invalid_handles_and_exhaustion_before_changing_registry_state dom::observer_registry::tests::should_release_both_directions_and_reclaim_capacity_without_reusing_observer_ids dom::observer_registry::tests::should_select_first_matches_and_merge_old_value_requests_across_current_ancestors dom::queries::tests::should_count_query_errors_without_activating_reserved_handles dom::queries::tests::should_delegate_unsupported_syntax_without_disabling_unrelated_trees dom::queries::tests::should_match_live_data_with_reused_selector_syntax dom::range_boundaries::tests::should_accept_topology_only_endpoints_in_every_mode dom::range_boundaries::tests::should_find_inclusive_common_ancestors_without_crossing_roots_or_retaining_nodes dom::range_boundaries::tests::should_preserve_update_order_when_crossing_endpoints_or_changing_roots dom::range_boundaries::tests::should_reject_each_unallocated_endpoint_before_any_mode_decision_without_mutation dom::range_boundaries::tests::should_reject_invalid_boundaries_before_root_decisions_without_mutation dom::range_boundaries::tests::should_resolve_relative_boundaries_and_selections_after_sibling_changes dom::range_content_queries::tests::should_reject_unallocated_endpoints_and_report_distinct_roots_without_activating_handles dom::range_content_queries::tests::should_report_doctypes_and_preserve_character_data_lengths_and_empty_selections dom::range_content_queries::tests::should_select_partial_branches_and_contained_siblings_without_mutation dom::range_contents::tests::should_deliver_character_clone_effects_in_order_without_changing_the_source dom::range_contents::tests::should_extract_character_data_after_appending_the_clone_without_explicit_collapse dom::range_contents::tests::should_move_contained_identities_and_keep_the_original_collapse_point
==2503233== Parent PID: 2502737
==2503233== 
==2503233== 
==2503233== HEAP SUMMARY:
==2503233==     in use at exit: 592 bytes in 2 blocks
==2503233==   total heap usage: 5,326 allocs, 5,324 frees, 1,776,326 bytes allocated
==2503233== 
==2503233== 48 bytes in 1 blocks are possibly lost in loss record 1 of 2
==2503233==    at 0x4848899: malloc (in /mnt/c/Users/guido/ghq/projects/rustdom/.tools/valgrind/usr/libexec/valgrind/vgpreload_memcheck-amd64-linux.so)
==2503233==    by 0x737AEE: _RNvMs_NtNtCs9k3SxhrAWiO_3std6thread6threadNtB4_6Thread3new (unix.rs:14)
==2503233==    by 0x745669: _RNvNtNtCs9k3SxhrAWiO_3std6thread7current12init_current (current.rs:294)
==2503233==    by 0x72C48F: _RNvMNtNtNtCs9k3SxhrAWiO_3std4sync4mpmc7contextNtB2_7Context3new (current.rs:251)
==2503233==    by 0x5E7CFA: _RINvMs0_NtNtNtNtCs9k3SxhrAWiO_3std3sys12thread_local6native4lazyINtB6_7StorageINtNtCsgxBkk5gSRhY_4core4cell4CellINtNtB1j_6option6OptionNtNtNtNtBe_4sync4mpmc7context7ContextEEuE16get_or_init_slowNvNvNvMB2b_B29_4with7CONTEXT27___rust_std_internal_init_fnECs965H7XVcgUb_4test (context.rs:43)
==2503233==    by 0x600AD0: _RNvMs1_NtNtNtCs9k3SxhrAWiO_3std4sync4mpmc4listINtB5_7ChannelNtNtCs965H7XVcgUb_4test5event13CompletedTestE4recvB10_ (lazy.rs:62)
==2503233==    by 0x60D565: _RNvNtCs965H7XVcgUb_4test7console17run_tests_console (mod.rs:1014)
==2503233==    by 0x5F95CA: _RNvCs965H7XVcgUb_4test16test_main_static (lib.rs:170)
==2503233==    by 0x312112: _RNvCsOWpcMbnSNv_7rustdom4main (lib.rs:1)
==2503233==    by 0x3DC80A: _RNvYFEuINtNtNtCsgxBkk5gSRhY_4core3ops8function6FnOnceuE9call_onceCsOWpcMbnSNv_7rustdom (library/core/src/ops/function.rs:250)
==2503233==    by 0x3AC35D: _RINvNtNtCs9k3SxhrAWiO_3std3sys9backtrace28___rust_begin_short_backtraceFEuuECsOWpcMbnSNv_7rustdom (library/std/src/sys/backtrace.rs:166)
==2503233==    by 0x3B7730: _RNCINvNtCs9k3SxhrAWiO_3std2rt10lang_startuE0CsOWpcMbnSNv_7rustdom (library/std/src/rt.rs:206)
==2503233== 
==2503233== 544 bytes in 1 blocks are still reachable in loss record 2 of 2
==2503233==    at 0x4848899: malloc (in /mnt/c/Users/guido/ghq/projects/rustdom/.tools/valgrind/usr/libexec/valgrind/vgpreload_memcheck-amd64-linux.so)
==2503233==    by 0x74A379: _RNvNtNtNtNtNtCs9k3SxhrAWiO_3std3sys3pal4unix14stack_overflow11thread_info16set_current_info (alloc.rs:101)
==2503233==    by 0x7434FF: _RNvNtCs9k3SxhrAWiO_3std2rt19lang_start_internal (stack_overflow.rs:179)
==2503233==    by 0x3B7716: _RINvNtCs9k3SxhrAWiO_3std2rt10lang_startuECsOWpcMbnSNv_7rustdom (library/std/src/rt.rs:205)
==2503233==    by 0x31365D: main (in /mnt/c/Users/guido/ghq/projects/rustdom/target/debug/deps/rustdom-3793092ae12c9a52)
==2503233== 
==2503233== LEAK SUMMARY:
==2503233==    definitely lost: 0 bytes in 0 blocks
==2503233==    indirectly lost: 0 bytes in 0 blocks
==2503233==      possibly lost: 48 bytes in 1 blocks
==2503233==    still reachable: 544 bytes in 1 blocks
==2503233==         suppressed: 0 bytes in 0 blocks
==2503233== 
==2503233== For lists of detected and suppressed errors, rerun with: -s
==2503233== ERROR SUMMARY: 0 errors from 0 contexts (suppressed: 0 from 0)
