==2379716== Memcheck, a memory error detector
==2379716== Copyright (C) 2002-2017, and GNU GPL'd, by Julian Seward et al.
==2379716== Using Valgrind-3.18.1 and LibVEX; rerun with -h for copyright info
==2379716== Command: /mnt/c/Users/guido/ghq/projects/rustdom/target/debug/deps/rustdom-38210ddc5d0e9ca4 web_storage --test-threads=1
==2379716== Parent PID: 2374594
==2379716== 
==2379716== 
==2379716== HEAP SUMMARY:
==2379716==     in use at exit: 592 bytes in 2 blocks
==2379716==   total heap usage: 29,468 allocs, 29,466 frees, 1,858,003 bytes allocated
==2379716== 
==2379716== 48 bytes in 1 blocks are possibly lost in loss record 1 of 2
==2379716==    at 0x4848899: malloc (in /mnt/c/Users/guido/ghq/projects/rustdom/.tools/valgrind/usr/libexec/valgrind/vgpreload_memcheck-amd64-linux.so)
==2379716==    by 0x6AFE1E: _RNvMs_NtNtCs9k3SxhrAWiO_3std6thread6threadNtB4_6Thread3new (unix.rs:14)
==2379716==    by 0x6BD999: _RNvNtNtCs9k3SxhrAWiO_3std6thread7current12init_current (current.rs:294)
==2379716==    by 0x6A47BF: _RNvMNtNtNtCs9k3SxhrAWiO_3std4sync4mpmc7contextNtB2_7Context3new (current.rs:251)
==2379716==    by 0x5A46BA: _RINvMs0_NtNtNtNtCs9k3SxhrAWiO_3std3sys12thread_local6native4lazyINtB6_7StorageINtNtCsgxBkk5gSRhY_4core4cell4CellINtNtB1j_6option6OptionNtNtNtNtBe_4sync4mpmc7context7ContextEEuE16get_or_init_slowNvNvNvMB2b_B29_4with7CONTEXT27___rust_std_internal_init_fnECs965H7XVcgUb_4test (context.rs:43)
==2379716==    by 0x5BD490: _RNvMs1_NtNtNtCs9k3SxhrAWiO_3std4sync4mpmc4listINtB5_7ChannelNtNtCs965H7XVcgUb_4test5event13CompletedTestE4recvB10_ (lazy.rs:62)
==2379716==    by 0x5C9F25: _RNvNtCs965H7XVcgUb_4test7console17run_tests_console (mod.rs:1014)
==2379716==    by 0x5B5F8A: _RNvCs965H7XVcgUb_4test16test_main_static (lib.rs:170)
==2379716==    by 0x41C1B2: _RNvCs6Mn3avBeNbh_7rustdom4main (lib.rs:1)
==2379716==    by 0x470DDA: _RNvYFEuINtNtNtCsgxBkk5gSRhY_4core3ops8function6FnOnceuE9call_onceCs6Mn3avBeNbh_7rustdom (library/core/src/ops/function.rs:250)
==2379716==    by 0x39B0AD: _RINvNtNtCs9k3SxhrAWiO_3std3sys9backtrace28___rust_begin_short_backtraceFEuuECs6Mn3avBeNbh_7rustdom (library/std/src/sys/backtrace.rs:166)
==2379716==    by 0x565D70: _RNCINvNtCs9k3SxhrAWiO_3std2rt10lang_startuE0Cs6Mn3avBeNbh_7rustdom (library/std/src/rt.rs:206)
==2379716== 
==2379716== 544 bytes in 1 blocks are still reachable in loss record 2 of 2
==2379716==    at 0x4848899: malloc (in /mnt/c/Users/guido/ghq/projects/rustdom/.tools/valgrind/usr/libexec/valgrind/vgpreload_memcheck-amd64-linux.so)
==2379716==    by 0x6C26A9: _RNvNtNtNtNtNtCs9k3SxhrAWiO_3std3sys3pal4unix14stack_overflow11thread_info16set_current_info (alloc.rs:101)
==2379716==    by 0x6BB82F: _RNvNtCs9k3SxhrAWiO_3std2rt19lang_start_internal (stack_overflow.rs:179)
==2379716==    by 0x5658D6: _RINvNtCs9k3SxhrAWiO_3std2rt10lang_startuECs6Mn3avBeNbh_7rustdom (library/std/src/rt.rs:205)
==2379716==    by 0x41D6FD: main (in /mnt/c/Users/guido/ghq/projects/rustdom/target/debug/deps/rustdom-38210ddc5d0e9ca4)
==2379716== 
==2379716== LEAK SUMMARY:
==2379716==    definitely lost: 0 bytes in 0 blocks
==2379716==    indirectly lost: 0 bytes in 0 blocks
==2379716==      possibly lost: 48 bytes in 1 blocks
==2379716==    still reachable: 544 bytes in 1 blocks
==2379716==         suppressed: 0 bytes in 0 blocks
==2379716== 
==2379716== For lists of detected and suppressed errors, rerun with: -s
==2379716== ERROR SUMMARY: 0 errors from 0 contexts (suppressed: 0 from 0)
