==2503173== Memcheck, a memory error detector
==2503173== Copyright (C) 2002-2017, and GNU GPL'd, by Julian Seward et al.
==2503173== Using Valgrind-3.18.1 and LibVEX; rerun with -h for copyright info
==2503173== Command: /mnt/c/Users/guido/ghq/projects/rustdom/target/debug/deps/rustdom-3793092ae12c9a52 --test-threads=1 --exact --test dom::mutation_production::tests::should_reject_invalid_payload_references_before_producing_any_record dom::mutation_production::tests::should_reuse_null_payloads_and_release_the_shared_data_after_all_prepared_records_drop dom::mutation_record::tests::should_keep_ordered_snapshot_ids_after_tree_changes_and_release dom::mutation_record::tests::should_preserve_nullable_lossless_fields_and_each_kind_without_mutating_the_tree dom::mutation_record::tests::should_reject_invalid_references_and_types_without_activating_reserved_handles dom::namespaces::tests::should_follow_live_declarations_and_preserve_element_namespace_precedence dom::namespaces::tests::should_preserve_utf16_declarations_and_empty_namespace_undeclarations dom::namespaces::tests::should_resolve_documents_attributes_and_text_without_crossing_fragment_boundaries dom::node_comparison::tests::should_compare_deep_trees_iteratively_without_persistent_allocations dom::node_comparison::tests::should_compare_positions_and_containment_after_moves_and_releases dom::node_comparison::tests::should_compare_unordered_attributes_without_using_namespace_prefixes dom::node_comparison::tests::should_preserve_attached_and_detached_attribute_position_contracts dom::node_comparison::tests::should_preserve_utf16_equality_across_storage_representations dom::node_constraints::tests::should_distinguish_fragment_elements_exclusive_text_and_cdata_without_mutation dom::node_constraints::tests::should_exclude_only_the_replaced_child_from_document_element_constraints dom::node_constraints::tests::should_preserve_doctype_exclusion_and_immediate_previous_sibling_for_replacement dom::node_constraints::tests::should_preserve_document_element_doctype_and_immediate_sibling_rules dom::node_constraints::tests::should_preserve_exact_element_count_in_the_pinned_fragment_replacement_rule dom::node_constraints::tests::should_reject_foreign_references_before_node_type_and_preserve_valid_kinds dom::node_constraints::tests::should_reject_missing_replacement_children_and_preserve_prefix_error_order_without_mutation dom::node_constraints::tests::should_reject_unallocated_handles_without_consuming_reservations dom::node_geometry::tests::should_follow_current_tree_roots_and_order_after_moves dom::node_geometry::tests::should_preserve_utf16_and_non_character_length_rules dom::node_geometry::tests::should_reject_reserved_and_invalid_handles_without_materialization dom::node_metadata::tests::should_keep_processing_instruction_target_through_character_data_updates dom::node_metadata::tests::should_preserve_doctype_identifiers_and_release_their_native_storage dom::node_text::tests::should_aggregate_only_descendant_text_in_current_tree_order dom::node_text::tests::should_read_each_node_kind_without_losing_utf16_units dom::node_text::tests::should_reject_missing_data_without_consuming_reserved_handles_or_mutating_the_tree dom::node_text::tests::should_reject_unallocated_or_untyped_text_writes_without_consuming_reservations dom::node_text::tests::should_select_text_write_effects_without_mutation_for_every_node_kind dom::normalization::tests::should_preserve_inclusive_candidates_and_exclusive_text_boundaries
==2503173== Parent PID: 2502737
==2503173== 
==2503173== 
==2503173== HEAP SUMMARY:
==2503173==     in use at exit: 592 bytes in 2 blocks
==2503173==   total heap usage: 6,280 allocs, 6,278 frees, 6,093,325 bytes allocated
==2503173== 
==2503173== 48 bytes in 1 blocks are possibly lost in loss record 1 of 2
==2503173==    at 0x4848899: malloc (in /mnt/c/Users/guido/ghq/projects/rustdom/.tools/valgrind/usr/libexec/valgrind/vgpreload_memcheck-amd64-linux.so)
==2503173==    by 0x737AEE: _RNvMs_NtNtCs9k3SxhrAWiO_3std6thread6threadNtB4_6Thread3new (unix.rs:14)
==2503173==    by 0x745669: _RNvNtNtCs9k3SxhrAWiO_3std6thread7current12init_current (current.rs:294)
==2503173==    by 0x72C48F: _RNvMNtNtNtCs9k3SxhrAWiO_3std4sync4mpmc7contextNtB2_7Context3new (current.rs:251)
==2503173==    by 0x5E7CFA: _RINvMs0_NtNtNtNtCs9k3SxhrAWiO_3std3sys12thread_local6native4lazyINtB6_7StorageINtNtCsgxBkk5gSRhY_4core4cell4CellINtNtB1j_6option6OptionNtNtNtNtBe_4sync4mpmc7context7ContextEEuE16get_or_init_slowNvNvNvMB2b_B29_4with7CONTEXT27___rust_std_internal_init_fnECs965H7XVcgUb_4test (context.rs:43)
==2503173==    by 0x600AD0: _RNvMs1_NtNtNtCs9k3SxhrAWiO_3std4sync4mpmc4listINtB5_7ChannelNtNtCs965H7XVcgUb_4test5event13CompletedTestE4recvB10_ (lazy.rs:62)
==2503173==    by 0x60D565: _RNvNtCs965H7XVcgUb_4test7console17run_tests_console (mod.rs:1014)
==2503173==    by 0x5F95CA: _RNvCs965H7XVcgUb_4test16test_main_static (lib.rs:170)
==2503173==    by 0x312112: _RNvCsOWpcMbnSNv_7rustdom4main (lib.rs:1)
==2503173==    by 0x3DC80A: _RNvYFEuINtNtNtCsgxBkk5gSRhY_4core3ops8function6FnOnceuE9call_onceCsOWpcMbnSNv_7rustdom (library/core/src/ops/function.rs:250)
==2503173==    by 0x3AC35D: _RINvNtNtCs9k3SxhrAWiO_3std3sys9backtrace28___rust_begin_short_backtraceFEuuECsOWpcMbnSNv_7rustdom (library/std/src/sys/backtrace.rs:166)
==2503173==    by 0x3B7730: _RNCINvNtCs9k3SxhrAWiO_3std2rt10lang_startuE0CsOWpcMbnSNv_7rustdom (library/std/src/rt.rs:206)
==2503173== 
==2503173== 544 bytes in 1 blocks are still reachable in loss record 2 of 2
==2503173==    at 0x4848899: malloc (in /mnt/c/Users/guido/ghq/projects/rustdom/.tools/valgrind/usr/libexec/valgrind/vgpreload_memcheck-amd64-linux.so)
==2503173==    by 0x74A379: _RNvNtNtNtNtNtCs9k3SxhrAWiO_3std3sys3pal4unix14stack_overflow11thread_info16set_current_info (alloc.rs:101)
==2503173==    by 0x7434FF: _RNvNtCs9k3SxhrAWiO_3std2rt19lang_start_internal (stack_overflow.rs:179)
==2503173==    by 0x3B7716: _RINvNtCs9k3SxhrAWiO_3std2rt10lang_startuECsOWpcMbnSNv_7rustdom (library/std/src/rt.rs:205)
==2503173==    by 0x31365D: main (in /mnt/c/Users/guido/ghq/projects/rustdom/target/debug/deps/rustdom-3793092ae12c9a52)
==2503173== 
==2503173== LEAK SUMMARY:
==2503173==    definitely lost: 0 bytes in 0 blocks
==2503173==    indirectly lost: 0 bytes in 0 blocks
==2503173==      possibly lost: 48 bytes in 1 blocks
==2503173==    still reachable: 544 bytes in 1 blocks
==2503173==         suppressed: 0 bytes in 0 blocks
==2503173== 
==2503173== For lists of detected and suppressed errors, rerun with: -s
==2503173== ERROR SUMMARY: 0 errors from 0 contexts (suppressed: 0 from 0)
