==1131014== Memcheck, a memory error detector
==1131014== Copyright (C) 2002-2017, and GNU GPL'd, by Julian Seward et al.
==1131014== Using Valgrind-3.18.1 and LibVEX; rerun with -h for copyright info
==1131014== Command: target/debug/deps/rustdom-6e1afdc33e065ec6 dom::range_ --test-threads=1
==1131014== Parent PID: 1131012
==1131014== 
==1131014== 
==1131014== HEAP SUMMARY:
==1131014==     in use at exit: 592 bytes in 2 blocks
==1131014==   total heap usage: 1,712 allocs, 1,710 frees, 515,592 bytes allocated
==1131014== 
==1131014== 48 bytes in 1 blocks are possibly lost in loss record 1 of 2
==1131014==    at 0x4848899: malloc (in /mnt/c/Users/guido/ghq/projects/rustdom/.tools/valgrind/usr/libexec/valgrind/vgpreload_memcheck-amd64-linux.so)
==1131014==    by 0x51A7CE: _RNvMs_NtNtCs9k3SxhrAWiO_3std6thread6threadNtB4_6Thread3new (unix.rs:14)
==1131014==    by 0x528349: _RNvNtNtCs9k3SxhrAWiO_3std6thread7current12init_current (current.rs:294)
==1131014==    by 0x50F16F: _RNvMNtNtNtCs9k3SxhrAWiO_3std4sync4mpmc7contextNtB2_7Context3new (current.rs:251)
==1131014==    by 0x411C7A: _RINvMs0_NtNtNtNtCs9k3SxhrAWiO_3std3sys12thread_local6native4lazyINtB6_7StorageINtNtCsgxBkk5gSRhY_4core4cell4CellINtNtB1j_6option6OptionNtNtNtNtBe_4sync4mpmc7context7ContextEEuE16get_or_init_slowNvNvNvMB2b_B29_4with7CONTEXT27___rust_std_internal_init_fnECs965H7XVcgUb_4test (context.rs:43)
==1131014==    by 0x42AA50: _RNvMs1_NtNtNtCs9k3SxhrAWiO_3std4sync4mpmc4listINtB5_7ChannelNtNtCs965H7XVcgUb_4test5event13CompletedTestE4recvB10_ (lazy.rs:62)
==1131014==    by 0x4374E5: _RNvNtCs965H7XVcgUb_4test7console17run_tests_console (mod.rs:1014)
==1131014==    by 0x42354A: _RNvCs965H7XVcgUb_4test16test_main_static (lib.rs:170)
==1131014==    by 0x341C92: _RNvCs3X6VoE9bK28_7rustdom4main (lib.rs:1)
==1131014==    by 0x28944A: _RNvYFEuINtNtNtCsgxBkk5gSRhY_4core3ops8function6FnOnceuE9call_onceCs3X6VoE9bK28_7rustdom (library/core/src/ops/function.rs:250)
==1131014==    by 0x3ECB0D: _RINvNtNtCs9k3SxhrAWiO_3std3sys9backtrace28___rust_begin_short_backtraceFEuuECs3X6VoE9bK28_7rustdom (library/std/src/sys/backtrace.rs:166)
==1131014==    by 0x3ECB30: _RNCINvNtCs9k3SxhrAWiO_3std2rt10lang_startuE0Cs3X6VoE9bK28_7rustdom (library/std/src/rt.rs:206)
==1131014== 
==1131014== 544 bytes in 1 blocks are still reachable in loss record 2 of 2
==1131014==    at 0x4848899: malloc (in /mnt/c/Users/guido/ghq/projects/rustdom/.tools/valgrind/usr/libexec/valgrind/vgpreload_memcheck-amd64-linux.so)
==1131014==    by 0x52D059: _RNvNtNtNtNtNtCs9k3SxhrAWiO_3std3sys3pal4unix14stack_overflow11thread_info16set_current_info (alloc.rs:101)
==1131014==    by 0x5261DF: _RNvNtCs9k3SxhrAWiO_3std2rt19lang_start_internal (stack_overflow.rs:179)
==1131014==    by 0x3ECAF6: _RINvNtCs9k3SxhrAWiO_3std2rt10lang_startuECs3X6VoE9bK28_7rustdom (library/std/src/rt.rs:205)
==1131014==    by 0x3431DD: main (in /mnt/c/Users/guido/ghq/projects/rustdom/target/debug/deps/rustdom-6e1afdc33e065ec6)
==1131014== 
==1131014== LEAK SUMMARY:
==1131014==    definitely lost: 0 bytes in 0 blocks
==1131014==    indirectly lost: 0 bytes in 0 blocks
==1131014==      possibly lost: 48 bytes in 1 blocks
==1131014==    still reachable: 544 bytes in 1 blocks
==1131014==         suppressed: 0 bytes in 0 blocks
==1131014== 
==1131014== For lists of detected and suppressed errors, rerun with: -s
==1131014== ERROR SUMMARY: 0 errors from 0 contexts (suppressed: 0 from 0)
