dom::abort_state::tests::should_flatten_deduplicate_and_mark_every_dependent_before_delivery: test
dom::abort_state::tests::should_keep_algorithm_iteration_live_and_never_reuse_removed_ids: test
dom::abort_state::tests::should_reclaim_bidirectional_links_and_capacity_with_a_live_signal: test
dom::abort_state::tests::should_select_first_aborted_input_and_validate_before_mutation: test
dom::attribute_index::capacity_tests::should_compact_a_live_index_when_attributes_finalize_before_the_owner: test
dom::attribute_index::capacity_tests::should_preserve_live_aliases_when_the_ordered_collection_becomes_empty: test
dom::attribute_index::capacity_tests::should_reclaim_capacity_after_unique_attribute_bursts_on_a_live_element: test
dom::attribute_index::capacity_tests::should_reclaim_constructor_owner_sets_and_tables_as_attributes_finalize: test
dom::attribute_index::capacity_tests::should_reclaim_duplicate_name_bucket_capacity_without_changing_order: test
dom::attribute_index::capacity_tests::should_reclaim_global_tables_while_an_element_and_attribute_remain_alive: test
dom::attribute_index::capacity_tests::should_reclaim_shared_holder_capacity_without_losing_the_remaining_alias: test
dom::attribute_index::tests::should_keep_legacy_aliases_without_retaining_unreferenced_attributes: test
dom::attribute_index::tests::should_release_references_when_elements_finalize_before_attributes: test
dom::attribute_operations::tests::should_copy_host_case_changes_and_reject_invalid_profiles_atomically: test
dom::attribute_operations::tests::should_preserve_early_empty_and_idempotent_canonical_initialization: test
dom::attribute_operations::tests::should_preserve_first_seen_names_across_large_namespace_duplicate_collections: test
dom::attribute_operations::tests::should_reject_non_element_metadata_before_creating_an_attribute_collection: test
dom::attribute_operations::tests::should_reject_nonempty_snapshot_collection_initialization_atomically: test
dom::attribute_operations::tests::should_use_host_unicode_tables_for_supported_attribute_names: test
dom::attribute_operations::transition_tests::should_borrow_snapshots_and_reject_invalid_canonical_data_at_the_reader: test
dom::attribute_operations::transition_tests::should_protect_metadata_updates_without_restricting_initialization_or_retyping: test
dom::attribute_operations::transition_tests::should_reject_all_implicit_attribute_mutations_without_modifying_snapshots: test
dom::attribute_operations::transition_tests::should_seal_constructor_ownership_and_preserve_value_and_release_contracts: test
dom::attribute_operations::transition_tests::should_validate_owner_inputs_before_creating_any_collection: test
dom::attributes::tests::should_preserve_attr_names_namespaces_and_utf16_values: test
dom::attributes::tests::should_reject_invalid_attr_snapshots_without_replacing_element_data: test
dom::attributes::tests::should_reject_snapshot_initializers_without_modifying_canonical_collections: test
dom::blob_data::tests::should_clamp_slice_endpoints_and_keep_empty_spans_at_the_start: test
dom::blob_data::tests::should_normalize_only_line_endings_and_preserve_other_utf16_units: test
dom::blob_data::tests::should_validate_printable_ascii_and_lowercase_the_complete_mime_type: test
dom::boundary_points::tests::should_follow_live_moves_and_keep_attribute_ownership_outside_tree_ancestry: test
dom::boundary_points::tests::should_order_same_nodes_ancestors_and_separate_branches_at_child_boundaries: test
dom::boundary_points::tests::should_reject_invalid_handles_without_activating_reservations: test
dom::character_data::tests::should_keep_whole_text_order_and_stop_at_non_text_siblings: test
dom::character_data::tests::should_preserve_utf16_boundaries_and_reject_invalid_splices_atomically: test
dom::compact_storage::tests::should_reclaim_empty_map_buckets_when_tombstones_hide_their_capacity: test
dom::compact_storage::tests::should_reclaim_empty_set_buckets_when_tombstones_hide_their_capacity: test
dom::compact_storage::tests::should_reclaim_map_buckets_when_tombstones_hide_their_capacity: test
dom::compact_storage::tests::should_reclaim_set_buckets_when_tombstones_hide_their_capacity: test
dom::data::tests::should_preserve_surrogates_and_nul_in_dom_strings: test
dom::dom_rect::tests::should_keep_subnormal_dimensions_and_independent_copies: test
dom::dom_rect::tests::should_order_negative_dimensions_without_changing_the_origin: test
dom::dom_rect::tests::should_propagate_nan_and_preserve_overflow_and_infinities: test
dom::dom_rect::tests::should_resolve_equal_zero_edges_by_ecmascript_sign_rules: test
dom::event_listeners::tests::should_compact_unique_type_and_callback_bursts_while_preserving_history: test
dom::event_listeners::tests::should_deduplicate_by_callback_capture_and_keep_first_options: test
dom::event_listeners::tests::should_keep_removed_and_readded_records_distinct_from_snapshots: test
dom::event_listeners::tests::should_reject_exhaustion_before_mutation_but_preserve_duplicates: test
dom::event_path::tests::should_capture_then_bubble_with_target_overrides_and_current_bubbles_value: test
dom::event_path::tests::should_hide_closed_roots_without_hiding_slotted_light_targets: test
dom::event_path::tests::should_preserve_current_target_when_stopped_and_release_large_path_buffers: test
dom::event_state::tests::should_apply_phase_and_target_decisions_even_when_stopped_and_preserve_cancellation_at_finish: test
dom::event_state::tests::should_cancel_only_when_allowed_and_keep_legacy_setters_one_way: test
dom::event_state::tests::should_finish_construction_without_erasing_type_or_base_initialization_flags: test
dom::event_state::tests::should_preserve_dispatch_error_order_and_change_trust_only_after_acceptance: test
dom::event_state::tests::should_preserve_timestamp_composed_and_dispatch_guards_during_initialization: test
dom::file_reader::tests::should_match_legacy_utf16_incomplete_suffix_handling: test
dom::file_reader::tests::should_preserve_bom_priority_fallback_and_replacement_encoding: test
dom::file_reader::tests::should_reject_overlapping_reads_and_consume_shared_abort_once: test
dom::form_data::tests::should_preserve_order_and_first_position_when_replacing_duplicates: test
dom::form_data::tests::should_preserve_utf16_names_and_reclaim_capacity_with_one_entry_alive: test
dom::form_data::tests::should_reject_exhausted_new_identities_without_changing_existing_entries: test
dom::mutation_production::tests::should_map_observers_to_unique_payloads_without_reordering_or_retaining_empty_batches: test
dom::mutation_production::tests::should_preserve_order_and_old_value_variants_without_mutating_queues_or_tree: test
dom::mutation_production::tests::should_reject_invalid_payload_references_before_producing_any_record: test
dom::mutation_production::tests::should_reuse_null_payloads_and_release_the_shared_data_after_all_prepared_records_drop: test
dom::mutation_record::tests::should_keep_ordered_snapshot_ids_after_tree_changes_and_release: test
dom::mutation_record::tests::should_preserve_nullable_lossless_fields_and_each_kind_without_mutating_the_tree: test
dom::mutation_record::tests::should_reject_invalid_references_and_types_without_activating_reserved_handles: test
dom::namespaces::tests::should_follow_live_declarations_and_preserve_element_namespace_precedence: test
dom::namespaces::tests::should_preserve_utf16_declarations_and_empty_namespace_undeclarations: test
dom::namespaces::tests::should_resolve_documents_attributes_and_text_without_crossing_fragment_boundaries: test
dom::node_comparison::tests::should_compare_deep_trees_iteratively_without_persistent_allocations: test
dom::node_comparison::tests::should_compare_positions_and_containment_after_moves_and_releases: test
dom::node_comparison::tests::should_compare_unordered_attributes_without_using_namespace_prefixes: test
dom::node_comparison::tests::should_preserve_attached_and_detached_attribute_position_contracts: test
dom::node_comparison::tests::should_preserve_utf16_equality_across_storage_representations: test
dom::node_constraints::tests::should_distinguish_fragment_elements_exclusive_text_and_cdata_without_mutation: test
dom::node_constraints::tests::should_exclude_only_the_replaced_child_from_document_element_constraints: test
dom::node_constraints::tests::should_preserve_doctype_exclusion_and_immediate_previous_sibling_for_replacement: test
dom::node_constraints::tests::should_preserve_document_element_doctype_and_immediate_sibling_rules: test
dom::node_constraints::tests::should_preserve_exact_element_count_in_the_pinned_fragment_replacement_rule: test
dom::node_constraints::tests::should_reject_foreign_references_before_node_type_and_preserve_valid_kinds: test
dom::node_constraints::tests::should_reject_missing_replacement_children_and_preserve_prefix_error_order_without_mutation: test
dom::node_constraints::tests::should_reject_unallocated_handles_without_consuming_reservations: test
dom::node_geometry::tests::should_follow_current_tree_roots_and_order_after_moves: test
dom::node_geometry::tests::should_preserve_utf16_and_non_character_length_rules: test
dom::node_geometry::tests::should_reject_reserved_and_invalid_handles_without_materialization: test
dom::node_metadata::tests::should_keep_processing_instruction_target_through_character_data_updates: test
dom::node_metadata::tests::should_preserve_doctype_identifiers_and_release_their_native_storage: test
dom::node_text::tests::should_aggregate_only_descendant_text_in_current_tree_order: test
dom::node_text::tests::should_read_each_node_kind_without_losing_utf16_units: test
dom::node_text::tests::should_reject_missing_data_without_consuming_reserved_handles_or_mutating_the_tree: test
dom::node_text::tests::should_reject_unallocated_or_untyped_text_writes_without_consuming_reservations: test
dom::node_text::tests::should_select_text_write_effects_without_mutation_for_every_node_kind: test
dom::normalization::tests::should_preserve_inclusive_candidates_and_exclusive_text_boundaries: test
dom::normalization::tests::should_reject_incomplete_trees_without_materializing_reservations_or_mutating_data: test
dom::normalization::tests::should_return_empty_removal_steps_and_read_current_siblings_after_mutations: test
dom::observer_delivery::tests::should_cancel_buffers_without_discarding_unvisited_record_queues: test
dom::observer_delivery::tests::should_drain_each_observer_at_its_turn_and_keep_new_batches_separate_from_captured_slots: test
dom::observer_delivery::tests::should_reject_foreign_forests_without_consuming_their_queues_or_retaining_the_origin: test
dom::observer_delivery::tests::should_skip_empty_observers_in_one_step_and_cancel_when_a_captured_slot_was_released: test
dom::observer_notifications::tests::should_deduplicate_sort_and_coalesce_without_losing_reentrant_batches: test
dom::observer_notifications::tests::should_preserve_a_scheduled_empty_job_and_reclaim_finalized_membership: test
dom::observer_queues::tests::should_keep_independent_fifo_queues_and_never_reuse_drained_tokens: test
dom::observer_queues::tests::should_keep_payloads_after_original_wrappers_drop_and_release_each_share_on_drain: test
dom::observer_queues::tests::should_reclaim_large_queues_and_preserve_all_state_on_token_exhaustion: test
dom::observer_registry::tests::should_normalize_present_false_options_and_reject_invalid_replacements_without_activation: test
dom::observer_registry::tests::should_preserve_empty_filters_and_lossless_name_or_namespace_matching: test
dom::observer_registry::tests::should_preserve_queued_payloads_on_registration_changes_and_clear_them_on_disconnect_or_release: test
dom::observer_registry::tests::should_reject_invalid_handles_and_exhaustion_before_changing_registry_state: test
dom::observer_registry::tests::should_release_both_directions_and_reclaim_capacity_without_reusing_observer_ids: test
dom::observer_registry::tests::should_select_first_matches_and_merge_old_value_requests_across_current_ancestors: test
dom::queries::tests::should_count_query_errors_without_activating_reserved_handles: test
dom::queries::tests::should_delegate_unsupported_syntax_without_disabling_unrelated_trees: test
dom::queries::tests::should_match_live_data_with_reused_selector_syntax: test
dom::range_boundaries::tests::should_accept_topology_only_endpoints_in_every_mode: test
dom::range_boundaries::tests::should_find_inclusive_common_ancestors_without_crossing_roots_or_retaining_nodes: test
dom::range_boundaries::tests::should_preserve_update_order_when_crossing_endpoints_or_changing_roots: test
dom::range_boundaries::tests::should_reject_each_unallocated_endpoint_before_any_mode_decision_without_mutation: test
dom::range_boundaries::tests::should_reject_invalid_boundaries_before_root_decisions_without_mutation: test
dom::range_boundaries::tests::should_resolve_relative_boundaries_and_selections_after_sibling_changes: test
dom::range_content_queries::tests::should_reject_unallocated_endpoints_and_report_distinct_roots_without_activating_handles: test
dom::range_content_queries::tests::should_report_doctypes_and_preserve_character_data_lengths_and_empty_selections: test
dom::range_content_queries::tests::should_select_partial_branches_and_contained_siblings_without_mutation: test
dom::range_contents::tests::should_deliver_character_clone_effects_in_order_without_changing_the_source: test
dom::range_contents::tests::should_extract_character_data_after_appending_the_clone_without_explicit_collapse: test
dom::range_contents::tests::should_move_contained_identities_and_keep_the_original_collapse_point: test
dom::range_contents::tests::should_preserve_doctype_and_root_errors_after_creating_the_result_fragment: test
dom::range_contents::tests::should_read_first_removal_length_again_after_the_append_effect: test
dom::range_contents::tests::should_read_subrange_length_after_the_host_clone_and_append_effects: test
dom::range_contents::tests::should_reject_invalid_results_and_endpoints_without_consuming_reserved_handles: test
dom::range_context::tests::should_preserve_html_mode_namespace_case_and_utf16_metadata_in_default_body_selection: test
dom::range_context::tests::should_select_element_or_parent_element_without_crossing_fragment_roots: test
dom::range_context::tests::should_validate_both_endpoints_before_type_decisions_without_consuming_reservations: test
dom::range_control::tests::should_reject_each_unallocated_boundary_before_returning_a_comparison: test
dom::range_control::tests::should_select_the_pinned_pair_for_each_comparison_method: test
dom::range_control::tests::should_validate_method_before_roots_and_preserve_selected_inconsistent_root_errors: test
dom::range_deletion::tests::should_capture_only_outermost_removals_and_the_original_collapse_position: test
dom::range_deletion::tests::should_plan_same_character_data_slices_without_mutating_the_data: test
dom::range_deletion::tests::should_preserve_cdata_exclusion_and_reject_unallocated_endpoints_without_activation: test
dom::range_insertion::tests::should_calculate_offset_from_current_reference_and_fragment_after_mutation: test
dom::range_insertion::tests::should_reject_invalid_starts_but_defer_hierarchy_rules_to_the_existing_driver: test
dom::range_insertion::tests::should_reject_reserved_handles_before_decisions_without_allocating_or_mutating: test
dom::range_insertion::tests::should_select_text_parent_or_indexed_child_and_preserve_non_index_offsets: test
dom::range_mutations::tests::should_apply_numeric_updates_and_report_only_changed_owner_identities: test
dom::range_mutations::tests::should_keep_javascript_number_comparisons_and_reject_uninitialized_endpoints: test
dom::range_mutations::tests::should_plan_split_and_normalization_moves_without_changing_native_state: test
dom::range_mutations::tests::should_preserve_character_data_snapshot_update_order_and_leave_other_nodes_unchanged: test
dom::range_mutations::tests::should_preserve_insert_cross_node_offset_behavior_and_remove_in_separate_stages: test
dom::range_queries::tests::should_reject_unallocated_query_nodes_without_activating_reservations: test
dom::range_queries::tests::should_report_point_order_and_intersection_in_current_tree_order: test
dom::range_queries::tests::should_validate_roots_before_node_type_and_offsets_and_preserve_cdata_limits: test
dom::range_state::tests::should_clone_independently_and_plan_collapse_without_changing_either_state: test
dom::range_state::tests::should_preserve_independent_endpoint_snapshots_and_collapsed_state: test
dom::range_state::tests::should_preserve_internal_number_values_and_the_existing_query_conversion: test
dom::range_state::tests::should_reject_invalid_handles_without_replacing_either_boundary: test
dom::range_surround::tests::should_preserve_exclusive_text_rules_and_defer_later_parent_hierarchy_errors: test
dom::range_surround::tests::should_reject_partial_non_text_before_invalid_parent_type_and_allow_whole_elements: test
dom::range_surround::tests::should_reject_unallocated_handles_without_consuming_reservations_and_report_distinct_roots: test
dom::range_text::tests::should_clip_same_text_slices_without_losing_surrogates: test
dom::range_text::tests::should_collect_partial_boundaries_and_contained_text_while_excluding_cdata: test
dom::range_text::tests::should_reject_missing_metadata_without_activating_reserved_nodes: test
dom::root_hosts::tests::should_distinguish_shadow_roots_from_template_hosts_across_live_moves: test
dom::root_hosts::tests::should_register_early_constructor_roles_and_preserve_failed_metadata_writes: test
dom::root_hosts::tests::should_reject_cycles_and_invalid_handles_without_materializing_reservations: test
dom::root_hosts::tests::should_reject_invalid_retarget_inputs_and_bound_cross_host_cycles: test
dom::root_hosts::tests::should_release_both_directions_and_reclaim_capacity_with_a_live_root_remaining: test
dom::root_hosts::tests::should_replace_owners_without_clearing_unrelated_roots_and_restore_root_links_after_moves: test
dom::root_hosts::tests::should_retarget_disjoint_trees_without_changing_or_retaining_their_nodes: test
dom::root_hosts::tests::should_retarget_to_the_first_host_visible_from_each_reference_root: test
dom::serialization::tests::should_escape_html_and_preserve_isolated_utf16_units: test
dom::serialization::tests::should_preserve_existing_data_when_metadata_decoding_fails: test
dom::serialization::tests::should_reject_missing_serialization_data_without_consuming_reservations: test
dom::serialization::tests::should_reject_template_cycles_without_unbounded_recursion: test
dom::slot_assignment_driver::tests::should_cancel_failed_captured_plans_without_committing_or_dropping_accepted_signals: test
dom::slot_assignment_driver::tests::should_commit_captured_candidates_and_follow_the_cursor_captured_before_signaling: test
dom::slot_assignment_driver::tests::should_finish_large_unchanged_trees_in_one_step_without_allocating_persistent_state: test
dom::slot_assignment_driver::tests::should_preserve_completed_prefixes_and_reject_invalid_roots_without_activating_handles: test
dom::slot_assignment_driver::tests::should_restore_backlinks_without_signaling_when_the_cached_nodes_are_unchanged: test
dom::slot_assignments::tests::should_capture_before_signaling_and_commit_the_original_snapshot_after_changes: test
dom::slot_assignments::tests::should_reclaim_large_snapshots_while_the_slot_and_members_remain_alive: test
dom::slot_assignments::tests::should_reject_invalid_snapshots_and_retyping_before_any_state_changes: test
dom::slot_assignments::tests::should_remove_shared_members_and_duplicate_ids_in_either_finalization_order: test
dom::slot_backlinks::tests::should_preserve_recorded_backlinks_independently_of_topology_names_and_cache: test
dom::slot_backlinks::tests::should_reclaim_shared_and_distinct_owner_capacity_while_nodes_remain_alive: test
dom::slot_backlinks::tests::should_reject_invalid_links_and_metadata_before_modifying_state_or_reservations: test
dom::slot_backlinks::tests::should_release_shared_and_self_backlinks_in_either_finalization_order: test
dom::slot_flatten::tests::should_distinguish_assigned_cdata_from_fallback_and_preserve_order: test
dom::slot_flatten::tests::should_flatten_deep_fallback_without_recursive_control_state: test
dom::slot_flatten::tests::should_reject_raw_assignment_cycles_without_modifying_the_tree: test
dom::slot_flatten::tests::should_reject_unknown_inputs_and_release_resources_with_snapshots_retained: test
dom::slot_signals::tests::should_deduplicate_in_first_signal_order_and_separate_reentrant_batches: test
dom::slot_signals::tests::should_discard_finalized_slots_and_reclaim_burst_capacity_with_a_live_slot_remaining: test
dom::slot_signals::tests::should_reject_invalid_roles_and_handles_without_accepting_partial_state: test
dom::slot_signals::tests::should_reuse_live_slots_across_many_independent_drains_without_retaining_buffers: test
dom::slotable_names::tests::should_preserve_state_and_reservations_when_inputs_or_metadata_are_rejected: test
dom::slotable_names::tests::should_reclaim_name_capacity_while_an_unrelated_node_remains_alive: test
dom::slotable_names::tests::should_store_only_nonempty_lossless_names_and_clear_them_on_reset: test
dom::slots::tests::should_find_the_first_slot_in_current_ordinary_tree_order: test
dom::slots::tests::should_keep_template_contents_and_nodes_outside_the_root_out_of_the_search: test
dom::slots::tests::should_preserve_cdata_name_inheritance_and_ignore_comments_in_default_assignment: test
dom::slots::tests::should_preserve_query_resources_and_release_nodes_while_result_ids_remain_alive: test
dom::slots::tests::should_preserve_utf16_names_namespaces_and_canonical_attribute_updates: test
dom::slots::tests::should_reject_invalid_roots_without_mutating_or_retaining_resources: test
dom::slots::tests::should_select_immediate_host_children_for_only_the_first_named_slot: test
dom::store::tests::should_follow_metadata_retyping_in_constraints_without_changing_failed_writes: test
dom::store::tests::should_invalidate_sibling_indices_after_mutations_and_version_wrap: test
dom::store::tests::should_materialize_reserved_handles_without_reusing_released_ones: test
dom::store::tests::should_preserve_order_when_inserting_and_removing_siblings: test
dom::store::tests::should_preserve_shared_self_and_active_template_handle_allocation: test
dom::store::tests::should_reject_cycles_and_attached_insertions_without_partial_writes: test
dom::store::tests::should_reject_insertion_errors_before_materializing_reserved_handles: test
dom::store::tests::should_reject_stale_and_non_integer_handles_after_collection: test
dom::store::tests::should_release_high_water_storage_and_detach_surviving_children: test
dom::store::tests::should_release_nameless_attribute_snapshots_without_retaining_data_or_links: test
dom::store::tests::should_validate_all_metadata_handles_before_activating_either_record: test
dom::string_map::tests::should_convert_ascii_case_and_preserve_other_utf16_units: test
dom::string_map::tests::should_prioritize_invalid_property_and_skip_validation_for_deletion: test
dom::string_map::tests::should_read_first_local_name_across_namespaces_and_deduplicate_enumeration: test
dom::token_list::tests::should_parse_exact_html_space_and_keep_utf16_and_order: test
dom::token_list::tests::should_preserve_validation_precedence_for_pairs_and_variadic_calls: test
dom::token_list::tests::should_reclaim_large_storage_after_bulk_removal: test
dom::token_list::tests::should_replace_at_the_first_position_and_deduplicate: test
dom::tree_cursor::tests::should_distinguish_iterator_rejection_from_walker_pruning: test
dom::tree_cursor::tests::should_repair_positions_before_removing_subtrees: test
dom::tree_cursor::tests::should_resume_against_live_links_and_preserve_failed_position: test
dom::tree_cursor::tests::should_walk_reverse_siblings_children_and_parents: test
dom::web_storage::tests::should_keep_live_cursor_order_through_delete_reinsert_and_clear: test
dom::web_storage::tests::should_preserve_empty_old_values_and_numeric_quota_edges: test
dom::web_storage::tests::should_release_capacity_without_discarding_a_surviving_entry: test
dom::web_storage::tests::should_track_utf16_quota_and_preserve_overwrite_order: test
tests::should_decode_entities_and_repair_tables_when_parsing_html: test
tests::should_handle_deep_trees_without_recursive_encoding: test
tests::should_preserve_template_contents_when_encoding_a_fragment: test
xml::doctype::tests::should_extract_only_exact_nonempty_entity_patterns_in_order: test
xml::doctype::tests::should_preserve_priority_quotes_whitespace_and_embedded_matches: test
xml::input::tests::should_normalize_newlines_and_count_scalar_columns_over_utf16_offsets: test
xml::input::tests::should_preserve_saxes_surrogate_behavior_and_reject_disallowed_units: test
xml::serialize_text::tests::should_distinguish_xml_character_name_and_public_identifier_rules: test
xml::serialize_text::tests::should_escape_xml_without_replacing_isolated_utf16_units: test
xml::tests::should_emit_comment_and_close_before_the_corresponding_fatal_error: test
xml::tests::should_preserve_entity_values_without_recursive_expansion: test
xml::tests::should_preserve_namespace_resolution_and_attribute_order: test
