==2406150== Memcheck, a memory error detector
==2406150== Copyright (C) 2002-2017, and GNU GPL'd, by Julian Seward et al.
==2406150== Using Valgrind-3.18.1 and LibVEX; rerun with -h for copyright info
==2406150== Command: .tools/node/bin/node --jitless --expose-gc tests/helpers/blob-bytes-memory.cjs control
==2406150== Parent PID: 2406148
==2406150== 
==2406150== Warning: set address range perms: large range [0xa390000, 0x1a39f000) (noaccess)
==2406150== 
==2406150== HEAP SUMMARY:
==2406150==     in use at exit: 8,518 bytes in 22 blocks
==2406150==   total heap usage: 82,468 allocs, 82,446 frees, 39,431,563 bytes allocated
==2406150== 
==2406150== LEAK SUMMARY:
==2406150==    definitely lost: 0 bytes in 0 blocks
==2406150==    indirectly lost: 0 bytes in 0 blocks
==2406150==      possibly lost: 304 bytes in 1 blocks
==2406150==    still reachable: 8,214 bytes in 21 blocks
==2406150==         suppressed: 0 bytes in 0 blocks
==2406150== Reachable blocks (those to which a pointer was found) are not shown.
==2406150== To see them, rerun with: --leak-check=full --show-leak-kinds=all
==2406150== 
==2406150== For lists of detected and suppressed errors, rerun with: -s
==2406150== ERROR SUMMARY: 0 errors from 0 contexts (suppressed: 27428 from 2)
