==2503067== Memcheck, a memory error detector
==2503067== Copyright (C) 2002-2017, and GNU GPL'd, by Julian Seward et al.
==2503067== Using Valgrind-3.18.1 and LibVEX; rerun with -h for copyright info
==2503067== Command: /mnt/c/Users/guido/ghq/projects/rustdom/target/debug/deps/rustdom-3793092ae12c9a52 --test-threads=1 --exact --test dom::boundary_points::tests::should_reject_invalid_handles_without_activating_reservations dom::character_data::tests::should_keep_whole_text_order_and_stop_at_non_text_siblings dom::character_data::tests::should_preserve_utf16_boundaries_and_reject_invalid_splices_atomically dom::compact_storage::tests::should_reclaim_empty_map_buckets_when_tombstones_hide_their_capacity dom::compact_storage::tests::should_reclaim_empty_set_buckets_when_tombstones_hide_their_capacity dom::compact_storage::tests::should_reclaim_map_buckets_when_tombstones_hide_their_capacity dom::compact_storage::tests::should_reclaim_set_buckets_when_tombstones_hide_their_capacity dom::data::tests::should_preserve_surrogates_and_nul_in_dom_strings dom::dom_rect::tests::should_keep_subnormal_dimensions_and_independent_copies dom::dom_rect::tests::should_order_negative_dimensions_without_changing_the_origin dom::dom_rect::tests::should_propagate_nan_and_preserve_overflow_and_infinities dom::dom_rect::tests::should_resolve_equal_zero_edges_by_ecmascript_sign_rules dom::event_listeners::tests::should_compact_unique_type_and_callback_bursts_while_preserving_history dom::event_listeners::tests::should_deduplicate_by_callback_capture_and_keep_first_options dom::event_listeners::tests::should_keep_removed_and_readded_records_distinct_from_snapshots dom::event_listeners::tests::should_reject_exhaustion_before_mutation_but_preserve_duplicates dom::event_path::tests::should_capture_then_bubble_with_target_overrides_and_current_bubbles_value dom::event_path::tests::should_hide_closed_roots_without_hiding_slotted_light_targets dom::event_path::tests::should_preserve_current_target_when_stopped_and_release_large_path_buffers dom::event_state::tests::should_apply_phase_and_target_decisions_even_when_stopped_and_preserve_cancellation_at_finish dom::event_state::tests::should_cancel_only_when_allowed_and_keep_legacy_setters_one_way dom::event_state::tests::should_finish_construction_without_erasing_type_or_base_initialization_flags dom::event_state::tests::should_preserve_dispatch_error_order_and_change_trust_only_after_acceptance dom::event_state::tests::should_preserve_timestamp_composed_and_dispatch_guards_during_initialization dom::file_reader::tests::should_match_legacy_utf16_incomplete_suffix_handling dom::file_reader::tests::should_preserve_bom_priority_fallback_and_replacement_encoding dom::file_reader::tests::should_reject_overlapping_reads_and_consume_shared_abort_once dom::form_data::tests::should_preserve_order_and_first_position_when_replacing_duplicates dom::form_data::tests::should_preserve_utf16_names_and_reclaim_capacity_with_one_entry_alive dom::form_data::tests::should_reject_exhausted_new_identities_without_changing_existing_entries dom::mutation_production::tests::should_map_observers_to_unique_payloads_without_reordering_or_retaining_empty_batches dom::mutation_production::tests::should_preserve_order_and_old_value_variants_without_mutating_queues_or_tree
==2503067== Parent PID: 2502737
==2503067== 
==2503067== 
==2503067== HEAP SUMMARY:
==2503067==     in use at exit: 592 bytes in 2 blocks
==2503067==   total heap usage: 41,741 allocs, 41,739 frees, 11,430,367 bytes allocated
==2503067== 
==2503067== 48 bytes in 1 blocks are possibly lost in loss record 1 of 2
==2503067==    at 0x4848899: malloc (in /mnt/c/Users/guido/ghq/projects/rustdom/.tools/valgrind/usr/libexec/valgrind/vgpreload_memcheck-amd64-linux.so)
==2503067==    by 0x737AEE: _RNvMs_NtNtCs9k3SxhrAWiO_3std6thread6threadNtB4_6Thread3new (unix.rs:14)
==2503067==    by 0x745669: _RNvNtNtCs9k3SxhrAWiO_3std6thread7current12init_current (current.rs:294)
==2503067==    by 0x72C48F: _RNvMNtNtNtCs9k3SxhrAWiO_3std4sync4mpmc7contextNtB2_7Context3new (current.rs:251)
==2503067==    by 0x5E7CFA: _RINvMs0_NtNtNtNtCs9k3SxhrAWiO_3std3sys12thread_local6native4lazyINtB6_7StorageINtNtCsgxBkk5gSRhY_4core4cell4CellINtNtB1j_6option6OptionNtNtNtNtBe_4sync4mpmc7context7ContextEEuE16get_or_init_slowNvNvNvMB2b_B29_4with7CONTEXT27___rust_std_internal_init_fnECs965H7XVcgUb_4test (context.rs:43)
==2503067==    by 0x600AD0: _RNvMs1_NtNtNtCs9k3SxhrAWiO_3std4sync4mpmc4listINtB5_7ChannelNtNtCs965H7XVcgUb_4test5event13CompletedTestE4recvB10_ (lazy.rs:62)
==2503067==    by 0x60D565: _RNvNtCs965H7XVcgUb_4test7console17run_tests_console (mod.rs:1014)
==2503067==    by 0x5F95CA: _RNvCs965H7XVcgUb_4test16test_main_static (lib.rs:170)
==2503067==    by 0x312112: _RNvCsOWpcMbnSNv_7rustdom4main (lib.rs:1)
==2503067==    by 0x3DC80A: _RNvYFEuINtNtNtCsgxBkk5gSRhY_4core3ops8function6FnOnceuE9call_onceCsOWpcMbnSNv_7rustdom (library/core/src/ops/function.rs:250)
==2503067==    by 0x3AC35D: _RINvNtNtCs9k3SxhrAWiO_3std3sys9backtrace28___rust_begin_short_backtraceFEuuECsOWpcMbnSNv_7rustdom (library/std/src/sys/backtrace.rs:166)
==2503067==    by 0x3B7730: _RNCINvNtCs9k3SxhrAWiO_3std2rt10lang_startuE0CsOWpcMbnSNv_7rustdom (library/std/src/rt.rs:206)
==2503067== 
==2503067== 544 bytes in 1 blocks are still reachable in loss record 2 of 2
==2503067==    at 0x4848899: malloc (in /mnt/c/Users/guido/ghq/projects/rustdom/.tools/valgrind/usr/libexec/valgrind/vgpreload_memcheck-amd64-linux.so)
==2503067==    by 0x74A379: _RNvNtNtNtNtNtCs9k3SxhrAWiO_3std3sys3pal4unix14stack_overflow11thread_info16set_current_info (alloc.rs:101)
==2503067==    by 0x7434FF: _RNvNtCs9k3SxhrAWiO_3std2rt19lang_start_internal (stack_overflow.rs:179)
==2503067==    by 0x3B7716: _RINvNtCs9k3SxhrAWiO_3std2rt10lang_startuECsOWpcMbnSNv_7rustdom (library/std/src/rt.rs:205)
==2503067==    by 0x31365D: main (in /mnt/c/Users/guido/ghq/projects/rustdom/target/debug/deps/rustdom-3793092ae12c9a52)
==2503067== 
==2503067== LEAK SUMMARY:
==2503067==    definitely lost: 0 bytes in 0 blocks
==2503067==    indirectly lost: 0 bytes in 0 blocks
==2503067==      possibly lost: 48 bytes in 1 blocks
==2503067==    still reachable: 544 bytes in 1 blocks
==2503067==         suppressed: 0 bytes in 0 blocks
==2503067== 
==2503067== For lists of detected and suppressed errors, rerun with: -s
==2503067== ERROR SUMMARY: 0 errors from 0 contexts (suppressed: 0 from 0)
