==2452304== Memcheck, a memory error detector
==2452304== Copyright (C) 2002-2017, and GNU GPL'd, by Julian Seward et al.
==2452304== Using Valgrind-3.18.1 and LibVEX; rerun with -h for copyright info
==2452304== Command: /mnt/c/Users/guido/ghq/projects/rustdom/target/debug/deps/rustdom-afa52160b18d3955 --test-threads=1 --exact --test dom::boundary_points::tests::should_reject_invalid_handles_without_activating_reservations dom::character_data::tests::should_keep_whole_text_order_and_stop_at_non_text_siblings dom::character_data::tests::should_preserve_utf16_boundaries_and_reject_invalid_splices_atomically dom::compact_storage::tests::should_reclaim_empty_map_buckets_when_tombstones_hide_their_capacity dom::compact_storage::tests::should_reclaim_empty_set_buckets_when_tombstones_hide_their_capacity dom::compact_storage::tests::should_reclaim_map_buckets_when_tombstones_hide_their_capacity dom::compact_storage::tests::should_reclaim_set_buckets_when_tombstones_hide_their_capacity dom::data::tests::should_preserve_surrogates_and_nul_in_dom_strings dom::dom_rect::tests::should_keep_subnormal_dimensions_and_independent_copies dom::dom_rect::tests::should_order_negative_dimensions_without_changing_the_origin dom::dom_rect::tests::should_propagate_nan_and_preserve_overflow_and_infinities dom::dom_rect::tests::should_resolve_equal_zero_edges_by_ecmascript_sign_rules dom::event_listeners::tests::should_compact_unique_type_and_callback_bursts_while_preserving_history dom::event_listeners::tests::should_deduplicate_by_callback_capture_and_keep_first_options dom::event_listeners::tests::should_keep_removed_and_readded_records_distinct_from_snapshots dom::event_listeners::tests::should_reject_exhaustion_before_mutation_but_preserve_duplicates dom::event_path::tests::should_capture_then_bubble_with_target_overrides_and_current_bubbles_value dom::event_path::tests::should_hide_closed_roots_without_hiding_slotted_light_targets dom::event_path::tests::should_preserve_current_target_when_stopped_and_release_large_path_buffers dom::event_state::tests::should_apply_phase_and_target_decisions_even_when_stopped_and_preserve_cancellation_at_finish dom::event_state::tests::should_cancel_only_when_allowed_and_keep_legacy_setters_one_way dom::event_state::tests::should_finish_construction_without_erasing_type_or_base_initialization_flags dom::event_state::tests::should_preserve_dispatch_error_order_and_change_trust_only_after_acceptance dom::event_state::tests::should_preserve_timestamp_composed_and_dispatch_guards_during_initialization dom::file_reader::tests::should_match_legacy_utf16_incomplete_suffix_handling dom::file_reader::tests::should_preserve_bom_priority_fallback_and_replacement_encoding dom::file_reader::tests::should_reject_overlapping_reads_and_consume_shared_abort_once dom::mutation_production::tests::should_map_observers_to_unique_payloads_without_reordering_or_retaining_empty_batches dom::mutation_production::tests::should_preserve_order_and_old_value_variants_without_mutating_queues_or_tree dom::mutation_production::tests::should_reject_invalid_payload_references_before_producing_any_record dom::mutation_production::tests::should_reuse_null_payloads_and_release_the_shared_data_after_all_prepared_records_drop dom::mutation_record::tests::should_keep_ordered_snapshot_ids_after_tree_changes_and_release
==2452304== Parent PID: 2451971
==2452304== 
==2452304== 
==2452304== HEAP SUMMARY:
==2452304==     in use at exit: 592 bytes in 2 blocks
==2452304==   total heap usage: 31,686 allocs, 31,684 frees, 10,810,792 bytes allocated
==2452304== 
==2452304== 48 bytes in 1 blocks are possibly lost in loss record 1 of 2
==2452304==    at 0x4848899: malloc (in /mnt/c/Users/guido/ghq/projects/rustdom/.tools/valgrind/usr/libexec/valgrind/vgpreload_memcheck-amd64-linux.so)
==2452304==    by 0x725E0E: _RNvMs_NtNtCs9k3SxhrAWiO_3std6thread6threadNtB4_6Thread3new (unix.rs:14)
==2452304==    by 0x733989: _RNvNtNtCs9k3SxhrAWiO_3std6thread7current12init_current (current.rs:294)
==2452304==    by 0x71A7AF: _RNvMNtNtNtCs9k3SxhrAWiO_3std4sync4mpmc7contextNtB2_7Context3new (current.rs:251)
==2452304==    by 0x5D5FDA: _RINvMs0_NtNtNtNtCs9k3SxhrAWiO_3std3sys12thread_local6native4lazyINtB6_7StorageINtNtCsgxBkk5gSRhY_4core4cell4CellINtNtB1j_6option6OptionNtNtNtNtBe_4sync4mpmc7context7ContextEEuE16get_or_init_slowNvNvNvMB2b_B29_4with7CONTEXT27___rust_std_internal_init_fnECs965H7XVcgUb_4test (context.rs:43)
==2452304==    by 0x5EEDB0: _RNvMs1_NtNtNtCs9k3SxhrAWiO_3std4sync4mpmc4listINtB5_7ChannelNtNtCs965H7XVcgUb_4test5event13CompletedTestE4recvB10_ (lazy.rs:62)
==2452304==    by 0x5FB845: _RNvNtCs965H7XVcgUb_4test7console17run_tests_console (mod.rs:1014)
==2452304==    by 0x5E78AA: _RNvCs965H7XVcgUb_4test16test_main_static (lib.rs:170)
==2452304==    by 0x3DFC42: _RNvCs6HtsUHDtlUx_7rustdom4main (lib.rs:1)
==2452304==    by 0x59BCFA: _RNvYFEuINtNtNtCsgxBkk5gSRhY_4core3ops8function6FnOnceuE9call_onceCs6HtsUHDtlUx_7rustdom (library/core/src/ops/function.rs:250)
==2452304==    by 0x55D0CD: _RINvNtNtCs9k3SxhrAWiO_3std3sys9backtrace28___rust_begin_short_backtraceFEuuECs6HtsUHDtlUx_7rustdom (library/std/src/sys/backtrace.rs:166)
==2452304==    by 0x330A00: _RNCINvNtCs9k3SxhrAWiO_3std2rt10lang_startuE0Cs6HtsUHDtlUx_7rustdom (library/std/src/rt.rs:206)
==2452304== 
==2452304== 544 bytes in 1 blocks are still reachable in loss record 2 of 2
==2452304==    at 0x4848899: malloc (in /mnt/c/Users/guido/ghq/projects/rustdom/.tools/valgrind/usr/libexec/valgrind/vgpreload_memcheck-amd64-linux.so)
==2452304==    by 0x738699: _RNvNtNtNtNtNtCs9k3SxhrAWiO_3std3sys3pal4unix14stack_overflow11thread_info16set_current_info (alloc.rs:101)
==2452304==    by 0x73181F: _RNvNtCs9k3SxhrAWiO_3std2rt19lang_start_internal (stack_overflow.rs:179)
==2452304==    by 0x330556: _RINvNtCs9k3SxhrAWiO_3std2rt10lang_startuECs6HtsUHDtlUx_7rustdom (library/std/src/rt.rs:205)
==2452304==    by 0x3E118D: main (in /mnt/c/Users/guido/ghq/projects/rustdom/target/debug/deps/rustdom-afa52160b18d3955)
==2452304== 
==2452304== LEAK SUMMARY:
==2452304==    definitely lost: 0 bytes in 0 blocks
==2452304==    indirectly lost: 0 bytes in 0 blocks
==2452304==      possibly lost: 48 bytes in 1 blocks
==2452304==    still reachable: 544 bytes in 1 blocks
==2452304==         suppressed: 0 bytes in 0 blocks
==2452304== 
==2452304== For lists of detected and suppressed errors, rerun with: -s
==2452304== ERROR SUMMARY: 0 errors from 0 contexts (suppressed: 0 from 0)
