==2414143== Memcheck, a memory error detector
==2414143== Copyright (C) 2002-2017, and GNU GPL'd, by Julian Seward et al.
==2414143== Using Valgrind-3.18.1 and LibVEX; rerun with -h for copyright info
==2414143== Command: /mnt/c/Users/guido/ghq/projects/rustdom/target/debug/deps/rustdom-d0ffa7dbc22314e0 blob_data --test-threads=1
==2414143== Parent PID: 2408001
==2414143== 
==2414143== 
==2414143== HEAP SUMMARY:
==2414143==     in use at exit: 592 bytes in 2 blocks
==2414143==   total heap usage: 708 allocs, 706 frees, 117,284 bytes allocated
==2414143== 
==2414143== 48 bytes in 1 blocks are possibly lost in loss record 1 of 2
==2414143==    at 0x4848899: malloc (in /mnt/c/Users/guido/ghq/projects/rustdom/.tools/valgrind/usr/libexec/valgrind/vgpreload_memcheck-amd64-linux.so)
==2414143==    by 0x6B292E: _RNvMs_NtNtCs9k3SxhrAWiO_3std6thread6threadNtB4_6Thread3new (unix.rs:14)
==2414143==    by 0x6C04A9: _RNvNtNtCs9k3SxhrAWiO_3std6thread7current12init_current (current.rs:294)
==2414143==    by 0x6A72CF: _RNvMNtNtNtCs9k3SxhrAWiO_3std4sync4mpmc7contextNtB2_7Context3new (current.rs:251)
==2414143==    by 0x5A74FA: _RINvMs0_NtNtNtNtCs9k3SxhrAWiO_3std3sys12thread_local6native4lazyINtB6_7StorageINtNtCsgxBkk5gSRhY_4core4cell4CellINtNtB1j_6option6OptionNtNtNtNtBe_4sync4mpmc7context7ContextEEuE16get_or_init_slowNvNvNvMB2b_B29_4with7CONTEXT27___rust_std_internal_init_fnECs965H7XVcgUb_4test (context.rs:43)
==2414143==    by 0x5C02D0: _RNvMs1_NtNtNtCs9k3SxhrAWiO_3std4sync4mpmc4listINtB5_7ChannelNtNtCs965H7XVcgUb_4test5event13CompletedTestE4recvB10_ (lazy.rs:62)
==2414143==    by 0x5CCD65: _RNvNtCs965H7XVcgUb_4test7console17run_tests_console (mod.rs:1014)
==2414143==    by 0x5B8DCA: _RNvCs965H7XVcgUb_4test16test_main_static (lib.rs:170)
==2414143==    by 0x4C3F02: _RNvCs5uhuLbYMup_7rustdom4main (lib.rs:1)
==2414143==    by 0x4338EA: _RNvYFEuINtNtNtCsgxBkk5gSRhY_4core3ops8function6FnOnceuE9call_onceCs5uhuLbYMup_7rustdom (library/core/src/ops/function.rs:250)
==2414143==    by 0x3D554D: _RINvNtNtCs9k3SxhrAWiO_3std3sys9backtrace28___rust_begin_short_backtraceFEuuECs5uhuLbYMup_7rustdom (library/std/src/sys/backtrace.rs:166)
==2414143==    by 0x2D7A30: _RNCINvNtCs9k3SxhrAWiO_3std2rt10lang_startuE0Cs5uhuLbYMup_7rustdom (library/std/src/rt.rs:206)
==2414143== 
==2414143== 544 bytes in 1 blocks are still reachable in loss record 2 of 2
==2414143==    at 0x4848899: malloc (in /mnt/c/Users/guido/ghq/projects/rustdom/.tools/valgrind/usr/libexec/valgrind/vgpreload_memcheck-amd64-linux.so)
==2414143==    by 0x6C51B9: _RNvNtNtNtNtNtCs9k3SxhrAWiO_3std3sys3pal4unix14stack_overflow11thread_info16set_current_info (alloc.rs:101)
==2414143==    by 0x6BE33F: _RNvNtCs9k3SxhrAWiO_3std2rt19lang_start_internal (stack_overflow.rs:179)
==2414143==    by 0x2D75C6: _RINvNtCs9k3SxhrAWiO_3std2rt10lang_startuECs5uhuLbYMup_7rustdom (library/std/src/rt.rs:205)
==2414143==    by 0x4C544D: main (in /mnt/c/Users/guido/ghq/projects/rustdom/target/debug/deps/rustdom-d0ffa7dbc22314e0)
==2414143== 
==2414143== LEAK SUMMARY:
==2414143==    definitely lost: 0 bytes in 0 blocks
==2414143==    indirectly lost: 0 bytes in 0 blocks
==2414143==      possibly lost: 48 bytes in 1 blocks
==2414143==    still reachable: 544 bytes in 1 blocks
==2414143==         suppressed: 0 bytes in 0 blocks
==2414143== 
==2414143== For lists of detected and suppressed errors, rerun with: -s
==2414143== ERROR SUMMARY: 0 errors from 0 contexts (suppressed: 0 from 0)
