==929990== Memcheck, a memory error detector
==929990== Copyright (C) 2002-2017, and GNU GPL'd, by Julian Seward et al.
==929990== Using Valgrind-3.18.1 and LibVEX; rerun with -h for copyright info
==929990== Command: /mnt/c/Users/guido/ghq/projects/rustdom/target/debug/deps/rustdom-6e1afdc33e065ec6 --test-threads=1
==929990== Parent PID: 929952
==929990== 
==929990== 
==929990== HEAP SUMMARY:
==929990==     in use at exit: 592 bytes in 2 blocks
==929990==   total heap usage: 2,114,662 allocs, 2,114,660 frees, 138,022,013 bytes allocated
==929990== 
==929990== 48 bytes in 1 blocks are possibly lost in loss record 1 of 2
==929990==    at 0x4848899: malloc (in /mnt/c/Users/guido/ghq/projects/rustdom/.tools/valgrind/usr/libexec/valgrind/vgpreload_memcheck-amd64-linux.so)
==929990==    by 0x4D32BE: _RNvMs_NtNtCs9k3SxhrAWiO_3std6thread6threadNtB4_6Thread3new (unix.rs:14)
==929990==    by 0x4E0E39: _RNvNtNtCs9k3SxhrAWiO_3std6thread7current12init_current (current.rs:294)
==929990==    by 0x4C7C5F: _RNvMNtNtNtCs9k3SxhrAWiO_3std4sync4mpmc7contextNtB2_7Context3new (current.rs:251)
==929990==    by 0x3CA91A: _RINvMs0_NtNtNtNtCs9k3SxhrAWiO_3std3sys12thread_local6native4lazyINtB6_7StorageINtNtCsgxBkk5gSRhY_4core4cell4CellINtNtB1j_6option6OptionNtNtNtNtBe_4sync4mpmc7context7ContextEEuE16get_or_init_slowNvNvNvMB2b_B29_4with7CONTEXT27___rust_std_internal_init_fnECs965H7XVcgUb_4test (context.rs:43)
==929990==    by 0x3E36F0: _RNvMs1_NtNtNtCs9k3SxhrAWiO_3std4sync4mpmc4listINtB5_7ChannelNtNtCs965H7XVcgUb_4test5event13CompletedTestE4recvB10_ (lazy.rs:62)
==929990==    by 0x3F0185: _RNvNtCs965H7XVcgUb_4test7console17run_tests_console (mod.rs:1014)
==929990==    by 0x3DC1EA: _RNvCs965H7XVcgUb_4test16test_main_static (lib.rs:170)
==929990==    by 0x3109E2: _RNvCs3X6VoE9bK28_7rustdom4main (lib.rs:1)
==929990==    by 0x2790CA: _RNvYFEuINtNtNtCsgxBkk5gSRhY_4core3ops8function6FnOnceuE9call_onceCs3X6VoE9bK28_7rustdom (library/core/src/ops/function.rs:250)
==929990==    by 0x349A4D: _RINvNtNtCs9k3SxhrAWiO_3std3sys9backtrace28___rust_begin_short_backtraceFEuuECs3X6VoE9bK28_7rustdom (library/std/src/sys/backtrace.rs:166)
==929990==    by 0x27C780: _RNCINvNtCs9k3SxhrAWiO_3std2rt10lang_startuE0Cs3X6VoE9bK28_7rustdom (library/std/src/rt.rs:206)
==929990== 
==929990== 544 bytes in 1 blocks are still reachable in loss record 2 of 2
==929990==    at 0x4848899: malloc (in /mnt/c/Users/guido/ghq/projects/rustdom/.tools/valgrind/usr/libexec/valgrind/vgpreload_memcheck-amd64-linux.so)
==929990==    by 0x4E5B49: _RNvNtNtNtNtNtCs9k3SxhrAWiO_3std3sys3pal4unix14stack_overflow11thread_info16set_current_info (alloc.rs:101)
==929990==    by 0x4DECCF: _RNvNtCs9k3SxhrAWiO_3std2rt19lang_start_internal (stack_overflow.rs:179)
==929990==    by 0x27C766: _RINvNtCs9k3SxhrAWiO_3std2rt10lang_startuECs3X6VoE9bK28_7rustdom (library/std/src/rt.rs:205)
==929990==    by 0x311F2D: main (in /mnt/c/Users/guido/ghq/projects/rustdom/target/debug/deps/rustdom-6e1afdc33e065ec6)
==929990== 
==929990== LEAK SUMMARY:
==929990==    definitely lost: 0 bytes in 0 blocks
==929990==    indirectly lost: 0 bytes in 0 blocks
==929990==      possibly lost: 48 bytes in 1 blocks
==929990==    still reachable: 544 bytes in 1 blocks
==929990==         suppressed: 0 bytes in 0 blocks
==929990== 
==929990== For lists of detected and suppressed errors, rerun with: -s
==929990== ERROR SUMMARY: 0 errors from 0 contexts (suppressed: 0 from 0)
