==1052396== Memcheck, a memory error detector
==1052396== Copyright (C) 2002-2017, and GNU GPL'd, by Julian Seward et al.
==1052396== Using Valgrind-3.18.1 and LibVEX; rerun with -h for copyright info
==1052396== Command: target/debug/deps/rustdom-6e1afdc33e065ec6 dom::range_boundaries::tests --test-threads=1
==1052396== Parent PID: 1052026
==1052396== 
==1052396== 
==1052396== HEAP SUMMARY:
==1052396==     in use at exit: 592 bytes in 2 blocks
==1052396==   total heap usage: 901 allocs, 899 frees, 369,980 bytes allocated
==1052396== 
==1052396== 48 bytes in 1 blocks are possibly lost in loss record 1 of 2
==1052396==    at 0x4848899: malloc (in /mnt/c/Users/guido/ghq/projects/rustdom/.tools/valgrind/usr/libexec/valgrind/vgpreload_memcheck-amd64-linux.so)
==1052396==    by 0x4FE75E: _RNvMs_NtNtCs9k3SxhrAWiO_3std6thread6threadNtB4_6Thread3new (unix.rs:14)
==1052396==    by 0x50C2D9: _RNvNtNtCs9k3SxhrAWiO_3std6thread7current12init_current (current.rs:294)
==1052396==    by 0x4F30FF: _RNvMNtNtNtCs9k3SxhrAWiO_3std4sync4mpmc7contextNtB2_7Context3new (current.rs:251)
==1052396==    by 0x3F5C2A: _RINvMs0_NtNtNtNtCs9k3SxhrAWiO_3std3sys12thread_local6native4lazyINtB6_7StorageINtNtCsgxBkk5gSRhY_4core4cell4CellINtNtB1j_6option6OptionNtNtNtNtBe_4sync4mpmc7context7ContextEEuE16get_or_init_slowNvNvNvMB2b_B29_4with7CONTEXT27___rust_std_internal_init_fnECs965H7XVcgUb_4test (context.rs:43)
==1052396==    by 0x40EA00: _RNvMs1_NtNtNtCs9k3SxhrAWiO_3std4sync4mpmc4listINtB5_7ChannelNtNtCs965H7XVcgUb_4test5event13CompletedTestE4recvB10_ (lazy.rs:62)
==1052396==    by 0x41B495: _RNvNtCs965H7XVcgUb_4test7console17run_tests_console (mod.rs:1014)
==1052396==    by 0x4074FA: _RNvCs965H7XVcgUb_4test16test_main_static (lib.rs:170)
==1052396==    by 0x32F362: _RNvCs3X6VoE9bK28_7rustdom4main (lib.rs:1)
==1052396==    by 0x2836CA: _RNvYFEuINtNtNtCsgxBkk5gSRhY_4core3ops8function6FnOnceuE9call_onceCs3X6VoE9bK28_7rustdom (library/core/src/ops/function.rs:250)
==1052396==    by 0x2D31ED: _RINvNtNtCs9k3SxhrAWiO_3std3sys9backtrace28___rust_begin_short_backtraceFEuuECs3X6VoE9bK28_7rustdom (library/std/src/sys/backtrace.rs:166)
==1052396==    by 0x328860: _RNCINvNtCs9k3SxhrAWiO_3std2rt10lang_startuE0Cs3X6VoE9bK28_7rustdom (library/std/src/rt.rs:206)
==1052396== 
==1052396== 544 bytes in 1 blocks are still reachable in loss record 2 of 2
==1052396==    at 0x4848899: malloc (in /mnt/c/Users/guido/ghq/projects/rustdom/.tools/valgrind/usr/libexec/valgrind/vgpreload_memcheck-amd64-linux.so)
==1052396==    by 0x510FE9: _RNvNtNtNtNtNtCs9k3SxhrAWiO_3std3sys3pal4unix14stack_overflow11thread_info16set_current_info (alloc.rs:101)
==1052396==    by 0x50A16F: _RNvNtCs9k3SxhrAWiO_3std2rt19lang_start_internal (stack_overflow.rs:179)
==1052396==    by 0x328846: _RINvNtCs9k3SxhrAWiO_3std2rt10lang_startuECs3X6VoE9bK28_7rustdom (library/std/src/rt.rs:205)
==1052396==    by 0x3308AD: main (in /mnt/c/Users/guido/ghq/projects/rustdom/.cache/rustdom-range-handles-05b0fc307a874595afa296d92578b581/target/debug/deps/rustdom-6e1afdc33e065ec6)
==1052396== 
==1052396== LEAK SUMMARY:
==1052396==    definitely lost: 0 bytes in 0 blocks
==1052396==    indirectly lost: 0 bytes in 0 blocks
==1052396==      possibly lost: 48 bytes in 1 blocks
==1052396==    still reachable: 544 bytes in 1 blocks
==1052396==         suppressed: 0 bytes in 0 blocks
==1052396== 
==1052396== For lists of detected and suppressed errors, rerun with: -s
==1052396== ERROR SUMMARY: 0 errors from 0 contexts (suppressed: 0 from 0)
