==2452022== Memcheck, a memory error detector
==2452022== Copyright (C) 2002-2017, and GNU GPL'd, by Julian Seward et al.
==2452022== Using Valgrind-3.18.1 and LibVEX; rerun with -h for copyright info
==2452022== Command: /mnt/c/Users/guido/ghq/projects/rustdom/target/debug/deps/rustdom-afa52160b18d3955 --test-threads=1 --exact --test dom::abort_state::tests::should_flatten_deduplicate_and_mark_every_dependent_before_delivery dom::abort_state::tests::should_keep_algorithm_iteration_live_and_never_reuse_removed_ids dom::abort_state::tests::should_reclaim_bidirectional_links_and_capacity_with_a_live_signal dom::abort_state::tests::should_select_first_aborted_input_and_validate_before_mutation dom::attribute_index::capacity_tests::should_compact_a_live_index_when_attributes_finalize_before_the_owner dom::attribute_index::capacity_tests::should_preserve_live_aliases_when_the_ordered_collection_becomes_empty dom::attribute_index::capacity_tests::should_reclaim_capacity_after_unique_attribute_bursts_on_a_live_element dom::attribute_index::capacity_tests::should_reclaim_constructor_owner_sets_and_tables_as_attributes_finalize dom::attribute_index::capacity_tests::should_reclaim_duplicate_name_bucket_capacity_without_changing_order dom::attribute_index::capacity_tests::should_reclaim_global_tables_while_an_element_and_attribute_remain_alive dom::attribute_index::capacity_tests::should_reclaim_shared_holder_capacity_without_losing_the_remaining_alias dom::attribute_index::tests::should_keep_legacy_aliases_without_retaining_unreferenced_attributes dom::attribute_index::tests::should_release_references_when_elements_finalize_before_attributes dom::attribute_operations::tests::should_copy_host_case_changes_and_reject_invalid_profiles_atomically dom::attribute_operations::tests::should_preserve_early_empty_and_idempotent_canonical_initialization dom::attribute_operations::tests::should_preserve_first_seen_names_across_large_namespace_duplicate_collections dom::attribute_operations::tests::should_reject_non_element_metadata_before_creating_an_attribute_collection dom::attribute_operations::tests::should_reject_nonempty_snapshot_collection_initialization_atomically dom::attribute_operations::tests::should_use_host_unicode_tables_for_supported_attribute_names dom::attribute_operations::transition_tests::should_borrow_snapshots_and_reject_invalid_canonical_data_at_the_reader dom::attribute_operations::transition_tests::should_protect_metadata_updates_without_restricting_initialization_or_retyping dom::attribute_operations::transition_tests::should_reject_all_implicit_attribute_mutations_without_modifying_snapshots dom::attribute_operations::transition_tests::should_seal_constructor_ownership_and_preserve_value_and_release_contracts dom::attribute_operations::transition_tests::should_validate_owner_inputs_before_creating_any_collection dom::attributes::tests::should_preserve_attr_names_namespaces_and_utf16_values dom::attributes::tests::should_reject_invalid_attr_snapshots_without_replacing_element_data dom::attributes::tests::should_reject_snapshot_initializers_without_modifying_canonical_collections dom::blob_data::tests::should_clamp_slice_endpoints_and_keep_empty_spans_at_the_start dom::blob_data::tests::should_normalize_only_line_endings_and_preserve_other_utf16_units dom::blob_data::tests::should_validate_printable_ascii_and_lowercase_the_complete_mime_type dom::boundary_points::tests::should_follow_live_moves_and_keep_attribute_ownership_outside_tree_ancestry dom::boundary_points::tests::should_order_same_nodes_ancestors_and_separate_branches_at_child_boundaries
==2452022== Parent PID: 2451971
==2452022== 
==2452022== 
==2452022== HEAP SUMMARY:
==2452022==     in use at exit: 592 bytes in 2 blocks
==2452022==   total heap usage: 492,976 allocs, 492,974 frees, 53,232,912 bytes allocated
==2452022== 
==2452022== 48 bytes in 1 blocks are possibly lost in loss record 1 of 2
==2452022==    at 0x4848899: malloc (in /mnt/c/Users/guido/ghq/projects/rustdom/.tools/valgrind/usr/libexec/valgrind/vgpreload_memcheck-amd64-linux.so)
==2452022==    by 0x725E0E: _RNvMs_NtNtCs9k3SxhrAWiO_3std6thread6threadNtB4_6Thread3new (unix.rs:14)
==2452022==    by 0x733989: _RNvNtNtCs9k3SxhrAWiO_3std6thread7current12init_current (current.rs:294)
==2452022==    by 0x71A7AF: _RNvMNtNtNtCs9k3SxhrAWiO_3std4sync4mpmc7contextNtB2_7Context3new (current.rs:251)
==2452022==    by 0x5D5FDA: _RINvMs0_NtNtNtNtCs9k3SxhrAWiO_3std3sys12thread_local6native4lazyINtB6_7StorageINtNtCsgxBkk5gSRhY_4core4cell4CellINtNtB1j_6option6OptionNtNtNtNtBe_4sync4mpmc7context7ContextEEuE16get_or_init_slowNvNvNvMB2b_B29_4with7CONTEXT27___rust_std_internal_init_fnECs965H7XVcgUb_4test (context.rs:43)
==2452022==    by 0x5EEDB0: _RNvMs1_NtNtNtCs9k3SxhrAWiO_3std4sync4mpmc4listINtB5_7ChannelNtNtCs965H7XVcgUb_4test5event13CompletedTestE4recvB10_ (lazy.rs:62)
==2452022==    by 0x5FB845: _RNvNtCs965H7XVcgUb_4test7console17run_tests_console (mod.rs:1014)
==2452022==    by 0x5E78AA: _RNvCs965H7XVcgUb_4test16test_main_static (lib.rs:170)
==2452022==    by 0x3DFC42: _RNvCs6HtsUHDtlUx_7rustdom4main (lib.rs:1)
==2452022==    by 0x59BCFA: _RNvYFEuINtNtNtCsgxBkk5gSRhY_4core3ops8function6FnOnceuE9call_onceCs6HtsUHDtlUx_7rustdom (library/core/src/ops/function.rs:250)
==2452022==    by 0x55D0CD: _RINvNtNtCs9k3SxhrAWiO_3std3sys9backtrace28___rust_begin_short_backtraceFEuuECs6HtsUHDtlUx_7rustdom (library/std/src/sys/backtrace.rs:166)
==2452022==    by 0x330A00: _RNCINvNtCs9k3SxhrAWiO_3std2rt10lang_startuE0Cs6HtsUHDtlUx_7rustdom (library/std/src/rt.rs:206)
==2452022== 
==2452022== 544 bytes in 1 blocks are still reachable in loss record 2 of 2
==2452022==    at 0x4848899: malloc (in /mnt/c/Users/guido/ghq/projects/rustdom/.tools/valgrind/usr/libexec/valgrind/vgpreload_memcheck-amd64-linux.so)
==2452022==    by 0x738699: _RNvNtNtNtNtNtCs9k3SxhrAWiO_3std3sys3pal4unix14stack_overflow11thread_info16set_current_info (alloc.rs:101)
==2452022==    by 0x73181F: _RNvNtCs9k3SxhrAWiO_3std2rt19lang_start_internal (stack_overflow.rs:179)
==2452022==    by 0x330556: _RINvNtCs9k3SxhrAWiO_3std2rt10lang_startuECs6HtsUHDtlUx_7rustdom (library/std/src/rt.rs:205)
==2452022==    by 0x3E118D: main (in /mnt/c/Users/guido/ghq/projects/rustdom/target/debug/deps/rustdom-afa52160b18d3955)
==2452022== 
==2452022== LEAK SUMMARY:
==2452022==    definitely lost: 0 bytes in 0 blocks
==2452022==    indirectly lost: 0 bytes in 0 blocks
==2452022==      possibly lost: 48 bytes in 1 blocks
==2452022==    still reachable: 544 bytes in 1 blocks
==2452022==         suppressed: 0 bytes in 0 blocks
==2452022== 
==2452022== For lists of detected and suppressed errors, rerun with: -s
==2452022== ERROR SUMMARY: 0 errors from 0 contexts (suppressed: 0 from 0)
