==1853871== Memcheck, a memory error detector
==1853871== Copyright (C) 2002-2017, and GNU GPL'd, by Julian Seward et al.
==1853871== Using Valgrind-3.18.1 and LibVEX; rerun with -h for copyright info
==1853871== Command: target/debug/deps/rustdom-1fb42851b141ab75 xml:: --test-threads=1
==1853871== Parent PID: 1853846
==1853871== 
==1853871== 
==1853871== HEAP SUMMARY:
==1853871==     in use at exit: 592 bytes in 2 blocks
==1853871==   total heap usage: 915 allocs, 913 frees, 124,471 bytes allocated
==1853871== 
==1853871== 48 bytes in 1 blocks are possibly lost in loss record 1 of 2
==1853871==    at 0x4848899: malloc (in /mnt/c/Users/guido/ghq/projects/rustdom/.tools/valgrind/usr/libexec/valgrind/vgpreload_memcheck-amd64-linux.so)
==1853871==    by 0x67591E: _RNvMs_NtNtCs9k3SxhrAWiO_3std6thread6threadNtB4_6Thread3new (unix.rs:14)
==1853871==    by 0x683499: _RNvNtNtCs9k3SxhrAWiO_3std6thread7current12init_current (current.rs:294)
==1853871==    by 0x66A2BF: _RNvMNtNtNtCs9k3SxhrAWiO_3std4sync4mpmc7contextNtB2_7Context3new (current.rs:251)
==1853871==    by 0x56AFEA: _RINvMs0_NtNtNtNtCs9k3SxhrAWiO_3std3sys12thread_local6native4lazyINtB6_7StorageINtNtCsgxBkk5gSRhY_4core4cell4CellINtNtB1j_6option6OptionNtNtNtNtBe_4sync4mpmc7context7ContextEEuE16get_or_init_slowNvNvNvMB2b_B29_4with7CONTEXT27___rust_std_internal_init_fnECs965H7XVcgUb_4test (context.rs:43)
==1853871==    by 0x583DC0: _RNvMs1_NtNtNtCs9k3SxhrAWiO_3std4sync4mpmc4listINtB5_7ChannelNtNtCs965H7XVcgUb_4test5event13CompletedTestE4recvB10_ (lazy.rs:62)
==1853871==    by 0x590855: _RNvNtCs965H7XVcgUb_4test7console17run_tests_console (mod.rs:1014)
==1853871==    by 0x57C8BA: _RNvCs965H7XVcgUb_4test16test_main_static (lib.rs:170)
==1853871==    by 0x34BF32: _RNvCseie8raRMlMS_7rustdom4main (lib.rs:1)
==1853871==    by 0x475EBA: _RNvYFEuINtNtNtCsgxBkk5gSRhY_4core3ops8function6FnOnceuE9call_onceCseie8raRMlMS_7rustdom (library/core/src/ops/function.rs:250)
==1853871==    by 0x2DB06D: _RINvNtNtCs9k3SxhrAWiO_3std3sys9backtrace28___rust_begin_short_backtraceFEuuECseie8raRMlMS_7rustdom (library/std/src/sys/backtrace.rs:166)
==1853871==    by 0x3C06A0: _RNCINvNtCs9k3SxhrAWiO_3std2rt10lang_startuE0Cseie8raRMlMS_7rustdom (library/std/src/rt.rs:206)
==1853871== 
==1853871== 544 bytes in 1 blocks are still reachable in loss record 2 of 2
==1853871==    at 0x4848899: malloc (in /mnt/c/Users/guido/ghq/projects/rustdom/.tools/valgrind/usr/libexec/valgrind/vgpreload_memcheck-amd64-linux.so)
==1853871==    by 0x6881A9: _RNvNtNtNtNtNtCs9k3SxhrAWiO_3std3sys3pal4unix14stack_overflow11thread_info16set_current_info (alloc.rs:101)
==1853871==    by 0x68132F: _RNvNtCs9k3SxhrAWiO_3std2rt19lang_start_internal (stack_overflow.rs:179)
==1853871==    by 0x3C0686: _RINvNtCs9k3SxhrAWiO_3std2rt10lang_startuECseie8raRMlMS_7rustdom (library/std/src/rt.rs:205)
==1853871==    by 0x34D47D: main (in /mnt/c/Users/guido/ghq/projects/rustdom/target/debug/deps/rustdom-1fb42851b141ab75)
==1853871== 
==1853871== LEAK SUMMARY:
==1853871==    definitely lost: 0 bytes in 0 blocks
==1853871==    indirectly lost: 0 bytes in 0 blocks
==1853871==      possibly lost: 48 bytes in 1 blocks
==1853871==    still reachable: 544 bytes in 1 blocks
==1853871==         suppressed: 0 bytes in 0 blocks
==1853871== 
==1853871== For lists of detected and suppressed errors, rerun with: -s
==1853871== ERROR SUMMARY: 0 errors from 0 contexts (suppressed: 0 from 0)
