==1906941== Memcheck, a memory error detector
==1906941== Copyright (C) 2002-2017, and GNU GPL'd, by Julian Seward et al.
==1906941== Using Valgrind-3.18.1 and LibVEX; rerun with -h for copyright info
==1906941== Command: target/debug/deps/rustdom-1fb42851b141ab75 tree_cursor --test-threads=1
==1906941== Parent PID: 1901807
==1906941== 
==1906941== 
==1906941== HEAP SUMMARY:
==1906941==     in use at exit: 592 bytes in 2 blocks
==1906941==   total heap usage: 767 allocs, 765 frees, 130,182 bytes allocated
==1906941== 
==1906941== 48 bytes in 1 blocks are possibly lost in loss record 1 of 2
==1906941==    at 0x4848899: malloc (in /mnt/c/Users/guido/ghq/projects/rustdom/.tools/valgrind/usr/libexec/valgrind/vgpreload_memcheck-amd64-linux.so)
==1906941==    by 0x68409E: _RNvMs_NtNtCs9k3SxhrAWiO_3std6thread6threadNtB4_6Thread3new (unix.rs:14)
==1906941==    by 0x691C19: _RNvNtNtCs9k3SxhrAWiO_3std6thread7current12init_current (current.rs:294)
==1906941==    by 0x678A3F: _RNvMNtNtNtCs9k3SxhrAWiO_3std4sync4mpmc7contextNtB2_7Context3new (current.rs:251)
==1906941==    by 0x57976A: _RINvMs0_NtNtNtNtCs9k3SxhrAWiO_3std3sys12thread_local6native4lazyINtB6_7StorageINtNtCsgxBkk5gSRhY_4core4cell4CellINtNtB1j_6option6OptionNtNtNtNtBe_4sync4mpmc7context7ContextEEuE16get_or_init_slowNvNvNvMB2b_B29_4with7CONTEXT27___rust_std_internal_init_fnECs965H7XVcgUb_4test (context.rs:43)
==1906941==    by 0x592540: _RNvMs1_NtNtNtCs9k3SxhrAWiO_3std4sync4mpmc4listINtB5_7ChannelNtNtCs965H7XVcgUb_4test5event13CompletedTestE4recvB10_ (lazy.rs:62)
==1906941==    by 0x59EFD5: _RNvNtCs965H7XVcgUb_4test7console17run_tests_console (mod.rs:1014)
==1906941==    by 0x58B03A: _RNvCs965H7XVcgUb_4test16test_main_static (lib.rs:170)
==1906941==    by 0x351282: _RNvCseie8raRMlMS_7rustdom4main (lib.rs:1)
==1906941==    by 0x47F06A: _RNvYFEuINtNtNtCsgxBkk5gSRhY_4core3ops8function6FnOnceuE9call_onceCseie8raRMlMS_7rustdom (library/core/src/ops/function.rs:250)
==1906941==    by 0x50A92D: _RINvNtNtCs9k3SxhrAWiO_3std3sys9backtrace28___rust_begin_short_backtraceFEuuECseie8raRMlMS_7rustdom (library/std/src/sys/backtrace.rs:166)
==1906941==    by 0x55B090: _RNCINvNtCs9k3SxhrAWiO_3std2rt10lang_startuE0Cseie8raRMlMS_7rustdom (library/std/src/rt.rs:206)
==1906941== 
==1906941== 544 bytes in 1 blocks are still reachable in loss record 2 of 2
==1906941==    at 0x4848899: malloc (in /mnt/c/Users/guido/ghq/projects/rustdom/.tools/valgrind/usr/libexec/valgrind/vgpreload_memcheck-amd64-linux.so)
==1906941==    by 0x696929: _RNvNtNtNtNtNtCs9k3SxhrAWiO_3std3sys3pal4unix14stack_overflow11thread_info16set_current_info (alloc.rs:101)
==1906941==    by 0x68FAAF: _RNvNtCs9k3SxhrAWiO_3std2rt19lang_start_internal (stack_overflow.rs:179)
==1906941==    by 0x55AE76: _RINvNtCs9k3SxhrAWiO_3std2rt10lang_startuECseie8raRMlMS_7rustdom (library/std/src/rt.rs:205)
==1906941==    by 0x3527CD: main (in /mnt/c/Users/guido/ghq/projects/rustdom/target/debug/deps/rustdom-1fb42851b141ab75)
==1906941== 
==1906941== LEAK SUMMARY:
==1906941==    definitely lost: 0 bytes in 0 blocks
==1906941==    indirectly lost: 0 bytes in 0 blocks
==1906941==      possibly lost: 48 bytes in 1 blocks
==1906941==    still reachable: 544 bytes in 1 blocks
==1906941==         suppressed: 0 bytes in 0 blocks
==1906941== 
==1906941== For lists of detected and suppressed errors, rerun with: -s
==1906941== ERROR SUMMARY: 0 errors from 0 contexts (suppressed: 0 from 0)
