==1741539== Memcheck, a memory error detector
==1741539== Copyright (C) 2002-2017, and GNU GPL'd, by Julian Seward et al.
==1741539== Using Valgrind-3.18.1 and LibVEX; rerun with -h for copyright info
==1741539== Command: target/debug/deps/rustdom-6e1afdc33e065ec6 dom::mutation_ --test-threads=1
==1741539== Parent PID: 1741517
==1741539== 
==1741539== 
==1741539== HEAP SUMMARY:
==1741539==     in use at exit: 592 bytes in 2 blocks
==1741539==   total heap usage: 932 allocs, 930 frees, 129,302 bytes allocated
==1741539== 
==1741539== 48 bytes in 1 blocks are possibly lost in loss record 1 of 2
==1741539==    at 0x4848899: malloc (in /mnt/c/Users/guido/ghq/projects/rustdom/.tools/valgrind/usr/libexec/valgrind/vgpreload_memcheck-amd64-linux.so)
==1741539==    by 0x5F95CE: _RNvMs_NtNtCs9k3SxhrAWiO_3std6thread6threadNtB4_6Thread3new (unix.rs:14)
==1741539==    by 0x607149: _RNvNtNtCs9k3SxhrAWiO_3std6thread7current12init_current (current.rs:294)
==1741539==    by 0x5EDF6F: _RNvMNtNtNtCs9k3SxhrAWiO_3std4sync4mpmc7contextNtB2_7Context3new (current.rs:251)
==1741539==    by 0x4F00BA: _RINvMs0_NtNtNtNtCs9k3SxhrAWiO_3std3sys12thread_local6native4lazyINtB6_7StorageINtNtCsgxBkk5gSRhY_4core4cell4CellINtNtB1j_6option6OptionNtNtNtNtBe_4sync4mpmc7context7ContextEEuE16get_or_init_slowNvNvNvMB2b_B29_4with7CONTEXT27___rust_std_internal_init_fnECs965H7XVcgUb_4test (context.rs:43)
==1741539==    by 0x508E90: _RNvMs1_NtNtNtCs9k3SxhrAWiO_3std4sync4mpmc4listINtB5_7ChannelNtNtCs965H7XVcgUb_4test5event13CompletedTestE4recvB10_ (lazy.rs:62)
==1741539==    by 0x515925: _RNvNtCs965H7XVcgUb_4test7console17run_tests_console (mod.rs:1014)
==1741539==    by 0x50198A: _RNvCs965H7XVcgUb_4test16test_main_static (lib.rs:170)
==1741539==    by 0x3D8612: _RNvCs3X6VoE9bK28_7rustdom4main (lib.rs:1)
==1741539==    by 0x2BC3FA: _RNvYFEuINtNtNtCsgxBkk5gSRhY_4core3ops8function6FnOnceuE9call_onceCs3X6VoE9bK28_7rustdom (library/core/src/ops/function.rs:250)
==1741539==    by 0x4AA03D: _RINvNtNtCs9k3SxhrAWiO_3std3sys9backtrace28___rust_begin_short_backtraceFEuuECs3X6VoE9bK28_7rustdom (library/std/src/sys/backtrace.rs:166)
==1741539==    by 0x3FB210: _RNCINvNtCs9k3SxhrAWiO_3std2rt10lang_startuE0Cs3X6VoE9bK28_7rustdom (library/std/src/rt.rs:206)
==1741539== 
==1741539== 544 bytes in 1 blocks are still reachable in loss record 2 of 2
==1741539==    at 0x4848899: malloc (in /mnt/c/Users/guido/ghq/projects/rustdom/.tools/valgrind/usr/libexec/valgrind/vgpreload_memcheck-amd64-linux.so)
==1741539==    by 0x60BE59: _RNvNtNtNtNtNtCs9k3SxhrAWiO_3std3sys3pal4unix14stack_overflow11thread_info16set_current_info (alloc.rs:101)
==1741539==    by 0x604FDF: _RNvNtCs9k3SxhrAWiO_3std2rt19lang_start_internal (stack_overflow.rs:179)
==1741539==    by 0x3FB186: _RINvNtCs9k3SxhrAWiO_3std2rt10lang_startuECs3X6VoE9bK28_7rustdom (library/std/src/rt.rs:205)
==1741539==    by 0x3D9B5D: main (in /mnt/c/Users/guido/ghq/projects/rustdom/target/debug/deps/rustdom-6e1afdc33e065ec6)
==1741539== 
==1741539== LEAK SUMMARY:
==1741539==    definitely lost: 0 bytes in 0 blocks
==1741539==    indirectly lost: 0 bytes in 0 blocks
==1741539==      possibly lost: 48 bytes in 1 blocks
==1741539==    still reachable: 544 bytes in 1 blocks
==1741539==         suppressed: 0 bytes in 0 blocks
==1741539== 
==1741539== For lists of detected and suppressed errors, rerun with: -s
==1741539== ERROR SUMMARY: 0 errors from 0 contexts (suppressed: 0 from 0)
