   Compiling web_atoms v0.2.6
   Compiling markup5ever v0.39.0
   Compiling html5ever v0.39.0
   Compiling xml5ever v0.39.0
   Compiling markup5ever_rcdom v0.39.0+unofficial
   Compiling rustdom v0.1.0 (/mnt/c/Users/guido/AppData/Local/Temp/rustdom-attribute-capacity-99c9902b02c440a7898c6bae7e4c00bb)
    Finished `test` profile [unoptimized + debuginfo] target(s) in 28.96s
     Running unittests src/lib.rs (target/debug/deps/rustdom-6e1afdc33e065ec6)

running 30 tests
test dom::attribute_index::capacity_tests::should_compact_a_live_index_when_attributes_finalize_before_the_owner ... attribute-capacity {"peak":{"elements":3,"holders":7168,"looseOwners":0,"names":3,"ordered":4096,"owners":7168,"references":7168},"retained":{"elements":3,"holders":56,"looseOwners":0,"names":3,"ordered":64,"owners":56,"references":56},"scenario":"attributes-finalize-before-owner"}
attribute-capacity {"peak":null,"retained":6,"scenario":"ordered-buffer-reductions-across-4088-releases"}
ok
test dom::attribute_index::capacity_tests::should_preserve_live_aliases_when_the_ordered_collection_becomes_empty ... attribute-capacity {"peak":{"elements":3,"holders":7168,"looseOwners":0,"names":7168,"ordered":4096,"owners":7168,"references":7168},"retained":{"elements":3,"holders":56,"looseOwners":0,"names":39,"ordered":64,"owners":56,"references":56},"scenario":"live-alias-with-empty-order"}
ok
test dom::attribute_index::capacity_tests::should_reclaim_capacity_after_unique_attribute_bursts_on_a_live_element ... attribute-capacity {"peak":{"elements":3,"holders":7168,"looseOwners":0,"names":7168,"ordered":4096,"owners":7168,"references":7168},"retained":{"elements":3,"holders":56,"looseOwners":0,"names":56,"ordered":64,"owners":56,"references":56},"scenario":"unique-sparse-0"}
attribute-capacity {"peak":null,"retained":{"elements":3,"holders":56,"looseOwners":0,"names":56,"ordered":64,"owners":56,"references":56},"scenario":"unique-empty-0"}
attribute-capacity {"peak":{"elements":3,"holders":7168,"looseOwners":0,"names":7168,"ordered":4096,"owners":7168,"references":7168},"retained":{"elements":3,"holders":56,"looseOwners":0,"names":56,"ordered":64,"owners":56,"references":56},"scenario":"unique-sparse-1"}
attribute-capacity {"peak":null,"retained":{"elements":3,"holders":56,"looseOwners":0,"names":56,"ordered":64,"owners":56,"references":56},"scenario":"unique-empty-1"}
attribute-capacity {"peak":{"elements":3,"holders":7168,"looseOwners":0,"names":7168,"ordered":4096,"owners":7168,"references":7168},"retained":{"elements":3,"holders":56,"looseOwners":0,"names":56,"ordered":64,"owners":56,"references":56},"scenario":"unique-sparse-2"}
attribute-capacity {"peak":null,"retained":{"elements":3,"holders":56,"looseOwners":0,"names":56,"ordered":64,"owners":56,"references":56},"scenario":"unique-empty-2"}
ok
test dom::attribute_index::capacity_tests::should_reclaim_constructor_owner_sets_and_tables_as_attributes_finalize ... attribute-capacity {"peak":7168,"retained":56,"scenario":"constructor-owner-set"}
attribute-capacity {"peak":7168,"retained":56,"scenario":"constructor-owner-table"}
ok
test dom::attribute_index::capacity_tests::should_reclaim_duplicate_name_bucket_capacity_without_changing_order ... attribute-capacity {"peak":4096,"retained":64,"scenario":"duplicate-name-bucket"}
ok
test dom::attribute_index::capacity_tests::should_reclaim_global_tables_while_an_element_and_attribute_remain_alive ... attribute-capacity {"peak":{"elements":7168,"holders":7168,"looseOwners":0,"names":3,"ordered":4,"owners":7168,"references":3},"retained":{"elements":56,"holders":56,"looseOwners":0,"names":3,"ordered":4,"owners":56,"references":3},"scenario":"global-tables-with-live-pair"}
ok
test dom::attribute_index::capacity_tests::should_reclaim_shared_holder_capacity_without_losing_the_remaining_alias ... attribute-capacity {"peak":3584,"retained":56,"scenario":"shared-holder-set"}
ok
test dom::attribute_index::tests::should_keep_legacy_aliases_without_retaining_unreferenced_attributes ... ok
test dom::attribute_index::tests::should_release_references_when_elements_finalize_before_attributes ... ok
test dom::attribute_operations::tests::should_preserve_first_seen_names_across_large_namespace_duplicate_collections ... ok
test dom::attribute_operations::tests::should_use_host_unicode_tables_for_supported_attribute_names ... ok
test dom::attributes::tests::should_preserve_attr_names_namespaces_and_utf16_values ... ok
test dom::attributes::tests::should_reject_invalid_attr_snapshots_without_replacing_element_data ... ok
test dom::attributes::tests::should_reject_snapshot_initializers_without_modifying_canonical_collections ... ok
test dom::character_data::tests::should_keep_whole_text_order_and_stop_at_non_text_siblings ... ok
test dom::character_data::tests::should_preserve_utf16_boundaries_and_reject_invalid_splices_atomically ... ok
test dom::data::tests::should_preserve_surrogates_and_nul_in_dom_strings ... ok
test dom::queries::tests::should_delegate_unsupported_syntax_without_disabling_unrelated_trees ... ok
test dom::queries::tests::should_match_live_data_with_reused_selector_syntax ... ok
test dom::serialization::tests::should_escape_html_and_preserve_isolated_utf16_units ... ok
test dom::serialization::tests::should_preserve_existing_data_when_metadata_decoding_fails ... ok
test dom::serialization::tests::should_reject_template_cycles_without_unbounded_recursion ... ok
test dom::store::tests::should_materialize_reserved_handles_without_reusing_released_ones ... ok
test dom::store::tests::should_preserve_order_when_inserting_and_removing_siblings ... ok
test dom::store::tests::should_reject_cycles_and_attached_insertions_without_partial_writes ... ok
test dom::store::tests::should_reject_stale_and_non_integer_handles_after_collection ... ok
test dom::store::tests::should_release_high_water_storage_and_detach_surviving_children ... ok
test tests::should_decode_entities_and_repair_tables_when_parsing_html ... ok
test tests::should_handle_deep_trees_without_recursive_encoding ... ok
test tests::should_preserve_template_contents_when_encoding_a_fragment ... ok

test result: ok. 30 passed; 0 failed; 0 ignored; 0 measured; 0 filtered out; finished in 4.17s

   Doc-tests rustdom

running 0 tests

test result: ok. 0 passed; 0 failed; 0 ignored; 0 measured; 0 filtered out; finished in 0.00s
