==2452722== Memcheck, a memory error detector
==2452722== Copyright (C) 2002-2017, and GNU GPL'd, by Julian Seward et al.
==2452722== Using Valgrind-3.18.1 and LibVEX; rerun with -h for copyright info
==2452722== Command: /mnt/c/Users/guido/ghq/projects/rustdom/target/debug/deps/rustdom-afa52160b18d3955 --test-threads=1 --exact --test dom::tree_cursor::tests::should_walk_reverse_siblings_children_and_parents dom::web_storage::tests::should_keep_live_cursor_order_through_delete_reinsert_and_clear dom::web_storage::tests::should_preserve_empty_old_values_and_numeric_quota_edges dom::web_storage::tests::should_release_capacity_without_discarding_a_surviving_entry dom::web_storage::tests::should_track_utf16_quota_and_preserve_overwrite_order tests::should_decode_entities_and_repair_tables_when_parsing_html tests::should_handle_deep_trees_without_recursive_encoding tests::should_preserve_template_contents_when_encoding_a_fragment xml::doctype::tests::should_extract_only_exact_nonempty_entity_patterns_in_order xml::doctype::tests::should_preserve_priority_quotes_whitespace_and_embedded_matches xml::input::tests::should_normalize_newlines_and_count_scalar_columns_over_utf16_offsets xml::input::tests::should_preserve_saxes_surrogate_behavior_and_reject_disallowed_units xml::serialize_text::tests::should_distinguish_xml_character_name_and_public_identifier_rules xml::serialize_text::tests::should_escape_xml_without_replacing_isolated_utf16_units xml::tests::should_emit_comment_and_close_before_the_corresponding_fatal_error xml::tests::should_preserve_entity_values_without_recursive_expansion xml::tests::should_preserve_namespace_resolution_and_attribute_order
==2452722== Parent PID: 2451971
==2452722== 
==2452722== 
==2452722== HEAP SUMMARY:
==2452722==     in use at exit: 592 bytes in 2 blocks
==2452722==   total heap usage: 110,419 allocs, 110,417 frees, 11,502,413 bytes allocated
==2452722== 
==2452722== 48 bytes in 1 blocks are possibly lost in loss record 1 of 2
==2452722==    at 0x4848899: malloc (in /mnt/c/Users/guido/ghq/projects/rustdom/.tools/valgrind/usr/libexec/valgrind/vgpreload_memcheck-amd64-linux.so)
==2452722==    by 0x725E0E: _RNvMs_NtNtCs9k3SxhrAWiO_3std6thread6threadNtB4_6Thread3new (unix.rs:14)
==2452722==    by 0x733989: _RNvNtNtCs9k3SxhrAWiO_3std6thread7current12init_current (current.rs:294)
==2452722==    by 0x71A7AF: _RNvMNtNtNtCs9k3SxhrAWiO_3std4sync4mpmc7contextNtB2_7Context3new (current.rs:251)
==2452722==    by 0x5D5FDA: _RINvMs0_NtNtNtNtCs9k3SxhrAWiO_3std3sys12thread_local6native4lazyINtB6_7StorageINtNtCsgxBkk5gSRhY_4core4cell4CellINtNtB1j_6option6OptionNtNtNtNtBe_4sync4mpmc7context7ContextEEuE16get_or_init_slowNvNvNvMB2b_B29_4with7CONTEXT27___rust_std_internal_init_fnECs965H7XVcgUb_4test (context.rs:43)
==2452722==    by 0x5EEDB0: _RNvMs1_NtNtNtCs9k3SxhrAWiO_3std4sync4mpmc4listINtB5_7ChannelNtNtCs965H7XVcgUb_4test5event13CompletedTestE4recvB10_ (lazy.rs:62)
==2452722==    by 0x5FB845: _RNvNtCs965H7XVcgUb_4test7console17run_tests_console (mod.rs:1014)
==2452722==    by 0x5E78AA: _RNvCs965H7XVcgUb_4test16test_main_static (lib.rs:170)
==2452722==    by 0x3DFC42: _RNvCs6HtsUHDtlUx_7rustdom4main (lib.rs:1)
==2452722==    by 0x59BCFA: _RNvYFEuINtNtNtCsgxBkk5gSRhY_4core3ops8function6FnOnceuE9call_onceCs6HtsUHDtlUx_7rustdom (library/core/src/ops/function.rs:250)
==2452722==    by 0x55D0CD: _RINvNtNtCs9k3SxhrAWiO_3std3sys9backtrace28___rust_begin_short_backtraceFEuuECs6HtsUHDtlUx_7rustdom (library/std/src/sys/backtrace.rs:166)
==2452722==    by 0x330A00: _RNCINvNtCs9k3SxhrAWiO_3std2rt10lang_startuE0Cs6HtsUHDtlUx_7rustdom (library/std/src/rt.rs:206)
==2452722== 
==2452722== 544 bytes in 1 blocks are still reachable in loss record 2 of 2
==2452722==    at 0x4848899: malloc (in /mnt/c/Users/guido/ghq/projects/rustdom/.tools/valgrind/usr/libexec/valgrind/vgpreload_memcheck-amd64-linux.so)
==2452722==    by 0x738699: _RNvNtNtNtNtNtCs9k3SxhrAWiO_3std3sys3pal4unix14stack_overflow11thread_info16set_current_info (alloc.rs:101)
==2452722==    by 0x73181F: _RNvNtCs9k3SxhrAWiO_3std2rt19lang_start_internal (stack_overflow.rs:179)
==2452722==    by 0x330556: _RINvNtCs9k3SxhrAWiO_3std2rt10lang_startuECs6HtsUHDtlUx_7rustdom (library/std/src/rt.rs:205)
==2452722==    by 0x3E118D: main (in /mnt/c/Users/guido/ghq/projects/rustdom/target/debug/deps/rustdom-afa52160b18d3955)
==2452722== 
==2452722== LEAK SUMMARY:
==2452722==    definitely lost: 0 bytes in 0 blocks
==2452722==    indirectly lost: 0 bytes in 0 blocks
==2452722==      possibly lost: 48 bytes in 1 blocks
==2452722==    still reachable: 544 bytes in 1 blocks
==2452722==         suppressed: 0 bytes in 0 blocks
==2452722== 
==2452722== For lists of detected and suppressed errors, rerun with: -s
==2452722== ERROR SUMMARY: 0 errors from 0 contexts (suppressed: 0 from 0)
