==2452441== Memcheck, a memory error detector
==2452441== Copyright (C) 2002-2017, and GNU GPL'd, by Julian Seward et al.
==2452441== Using Valgrind-3.18.1 and LibVEX; rerun with -h for copyright info
==2452441== Command: /mnt/c/Users/guido/ghq/projects/rustdom/target/debug/deps/rustdom-afa52160b18d3955 --test-threads=1 --exact --test dom::observer_delivery::tests::should_drain_each_observer_at_its_turn_and_keep_new_batches_separate_from_captured_slots dom::observer_delivery::tests::should_reject_foreign_forests_without_consuming_their_queues_or_retaining_the_origin dom::observer_delivery::tests::should_skip_empty_observers_in_one_step_and_cancel_when_a_captured_slot_was_released dom::observer_notifications::tests::should_deduplicate_sort_and_coalesce_without_losing_reentrant_batches dom::observer_notifications::tests::should_preserve_a_scheduled_empty_job_and_reclaim_finalized_membership dom::observer_queues::tests::should_keep_independent_fifo_queues_and_never_reuse_drained_tokens dom::observer_queues::tests::should_keep_payloads_after_original_wrappers_drop_and_release_each_share_on_drain dom::observer_queues::tests::should_reclaim_large_queues_and_preserve_all_state_on_token_exhaustion dom::observer_registry::tests::should_normalize_present_false_options_and_reject_invalid_replacements_without_activation dom::observer_registry::tests::should_preserve_empty_filters_and_lossless_name_or_namespace_matching dom::observer_registry::tests::should_preserve_queued_payloads_on_registration_changes_and_clear_them_on_disconnect_or_release dom::observer_registry::tests::should_reject_invalid_handles_and_exhaustion_before_changing_registry_state dom::observer_registry::tests::should_release_both_directions_and_reclaim_capacity_without_reusing_observer_ids dom::observer_registry::tests::should_select_first_matches_and_merge_old_value_requests_across_current_ancestors dom::queries::tests::should_count_query_errors_without_activating_reserved_handles dom::queries::tests::should_delegate_unsupported_syntax_without_disabling_unrelated_trees dom::queries::tests::should_match_live_data_with_reused_selector_syntax dom::range_boundaries::tests::should_accept_topology_only_endpoints_in_every_mode dom::range_boundaries::tests::should_find_inclusive_common_ancestors_without_crossing_roots_or_retaining_nodes dom::range_boundaries::tests::should_preserve_update_order_when_crossing_endpoints_or_changing_roots dom::range_boundaries::tests::should_reject_each_unallocated_endpoint_before_any_mode_decision_without_mutation dom::range_boundaries::tests::should_reject_invalid_boundaries_before_root_decisions_without_mutation dom::range_boundaries::tests::should_resolve_relative_boundaries_and_selections_after_sibling_changes dom::range_content_queries::tests::should_reject_unallocated_endpoints_and_report_distinct_roots_without_activating_handles dom::range_content_queries::tests::should_report_doctypes_and_preserve_character_data_lengths_and_empty_selections dom::range_content_queries::tests::should_select_partial_branches_and_contained_siblings_without_mutation dom::range_contents::tests::should_deliver_character_clone_effects_in_order_without_changing_the_source dom::range_contents::tests::should_extract_character_data_after_appending_the_clone_without_explicit_collapse dom::range_contents::tests::should_move_contained_identities_and_keep_the_original_collapse_point dom::range_contents::tests::should_preserve_doctype_and_root_errors_after_creating_the_result_fragment dom::range_contents::tests::should_read_first_removal_length_again_after_the_append_effect dom::range_contents::tests::should_read_subrange_length_after_the_host_clone_and_append_effects
==2452441== Parent PID: 2451971
==2452441== 
==2452441== 
==2452441== HEAP SUMMARY:
==2452441==     in use at exit: 592 bytes in 2 blocks
==2452441==   total heap usage: 5,362 allocs, 5,360 frees, 1,787,156 bytes allocated
==2452441== 
==2452441== 48 bytes in 1 blocks are possibly lost in loss record 1 of 2
==2452441==    at 0x4848899: malloc (in /mnt/c/Users/guido/ghq/projects/rustdom/.tools/valgrind/usr/libexec/valgrind/vgpreload_memcheck-amd64-linux.so)
==2452441==    by 0x725E0E: _RNvMs_NtNtCs9k3SxhrAWiO_3std6thread6threadNtB4_6Thread3new (unix.rs:14)
==2452441==    by 0x733989: _RNvNtNtCs9k3SxhrAWiO_3std6thread7current12init_current (current.rs:294)
==2452441==    by 0x71A7AF: _RNvMNtNtNtCs9k3SxhrAWiO_3std4sync4mpmc7contextNtB2_7Context3new (current.rs:251)
==2452441==    by 0x5D5FDA: _RINvMs0_NtNtNtNtCs9k3SxhrAWiO_3std3sys12thread_local6native4lazyINtB6_7StorageINtNtCsgxBkk5gSRhY_4core4cell4CellINtNtB1j_6option6OptionNtNtNtNtBe_4sync4mpmc7context7ContextEEuE16get_or_init_slowNvNvNvMB2b_B29_4with7CONTEXT27___rust_std_internal_init_fnECs965H7XVcgUb_4test (context.rs:43)
==2452441==    by 0x5EEDB0: _RNvMs1_NtNtNtCs9k3SxhrAWiO_3std4sync4mpmc4listINtB5_7ChannelNtNtCs965H7XVcgUb_4test5event13CompletedTestE4recvB10_ (lazy.rs:62)
==2452441==    by 0x5FB845: _RNvNtCs965H7XVcgUb_4test7console17run_tests_console (mod.rs:1014)
==2452441==    by 0x5E78AA: _RNvCs965H7XVcgUb_4test16test_main_static (lib.rs:170)
==2452441==    by 0x3DFC42: _RNvCs6HtsUHDtlUx_7rustdom4main (lib.rs:1)
==2452441==    by 0x59BCFA: _RNvYFEuINtNtNtCsgxBkk5gSRhY_4core3ops8function6FnOnceuE9call_onceCs6HtsUHDtlUx_7rustdom (library/core/src/ops/function.rs:250)
==2452441==    by 0x55D0CD: _RINvNtNtCs9k3SxhrAWiO_3std3sys9backtrace28___rust_begin_short_backtraceFEuuECs6HtsUHDtlUx_7rustdom (library/std/src/sys/backtrace.rs:166)
==2452441==    by 0x330A00: _RNCINvNtCs9k3SxhrAWiO_3std2rt10lang_startuE0Cs6HtsUHDtlUx_7rustdom (library/std/src/rt.rs:206)
==2452441== 
==2452441== 544 bytes in 1 blocks are still reachable in loss record 2 of 2
==2452441==    at 0x4848899: malloc (in /mnt/c/Users/guido/ghq/projects/rustdom/.tools/valgrind/usr/libexec/valgrind/vgpreload_memcheck-amd64-linux.so)
==2452441==    by 0x738699: _RNvNtNtNtNtNtCs9k3SxhrAWiO_3std3sys3pal4unix14stack_overflow11thread_info16set_current_info (alloc.rs:101)
==2452441==    by 0x73181F: _RNvNtCs9k3SxhrAWiO_3std2rt19lang_start_internal (stack_overflow.rs:179)
==2452441==    by 0x330556: _RINvNtCs9k3SxhrAWiO_3std2rt10lang_startuECs6HtsUHDtlUx_7rustdom (library/std/src/rt.rs:205)
==2452441==    by 0x3E118D: main (in /mnt/c/Users/guido/ghq/projects/rustdom/target/debug/deps/rustdom-afa52160b18d3955)
==2452441== 
==2452441== LEAK SUMMARY:
==2452441==    definitely lost: 0 bytes in 0 blocks
==2452441==    indirectly lost: 0 bytes in 0 blocks
==2452441==      possibly lost: 48 bytes in 1 blocks
==2452441==    still reachable: 544 bytes in 1 blocks
==2452441==         suppressed: 0 bytes in 0 blocks
==2452441== 
==2452441== For lists of detected and suppressed errors, rerun with: -s
==2452441== ERROR SUMMARY: 0 errors from 0 contexts (suppressed: 0 from 0)
