==2336719== Memcheck, a memory error detector
==2336719== Copyright (C) 2002-2017, and GNU GPL'd, by Julian Seward et al.
==2336719== Using Valgrind-3.18.1 and LibVEX; rerun with -h for copyright info
==2336719== Command: target/debug/deps/rustdom-1fb42851b141ab75 dom_rect --test-threads=1
==2336719== Parent PID: 2331697
==2336719== 
==2336719== 
==2336719== HEAP SUMMARY:
==2336719==     in use at exit: 592 bytes in 2 blocks
==2336719==   total heap usage: 710 allocs, 708 frees, 117,084 bytes allocated
==2336719== 
==2336719== 48 bytes in 1 blocks are possibly lost in loss record 1 of 2
==2336719==    at 0x4848899: malloc (in /mnt/c/Users/guido/ghq/projects/rustdom/.tools/valgrind/usr/libexec/valgrind/vgpreload_memcheck-amd64-linux.so)
==2336719==    by 0x69A9DE: _RNvMs_NtNtCs9k3SxhrAWiO_3std6thread6threadNtB4_6Thread3new (unix.rs:14)
==2336719==    by 0x6A8559: _RNvNtNtCs9k3SxhrAWiO_3std6thread7current12init_current (current.rs:294)
==2336719==    by 0x68F37F: _RNvMNtNtNtCs9k3SxhrAWiO_3std4sync4mpmc7contextNtB2_7Context3new (current.rs:251)
==2336719==    by 0x5900AA: _RINvMs0_NtNtNtNtCs9k3SxhrAWiO_3std3sys12thread_local6native4lazyINtB6_7StorageINtNtCsgxBkk5gSRhY_4core4cell4CellINtNtB1j_6option6OptionNtNtNtNtBe_4sync4mpmc7context7ContextEEuE16get_or_init_slowNvNvNvMB2b_B29_4with7CONTEXT27___rust_std_internal_init_fnECs965H7XVcgUb_4test (context.rs:43)
==2336719==    by 0x5A8E80: _RNvMs1_NtNtNtCs9k3SxhrAWiO_3std4sync4mpmc4listINtB5_7ChannelNtNtCs965H7XVcgUb_4test5event13CompletedTestE4recvB10_ (lazy.rs:62)
==2336719==    by 0x5B5915: _RNvNtCs965H7XVcgUb_4test7console17run_tests_console (mod.rs:1014)
==2336719==    by 0x5A197A: _RNvCs965H7XVcgUb_4test16test_main_static (lib.rs:170)
==2336719==    by 0x358AE2: _RNvCseie8raRMlMS_7rustdom4main (lib.rs:1)
==2336719==    by 0x491C1A: _RNvYFEuINtNtNtCsgxBkk5gSRhY_4core3ops8function6FnOnceuE9call_onceCseie8raRMlMS_7rustdom (library/core/src/ops/function.rs:250)
==2336719==    by 0x34331D: _RINvNtNtCs9k3SxhrAWiO_3std3sys9backtrace28___rust_begin_short_backtraceFEuuECseie8raRMlMS_7rustdom (library/std/src/sys/backtrace.rs:166)
==2336719==    by 0x2F5330: _RNCINvNtCs9k3SxhrAWiO_3std2rt10lang_startuE0Cseie8raRMlMS_7rustdom (library/std/src/rt.rs:206)
==2336719== 
==2336719== 544 bytes in 1 blocks are still reachable in loss record 2 of 2
==2336719==    at 0x4848899: malloc (in /mnt/c/Users/guido/ghq/projects/rustdom/.tools/valgrind/usr/libexec/valgrind/vgpreload_memcheck-amd64-linux.so)
==2336719==    by 0x6AD269: _RNvNtNtNtNtNtCs9k3SxhrAWiO_3std3sys3pal4unix14stack_overflow11thread_info16set_current_info (alloc.rs:101)
==2336719==    by 0x6A63EF: _RNvNtCs9k3SxhrAWiO_3std2rt19lang_start_internal (stack_overflow.rs:179)
==2336719==    by 0x2F4D16: _RINvNtCs9k3SxhrAWiO_3std2rt10lang_startuECseie8raRMlMS_7rustdom (library/std/src/rt.rs:205)
==2336719==    by 0x35A02D: main (in /mnt/c/Users/guido/ghq/projects/rustdom/target/debug/deps/rustdom-1fb42851b141ab75)
==2336719== 
==2336719== LEAK SUMMARY:
==2336719==    definitely lost: 0 bytes in 0 blocks
==2336719==    indirectly lost: 0 bytes in 0 blocks
==2336719==      possibly lost: 48 bytes in 1 blocks
==2336719==    still reachable: 544 bytes in 1 blocks
==2336719==         suppressed: 0 bytes in 0 blocks
==2336719== 
==2336719== For lists of detected and suppressed errors, rerun with: -s
==2336719== ERROR SUMMARY: 0 errors from 0 contexts (suppressed: 0 from 0)
