==1451939== Memcheck, a memory error detector
==1451939== Copyright (C) 2002-2017, and GNU GPL'd, by Julian Seward et al.
==1451939== Using Valgrind-3.18.1 and LibVEX; rerun with -h for copyright info
==1451939== Command: target/debug/deps/rustdom-6e1afdc33e065ec6 dom::slots --test-threads=1
==1451939== Parent PID: 1451936
==1451939== 
==1451939== 
==1451939== HEAP SUMMARY:
==1451939==     in use at exit: 592 bytes in 2 blocks
==1451939==   total heap usage: 781 allocs, 779 frees, 121,876 bytes allocated
==1451939== 
==1451939== 48 bytes in 1 blocks are possibly lost in loss record 1 of 2
==1451939==    at 0x4848899: malloc (in /mnt/c/Users/guido/ghq/projects/rustdom/.tools/valgrind/usr/libexec/valgrind/vgpreload_memcheck-amd64-linux.so)
==1451939==    by 0x56999E: _RNvMs_NtNtCs9k3SxhrAWiO_3std6thread6threadNtB4_6Thread3new (unix.rs:14)
==1451939==    by 0x577519: _RNvNtNtCs9k3SxhrAWiO_3std6thread7current12init_current (current.rs:294)
==1451939==    by 0x55E33F: _RNvMNtNtNtCs9k3SxhrAWiO_3std4sync4mpmc7contextNtB2_7Context3new (current.rs:251)
==1451939==    by 0x460BEA: _RINvMs0_NtNtNtNtCs9k3SxhrAWiO_3std3sys12thread_local6native4lazyINtB6_7StorageINtNtCsgxBkk5gSRhY_4core4cell4CellINtNtB1j_6option6OptionNtNtNtNtBe_4sync4mpmc7context7ContextEEuE16get_or_init_slowNvNvNvMB2b_B29_4with7CONTEXT27___rust_std_internal_init_fnECs965H7XVcgUb_4test (context.rs:43)
==1451939==    by 0x4799C0: _RNvMs1_NtNtNtCs9k3SxhrAWiO_3std4sync4mpmc4listINtB5_7ChannelNtNtCs965H7XVcgUb_4test5event13CompletedTestE4recvB10_ (lazy.rs:62)
==1451939==    by 0x486455: _RNvNtCs965H7XVcgUb_4test7console17run_tests_console (mod.rs:1014)
==1451939==    by 0x4724BA: _RNvCs965H7XVcgUb_4test16test_main_static (lib.rs:170)
==1451939==    by 0x3749E2: _RNvCs3X6VoE9bK28_7rustdom4main (lib.rs:1)
==1451939==    by 0x29A56A: _RNvYFEuINtNtNtCsgxBkk5gSRhY_4core3ops8function6FnOnceuE9call_onceCs3X6VoE9bK28_7rustdom (library/core/src/ops/function.rs:250)
==1451939==    by 0x32E09D: _RINvNtNtCs9k3SxhrAWiO_3std3sys9backtrace28___rust_begin_short_backtraceFEuuECs3X6VoE9bK28_7rustdom (library/std/src/sys/backtrace.rs:166)
==1451939==    by 0x397750: _RNCINvNtCs9k3SxhrAWiO_3std2rt10lang_startuE0Cs3X6VoE9bK28_7rustdom (library/std/src/rt.rs:206)
==1451939== 
==1451939== 544 bytes in 1 blocks are still reachable in loss record 2 of 2
==1451939==    at 0x4848899: malloc (in /mnt/c/Users/guido/ghq/projects/rustdom/.tools/valgrind/usr/libexec/valgrind/vgpreload_memcheck-amd64-linux.so)
==1451939==    by 0x57C229: _RNvNtNtNtNtNtCs9k3SxhrAWiO_3std3sys3pal4unix14stack_overflow11thread_info16set_current_info (alloc.rs:101)
==1451939==    by 0x5753AF: _RNvNtCs9k3SxhrAWiO_3std2rt19lang_start_internal (stack_overflow.rs:179)
==1451939==    by 0x397736: _RINvNtCs9k3SxhrAWiO_3std2rt10lang_startuECs3X6VoE9bK28_7rustdom (library/std/src/rt.rs:205)
==1451939==    by 0x375F2D: main (in /mnt/c/Users/guido/ghq/projects/rustdom/target/debug/deps/rustdom-6e1afdc33e065ec6)
==1451939== 
==1451939== LEAK SUMMARY:
==1451939==    definitely lost: 0 bytes in 0 blocks
==1451939==    indirectly lost: 0 bytes in 0 blocks
==1451939==      possibly lost: 48 bytes in 1 blocks
==1451939==    still reachable: 544 bytes in 1 blocks
==1451939==         suppressed: 0 bytes in 0 blocks
==1451939== 
==1451939== For lists of detected and suppressed errors, rerun with: -s
==1451939== ERROR SUMMARY: 0 errors from 0 contexts (suppressed: 0 from 0)
