==2398644== Memcheck, a memory error detector
==2398644== Copyright (C) 2002-2017, and GNU GPL'd, by Julian Seward et al.
==2398644== Using Valgrind-3.18.1 and LibVEX; rerun with -h for copyright info
==2398644== Command: .tools/node/bin/node --jitless --expose-gc tests/helpers/blob-bytes-memory.cjs control
==2398644== Parent PID: 2398640
==2398644== 
==2398644== Warning: set address range perms: large range [0xa390000, 0x1a39f000) (noaccess)
==2398644== Conditional jump or move depends on uninitialised value(s)
==2398644==    at 0x18F338E: heap::base::(anonymous namespace)::IteratePointersInStack(heap::base::StackVisitor*, heap::base::Stack::Segment const&) (in /mnt/c/Users/guido/ghq/projects/rustdom/.tools/node/bin/node)
==2398644==    by 0x18F3574: heap::base::Stack::IteratePointersUntilMarker(heap::base::StackVisitor*) const (in /mnt/c/Users/guido/ghq/projects/rustdom/.tools/node/bin/node)
==2398644==    by 0x1902FDC: cppgc::internal::MarkerBase::VisitLocalRoots(cppgc::EmbedderStackState) (in /mnt/c/Users/guido/ghq/projects/rustdom/.tools/node/bin/node)
==2398644==    by 0x1903D6C: cppgc::internal::MarkerBase::EnterAtomicPause(cppgc::EmbedderStackState) (in /mnt/c/Users/guido/ghq/projects/rustdom/.tools/node/bin/node)
==2398644==    by 0xDD7B37: v8::internal::CppHeap::EnterFinalPause(cppgc::EmbedderStackState) (in /mnt/c/Users/guido/ghq/projects/rustdom/.tools/node/bin/node)
==2398644==    by 0xEB5704: v8::internal::MarkCompactCollector::MarkLiveObjects() (in /mnt/c/Users/guido/ghq/projects/rustdom/.tools/node/bin/node)
==2398644==    by 0xEB9029: v8::internal::MarkCompactCollector::CollectGarbage() (in /mnt/c/Users/guido/ghq/projects/rustdom/.tools/node/bin/node)
==2398644==    by 0xE5923F: v8::internal::Heap::MarkCompact() (in /mnt/c/Users/guido/ghq/projects/rustdom/.tools/node/bin/node)
==2398644==    by 0xE59CEC: v8::internal::Heap::PerformGarbageCollection(v8::internal::GarbageCollector, v8::internal::GarbageCollectionReason, char const*) (in /mnt/c/Users/guido/ghq/projects/rustdom/.tools/node/bin/node)
==2398644==    by 0xE5A7C8: v8::internal::Heap::CollectGarbage(v8::internal::AllocationSpace, v8::internal::GarbageCollectionReason, v8::GCCallbackFlags)::{lambda()#2}::operator()() const (in /mnt/c/Users/guido/ghq/projects/rustdom/.tools/node/bin/node)
==2398644==    by 0xE5EC3F: void heap::base::Stack::SetMarkerAndCallbackImpl<v8::internal::Heap::CollectGarbage(v8::internal::AllocationSpace, v8::internal::GarbageCollectionReason, v8::GCCallbackFlags)::{lambda()#2}>(heap::base::Stack*, void*, void const*) (in /mnt/c/Users/guido/ghq/projects/rustdom/.tools/node/bin/node)
==2398644==    by 0x18F3680: PushAllRegistersAndIterateStack (in /mnt/c/Users/guido/ghq/projects/rustdom/.tools/node/bin/node)
==2398644== 
==2398644== Conditional jump or move depends on uninitialised value(s)
==2398644==    at 0x1920694: cppgc::internal::ConservativeTracingVisitor::TraceConservativelyIfNeeded(void const*) (in /mnt/c/Users/guido/ghq/projects/rustdom/.tools/node/bin/node)
==2398644==    by 0xDD2C41: v8::internal::(anonymous namespace)::UnifiedHeapConservativeMarkingVisitor::TraceConservativelyIfNeeded(void const*) (in /mnt/c/Users/guido/ghq/projects/rustdom/.tools/node/bin/node)
==2398644==    by 0x18F339D: heap::base::(anonymous namespace)::IteratePointersInStack(heap::base::StackVisitor*, heap::base::Stack::Segment const&) (in /mnt/c/Users/guido/ghq/projects/rustdom/.tools/node/bin/node)
==2398644==    by 0x18F3574: heap::base::Stack::IteratePointersUntilMarker(heap::base::StackVisitor*) const (in /mnt/c/Users/guido/ghq/projects/rustdom/.tools/node/bin/node)
==2398644==    by 0x1902FDC: cppgc::internal::MarkerBase::VisitLocalRoots(cppgc::EmbedderStackState) (in /mnt/c/Users/guido/ghq/projects/rustdom/.tools/node/bin/node)
==2398644==    by 0x1903D6C: cppgc::internal::MarkerBase::EnterAtomicPause(cppgc::EmbedderStackState) (in /mnt/c/Users/guido/ghq/projects/rustdom/.tools/node/bin/node)
==2398644==    by 0xDD7B37: v8::internal::CppHeap::EnterFinalPause(cppgc::EmbedderStackState) (in /mnt/c/Users/guido/ghq/projects/rustdom/.tools/node/bin/node)
==2398644==    by 0xEB5704: v8::internal::MarkCompactCollector::MarkLiveObjects() (in /mnt/c/Users/guido/ghq/projects/rustdom/.tools/node/bin/node)
==2398644==    by 0xEB9029: v8::internal::MarkCompactCollector::CollectGarbage() (in /mnt/c/Users/guido/ghq/projects/rustdom/.tools/node/bin/node)
==2398644==    by 0xE5923F: v8::internal::Heap::MarkCompact() (in /mnt/c/Users/guido/ghq/projects/rustdom/.tools/node/bin/node)
==2398644==    by 0xE59CEC: v8::internal::Heap::PerformGarbageCollection(v8::internal::GarbageCollector, v8::internal::GarbageCollectionReason, char const*) (in /mnt/c/Users/guido/ghq/projects/rustdom/.tools/node/bin/node)
==2398644==    by 0xE5A7C8: v8::internal::Heap::CollectGarbage(v8::internal::AllocationSpace, v8::internal::GarbageCollectionReason, v8::GCCallbackFlags)::{lambda()#2}::operator()() const (in /mnt/c/Users/guido/ghq/projects/rustdom/.tools/node/bin/node)
==2398644== 
==2398644== 
==2398644== HEAP SUMMARY:
==2398644==     in use at exit: 8,518 bytes in 22 blocks
==2398644==   total heap usage: 82,310 allocs, 82,288 frees, 39,361,597 bytes allocated
==2398644== 
==2398644== LEAK SUMMARY:
==2398644==    definitely lost: 0 bytes in 0 blocks
==2398644==    indirectly lost: 0 bytes in 0 blocks
==2398644==      possibly lost: 304 bytes in 1 blocks
==2398644==    still reachable: 8,214 bytes in 21 blocks
==2398644==         suppressed: 0 bytes in 0 blocks
==2398644== Reachable blocks (those to which a pointer was found) are not shown.
==2398644== To see them, rerun with: --leak-check=full --show-leak-kinds=all
==2398644== 
==2398644== Use --track-origins=yes to see where uninitialised values come from
==2398644== For lists of detected and suppressed errors, rerun with: -s
==2398644== ERROR SUMMARY: 27428 errors from 2 contexts (suppressed: 0 from 0)
