==703954== Memcheck, a memory error detector
==703954== Copyright (C) 2002-2017, and GNU GPL'd, by Julian Seward et al.
==703954== Using Valgrind-3.18.1 and LibVEX; rerun with -h for copyright info
==703954== Command: /mnt/c/Users/guido/ghq/projects/rustdom/target/debug/deps/rustdom-cb111b616a970d60 --test-threads=1
==703954== Parent PID: 703926
==703954== 
==703954== 
==703954== HEAP SUMMARY:
==703954==     in use at exit: 592 bytes in 2 blocks
==703954==   total heap usage: 81,377 allocs, 81,375 frees, 10,371,764 bytes allocated
==703954== 
==703954== 48 bytes in 1 blocks are possibly lost in loss record 1 of 2
==703954==    at 0x4848899: malloc (in /mnt/c/Users/guido/ghq/projects/rustdom/.tools/valgrind/usr/libexec/valgrind/vgpreload_memcheck-amd64-linux.so)
==703954==    by 0x3F72AE: _RNvMs_NtNtCs9k3SxhrAWiO_3std6thread6threadNtB4_6Thread3new (unix.rs:14)
==703954==    by 0x404E29: _RNvNtNtCs9k3SxhrAWiO_3std6thread7current12init_current (current.rs:294)
==703954==    by 0x3EBC4F: _RNvMNtNtNtCs9k3SxhrAWiO_3std4sync4mpmc7contextNtB2_7Context3new (current.rs:251)
==703954==    by 0x2F57EA: _RINvMs0_NtNtNtNtCs9k3SxhrAWiO_3std3sys12thread_local6native4lazyINtB6_7StorageINtNtCsgxBkk5gSRhY_4core4cell4CellINtNtB1j_6option6OptionNtNtNtNtBe_4sync4mpmc7context7ContextEEuE16get_or_init_slowNvNvNvMB2b_B29_4with7CONTEXT27___rust_std_internal_init_fnECs965H7XVcgUb_4test (context.rs:43)
==703954==    by 0x30E5C0: _RNvMs1_NtNtNtCs9k3SxhrAWiO_3std4sync4mpmc4listINtB5_7ChannelNtNtCs965H7XVcgUb_4test5event13CompletedTestE4recvB10_ (lazy.rs:62)
==703954==    by 0x31B055: _RNvNtCs965H7XVcgUb_4test7console17run_tests_console (mod.rs:1014)
==703954==    by 0x3070BA: _RNvCs965H7XVcgUb_4test16test_main_static (lib.rs:170)
==703954==    by 0x2F2A72: _RNvCsjHgp9XY2JOh_7rustdom4main (lib.rs:1)
==703954==    by 0x2D472A: _RNvYFEuINtNtNtCsgxBkk5gSRhY_4core3ops8function6FnOnceuE9call_onceCsjHgp9XY2JOh_7rustdom (library/core/src/ops/function.rs:250)
==703954==    by 0x25CC9D: _RINvNtNtCs9k3SxhrAWiO_3std3sys9backtrace28___rust_begin_short_backtraceFEuuECsjHgp9XY2JOh_7rustdom (library/std/src/sys/backtrace.rs:166)
==703954==    by 0x2E47E0: _RNCINvNtCs9k3SxhrAWiO_3std2rt10lang_startuE0CsjHgp9XY2JOh_7rustdom (library/std/src/rt.rs:206)
==703954== 
==703954== 544 bytes in 1 blocks are still reachable in loss record 2 of 2
==703954==    at 0x4848899: malloc (in /mnt/c/Users/guido/ghq/projects/rustdom/.tools/valgrind/usr/libexec/valgrind/vgpreload_memcheck-amd64-linux.so)
==703954==    by 0x409B39: _RNvNtNtNtNtNtCs9k3SxhrAWiO_3std3sys3pal4unix14stack_overflow11thread_info16set_current_info (alloc.rs:101)
==703954==    by 0x402CBF: _RNvNtCs9k3SxhrAWiO_3std2rt19lang_start_internal (stack_overflow.rs:179)
==703954==    by 0x2E47C6: _RINvNtCs9k3SxhrAWiO_3std2rt10lang_startuECsjHgp9XY2JOh_7rustdom (library/std/src/rt.rs:205)
==703954==    by 0x2F3FBD: main (in /mnt/c/Users/guido/ghq/projects/rustdom/target/debug/deps/rustdom-cb111b616a970d60)
==703954== 
==703954== LEAK SUMMARY:
==703954==    definitely lost: 0 bytes in 0 blocks
==703954==    indirectly lost: 0 bytes in 0 blocks
==703954==      possibly lost: 48 bytes in 1 blocks
==703954==    still reachable: 544 bytes in 1 blocks
==703954==         suppressed: 0 bytes in 0 blocks
==703954== 
==703954== For lists of detected and suppressed errors, rerun with: -s
==703954== ERROR SUMMARY: 0 errors from 0 contexts (suppressed: 0 from 0)
