==2503456== Memcheck, a memory error detector
==2503456== Copyright (C) 2002-2017, and GNU GPL'd, by Julian Seward et al.
==2503456== Using Valgrind-3.18.1 and LibVEX; rerun with -h for copyright info
==2503456== Command: /mnt/c/Users/guido/ghq/projects/rustdom/target/debug/deps/rustdom-3793092ae12c9a52 --test-threads=1 --exact --test dom::slot_signals::tests::should_deduplicate_in_first_signal_order_and_separate_reentrant_batches dom::slot_signals::tests::should_discard_finalized_slots_and_reclaim_burst_capacity_with_a_live_slot_remaining dom::slot_signals::tests::should_reject_invalid_roles_and_handles_without_accepting_partial_state dom::slot_signals::tests::should_reuse_live_slots_across_many_independent_drains_without_retaining_buffers dom::slotable_names::tests::should_preserve_state_and_reservations_when_inputs_or_metadata_are_rejected dom::slotable_names::tests::should_reclaim_name_capacity_while_an_unrelated_node_remains_alive dom::slotable_names::tests::should_store_only_nonempty_lossless_names_and_clear_them_on_reset dom::slots::tests::should_find_the_first_slot_in_current_ordinary_tree_order dom::slots::tests::should_keep_template_contents_and_nodes_outside_the_root_out_of_the_search dom::slots::tests::should_preserve_cdata_name_inheritance_and_ignore_comments_in_default_assignment dom::slots::tests::should_preserve_query_resources_and_release_nodes_while_result_ids_remain_alive dom::slots::tests::should_preserve_utf16_names_namespaces_and_canonical_attribute_updates dom::slots::tests::should_reject_invalid_roots_without_mutating_or_retaining_resources dom::slots::tests::should_select_immediate_host_children_for_only_the_first_named_slot dom::store::tests::should_follow_metadata_retyping_in_constraints_without_changing_failed_writes dom::store::tests::should_invalidate_sibling_indices_after_mutations_and_version_wrap dom::store::tests::should_materialize_reserved_handles_without_reusing_released_ones dom::store::tests::should_preserve_order_when_inserting_and_removing_siblings dom::store::tests::should_preserve_shared_self_and_active_template_handle_allocation dom::store::tests::should_reject_cycles_and_attached_insertions_without_partial_writes dom::store::tests::should_reject_insertion_errors_before_materializing_reserved_handles dom::store::tests::should_reject_stale_and_non_integer_handles_after_collection dom::store::tests::should_release_high_water_storage_and_detach_surviving_children dom::store::tests::should_release_nameless_attribute_snapshots_without_retaining_data_or_links dom::store::tests::should_validate_all_metadata_handles_before_activating_either_record dom::string_map::tests::should_convert_ascii_case_and_preserve_other_utf16_units dom::string_map::tests::should_prioritize_invalid_property_and_skip_validation_for_deletion dom::string_map::tests::should_read_first_local_name_across_namespaces_and_deduplicate_enumeration dom::token_list::tests::should_parse_exact_html_space_and_keep_utf16_and_order dom::token_list::tests::should_preserve_validation_precedence_for_pairs_and_variadic_calls dom::token_list::tests::should_reclaim_large_storage_after_bulk_removal dom::token_list::tests::should_replace_at_the_first_position_and_deduplicate
==2503456== Parent PID: 2502737
==2503456== 
==2503456== 
==2503456== HEAP SUMMARY:
==2503456==     in use at exit: 592 bytes in 2 blocks
==2503456==   total heap usage: 34,631 allocs, 34,629 frees, 7,124,996 bytes allocated
==2503456== 
==2503456== 48 bytes in 1 blocks are possibly lost in loss record 1 of 2
==2503456==    at 0x4848899: malloc (in /mnt/c/Users/guido/ghq/projects/rustdom/.tools/valgrind/usr/libexec/valgrind/vgpreload_memcheck-amd64-linux.so)
==2503456==    by 0x737AEE: _RNvMs_NtNtCs9k3SxhrAWiO_3std6thread6threadNtB4_6Thread3new (unix.rs:14)
==2503456==    by 0x745669: _RNvNtNtCs9k3SxhrAWiO_3std6thread7current12init_current (current.rs:294)
==2503456==    by 0x72C48F: _RNvMNtNtNtCs9k3SxhrAWiO_3std4sync4mpmc7contextNtB2_7Context3new (current.rs:251)
==2503456==    by 0x5E7CFA: _RINvMs0_NtNtNtNtCs9k3SxhrAWiO_3std3sys12thread_local6native4lazyINtB6_7StorageINtNtCsgxBkk5gSRhY_4core4cell4CellINtNtB1j_6option6OptionNtNtNtNtBe_4sync4mpmc7context7ContextEEuE16get_or_init_slowNvNvNvMB2b_B29_4with7CONTEXT27___rust_std_internal_init_fnECs965H7XVcgUb_4test (context.rs:43)
==2503456==    by 0x600AD0: _RNvMs1_NtNtNtCs9k3SxhrAWiO_3std4sync4mpmc4listINtB5_7ChannelNtNtCs965H7XVcgUb_4test5event13CompletedTestE4recvB10_ (lazy.rs:62)
==2503456==    by 0x60D565: _RNvNtCs965H7XVcgUb_4test7console17run_tests_console (mod.rs:1014)
==2503456==    by 0x5F95CA: _RNvCs965H7XVcgUb_4test16test_main_static (lib.rs:170)
==2503456==    by 0x312112: _RNvCsOWpcMbnSNv_7rustdom4main (lib.rs:1)
==2503456==    by 0x3DC80A: _RNvYFEuINtNtNtCsgxBkk5gSRhY_4core3ops8function6FnOnceuE9call_onceCsOWpcMbnSNv_7rustdom (library/core/src/ops/function.rs:250)
==2503456==    by 0x3AC35D: _RINvNtNtCs9k3SxhrAWiO_3std3sys9backtrace28___rust_begin_short_backtraceFEuuECsOWpcMbnSNv_7rustdom (library/std/src/sys/backtrace.rs:166)
==2503456==    by 0x3B7730: _RNCINvNtCs9k3SxhrAWiO_3std2rt10lang_startuE0CsOWpcMbnSNv_7rustdom (library/std/src/rt.rs:206)
==2503456== 
==2503456== 544 bytes in 1 blocks are still reachable in loss record 2 of 2
==2503456==    at 0x4848899: malloc (in /mnt/c/Users/guido/ghq/projects/rustdom/.tools/valgrind/usr/libexec/valgrind/vgpreload_memcheck-amd64-linux.so)
==2503456==    by 0x74A379: _RNvNtNtNtNtNtCs9k3SxhrAWiO_3std3sys3pal4unix14stack_overflow11thread_info16set_current_info (alloc.rs:101)
==2503456==    by 0x7434FF: _RNvNtCs9k3SxhrAWiO_3std2rt19lang_start_internal (stack_overflow.rs:179)
==2503456==    by 0x3B7716: _RINvNtCs9k3SxhrAWiO_3std2rt10lang_startuECsOWpcMbnSNv_7rustdom (library/std/src/rt.rs:205)
==2503456==    by 0x31365D: main (in /mnt/c/Users/guido/ghq/projects/rustdom/target/debug/deps/rustdom-3793092ae12c9a52)
==2503456== 
==2503456== LEAK SUMMARY:
==2503456==    definitely lost: 0 bytes in 0 blocks
==2503456==    indirectly lost: 0 bytes in 0 blocks
==2503456==      possibly lost: 48 bytes in 1 blocks
==2503456==    still reachable: 544 bytes in 1 blocks
==2503456==         suppressed: 0 bytes in 0 blocks
==2503456== 
==2503456== For lists of detected and suppressed errors, rerun with: -s
==2503456== ERROR SUMMARY: 0 errors from 0 contexts (suppressed: 0 from 0)
