==2452494== Memcheck, a memory error detector
==2452494== Copyright (C) 2002-2017, and GNU GPL'd, by Julian Seward et al.
==2452494== Using Valgrind-3.18.1 and LibVEX; rerun with -h for copyright info
==2452494== Command: /mnt/c/Users/guido/ghq/projects/rustdom/target/debug/deps/rustdom-afa52160b18d3955 --test-threads=1 --exact --test dom::range_contents::tests::should_reject_invalid_results_and_endpoints_without_consuming_reserved_handles dom::range_context::tests::should_preserve_html_mode_namespace_case_and_utf16_metadata_in_default_body_selection dom::range_context::tests::should_select_element_or_parent_element_without_crossing_fragment_roots dom::range_context::tests::should_validate_both_endpoints_before_type_decisions_without_consuming_reservations dom::range_control::tests::should_reject_each_unallocated_boundary_before_returning_a_comparison dom::range_control::tests::should_select_the_pinned_pair_for_each_comparison_method dom::range_control::tests::should_validate_method_before_roots_and_preserve_selected_inconsistent_root_errors dom::range_deletion::tests::should_capture_only_outermost_removals_and_the_original_collapse_position dom::range_deletion::tests::should_plan_same_character_data_slices_without_mutating_the_data dom::range_deletion::tests::should_preserve_cdata_exclusion_and_reject_unallocated_endpoints_without_activation dom::range_insertion::tests::should_calculate_offset_from_current_reference_and_fragment_after_mutation dom::range_insertion::tests::should_reject_invalid_starts_but_defer_hierarchy_rules_to_the_existing_driver dom::range_insertion::tests::should_reject_reserved_handles_before_decisions_without_allocating_or_mutating dom::range_insertion::tests::should_select_text_parent_or_indexed_child_and_preserve_non_index_offsets dom::range_mutations::tests::should_apply_numeric_updates_and_report_only_changed_owner_identities dom::range_mutations::tests::should_keep_javascript_number_comparisons_and_reject_uninitialized_endpoints dom::range_mutations::tests::should_plan_split_and_normalization_moves_without_changing_native_state dom::range_mutations::tests::should_preserve_character_data_snapshot_update_order_and_leave_other_nodes_unchanged dom::range_mutations::tests::should_preserve_insert_cross_node_offset_behavior_and_remove_in_separate_stages dom::range_queries::tests::should_reject_unallocated_query_nodes_without_activating_reservations dom::range_queries::tests::should_report_point_order_and_intersection_in_current_tree_order dom::range_queries::tests::should_validate_roots_before_node_type_and_offsets_and_preserve_cdata_limits dom::range_state::tests::should_clone_independently_and_plan_collapse_without_changing_either_state dom::range_state::tests::should_preserve_independent_endpoint_snapshots_and_collapsed_state dom::range_state::tests::should_preserve_internal_number_values_and_the_existing_query_conversion dom::range_state::tests::should_reject_invalid_handles_without_replacing_either_boundary dom::range_surround::tests::should_preserve_exclusive_text_rules_and_defer_later_parent_hierarchy_errors dom::range_surround::tests::should_reject_partial_non_text_before_invalid_parent_type_and_allow_whole_elements dom::range_surround::tests::should_reject_unallocated_handles_without_consuming_reservations_and_report_distinct_roots dom::range_text::tests::should_clip_same_text_slices_without_losing_surrogates dom::range_text::tests::should_collect_partial_boundaries_and_contained_text_while_excluding_cdata dom::range_text::tests::should_reject_missing_metadata_without_activating_reserved_nodes
==2452494== Parent PID: 2451971
==2452494== 
==2452494== 
==2452494== HEAP SUMMARY:
==2452494==     in use at exit: 592 bytes in 2 blocks
==2452494==   total heap usage: 1,767 allocs, 1,765 frees, 305,951 bytes allocated
==2452494== 
==2452494== 48 bytes in 1 blocks are possibly lost in loss record 1 of 2
==2452494==    at 0x4848899: malloc (in /mnt/c/Users/guido/ghq/projects/rustdom/.tools/valgrind/usr/libexec/valgrind/vgpreload_memcheck-amd64-linux.so)
==2452494==    by 0x725E0E: _RNvMs_NtNtCs9k3SxhrAWiO_3std6thread6threadNtB4_6Thread3new (unix.rs:14)
==2452494==    by 0x733989: _RNvNtNtCs9k3SxhrAWiO_3std6thread7current12init_current (current.rs:294)
==2452494==    by 0x71A7AF: _RNvMNtNtNtCs9k3SxhrAWiO_3std4sync4mpmc7contextNtB2_7Context3new (current.rs:251)
==2452494==    by 0x5D5FDA: _RINvMs0_NtNtNtNtCs9k3SxhrAWiO_3std3sys12thread_local6native4lazyINtB6_7StorageINtNtCsgxBkk5gSRhY_4core4cell4CellINtNtB1j_6option6OptionNtNtNtNtBe_4sync4mpmc7context7ContextEEuE16get_or_init_slowNvNvNvMB2b_B29_4with7CONTEXT27___rust_std_internal_init_fnECs965H7XVcgUb_4test (context.rs:43)
==2452494==    by 0x5EEDB0: _RNvMs1_NtNtNtCs9k3SxhrAWiO_3std4sync4mpmc4listINtB5_7ChannelNtNtCs965H7XVcgUb_4test5event13CompletedTestE4recvB10_ (lazy.rs:62)
==2452494==    by 0x5FB845: _RNvNtCs965H7XVcgUb_4test7console17run_tests_console (mod.rs:1014)
==2452494==    by 0x5E78AA: _RNvCs965H7XVcgUb_4test16test_main_static (lib.rs:170)
==2452494==    by 0x3DFC42: _RNvCs6HtsUHDtlUx_7rustdom4main (lib.rs:1)
==2452494==    by 0x59BCFA: _RNvYFEuINtNtNtCsgxBkk5gSRhY_4core3ops8function6FnOnceuE9call_onceCs6HtsUHDtlUx_7rustdom (library/core/src/ops/function.rs:250)
==2452494==    by 0x55D0CD: _RINvNtNtCs9k3SxhrAWiO_3std3sys9backtrace28___rust_begin_short_backtraceFEuuECs6HtsUHDtlUx_7rustdom (library/std/src/sys/backtrace.rs:166)
==2452494==    by 0x330A00: _RNCINvNtCs9k3SxhrAWiO_3std2rt10lang_startuE0Cs6HtsUHDtlUx_7rustdom (library/std/src/rt.rs:206)
==2452494== 
==2452494== 544 bytes in 1 blocks are still reachable in loss record 2 of 2
==2452494==    at 0x4848899: malloc (in /mnt/c/Users/guido/ghq/projects/rustdom/.tools/valgrind/usr/libexec/valgrind/vgpreload_memcheck-amd64-linux.so)
==2452494==    by 0x738699: _RNvNtNtNtNtNtCs9k3SxhrAWiO_3std3sys3pal4unix14stack_overflow11thread_info16set_current_info (alloc.rs:101)
==2452494==    by 0x73181F: _RNvNtCs9k3SxhrAWiO_3std2rt19lang_start_internal (stack_overflow.rs:179)
==2452494==    by 0x330556: _RINvNtCs9k3SxhrAWiO_3std2rt10lang_startuECs6HtsUHDtlUx_7rustdom (library/std/src/rt.rs:205)
==2452494==    by 0x3E118D: main (in /mnt/c/Users/guido/ghq/projects/rustdom/target/debug/deps/rustdom-afa52160b18d3955)
==2452494== 
==2452494== LEAK SUMMARY:
==2452494==    definitely lost: 0 bytes in 0 blocks
==2452494==    indirectly lost: 0 bytes in 0 blocks
==2452494==      possibly lost: 48 bytes in 1 blocks
==2452494==    still reachable: 544 bytes in 1 blocks
==2452494==         suppressed: 0 bytes in 0 blocks
==2452494== 
==2452494== For lists of detected and suppressed errors, rerun with: -s
==2452494== ERROR SUMMARY: 0 errors from 0 contexts (suppressed: 0 from 0)
