==951559== Memcheck, a memory error detector
==951559== Copyright (C) 2002-2017, and GNU GPL'd, by Julian Seward et al.
==951559== Using Valgrind-3.18.1 and LibVEX; rerun with -h for copyright info
==951559== Command: target/debug/deps/rustdom-6e1afdc33e065ec6 --test-threads=1 dom::node_text::tests
==951559== Parent PID: 951556
==951559== 
==951559== 
==951559== HEAP SUMMARY:
==951559==     in use at exit: 592 bytes in 2 blocks
==951559==   total heap usage: 830 allocs, 828 frees, 104,401 bytes allocated
==951559== 
==951559== 48 bytes in 1 blocks are possibly lost in loss record 1 of 2
==951559==    at 0x4848899: malloc (in /mnt/c/Users/guido/ghq/projects/rustdom/.tools/valgrind/usr/libexec/valgrind/vgpreload_memcheck-amd64-linux.so)
==951559==    by 0x4D702E: _RNvMs_NtNtCs9k3SxhrAWiO_3std6thread6threadNtB4_6Thread3new (unix.rs:14)
==951559==    by 0x4E4BA9: _RNvNtNtCs9k3SxhrAWiO_3std6thread7current12init_current (current.rs:294)
==951559==    by 0x4CB9CF: _RNvMNtNtNtCs9k3SxhrAWiO_3std4sync4mpmc7contextNtB2_7Context3new (current.rs:251)
==951559==    by 0x3CE68A: _RINvMs0_NtNtNtNtCs9k3SxhrAWiO_3std3sys12thread_local6native4lazyINtB6_7StorageINtNtCsgxBkk5gSRhY_4core4cell4CellINtNtB1j_6option6OptionNtNtNtNtBe_4sync4mpmc7context7ContextEEuE16get_or_init_slowNvNvNvMB2b_B29_4with7CONTEXT27___rust_std_internal_init_fnECs965H7XVcgUb_4test (context.rs:43)
==951559==    by 0x3E7460: _RNvMs1_NtNtNtCs9k3SxhrAWiO_3std4sync4mpmc4listINtB5_7ChannelNtNtCs965H7XVcgUb_4test5event13CompletedTestE4recvB10_ (lazy.rs:62)
==951559==    by 0x3F3EF5: _RNvNtCs965H7XVcgUb_4test7console17run_tests_console (mod.rs:1014)
==951559==    by 0x3DFF5A: _RNvCs965H7XVcgUb_4test16test_main_static (lib.rs:170)
==951559==    by 0x3143B2: _RNvCs3X6VoE9bK28_7rustdom4main (lib.rs:1)
==951559==    by 0x27A00A: _RNvYFEuINtNtNtCsgxBkk5gSRhY_4core3ops8function6FnOnceuE9call_onceCs3X6VoE9bK28_7rustdom (library/core/src/ops/function.rs:250)
==951559==    by 0x3CBC1D: _RINvNtNtCs9k3SxhrAWiO_3std3sys9backtrace28___rust_begin_short_backtraceFEuuECs3X6VoE9bK28_7rustdom (library/std/src/sys/backtrace.rs:166)
==951559==    by 0x2E8170: _RNCINvNtCs9k3SxhrAWiO_3std2rt10lang_startuE0Cs3X6VoE9bK28_7rustdom (library/std/src/rt.rs:206)
==951559== 
==951559== 544 bytes in 1 blocks are still reachable in loss record 2 of 2
==951559==    at 0x4848899: malloc (in /mnt/c/Users/guido/ghq/projects/rustdom/.tools/valgrind/usr/libexec/valgrind/vgpreload_memcheck-amd64-linux.so)
==951559==    by 0x4E98B9: _RNvNtNtNtNtNtCs9k3SxhrAWiO_3std3sys3pal4unix14stack_overflow11thread_info16set_current_info (alloc.rs:101)
==951559==    by 0x4E2A3F: _RNvNtCs9k3SxhrAWiO_3std2rt19lang_start_internal (stack_overflow.rs:179)
==951559==    by 0x2E8156: _RINvNtCs9k3SxhrAWiO_3std2rt10lang_startuECs3X6VoE9bK28_7rustdom (library/std/src/rt.rs:205)
==951559==    by 0x3158FD: main (in /mnt/c/Users/guido/ghq/projects/rustdom/target/debug/deps/rustdom-6e1afdc33e065ec6)
==951559== 
==951559== LEAK SUMMARY:
==951559==    definitely lost: 0 bytes in 0 blocks
==951559==    indirectly lost: 0 bytes in 0 blocks
==951559==      possibly lost: 48 bytes in 1 blocks
==951559==    still reachable: 544 bytes in 1 blocks
==951559==         suppressed: 0 bytes in 0 blocks
==951559== 
==951559== For lists of detected and suppressed errors, rerun with: -s
==951559== ERROR SUMMARY: 0 errors from 0 contexts (suppressed: 0 from 0)
