==2503526== Memcheck, a memory error detector
==2503526== Copyright (C) 2002-2017, and GNU GPL'd, by Julian Seward et al.
==2503526== Using Valgrind-3.18.1 and LibVEX; rerun with -h for copyright info
==2503526== Command: /mnt/c/Users/guido/ghq/projects/rustdom/target/debug/deps/rustdom-3793092ae12c9a52 --test-threads=1 --exact --test dom::tree_cursor::tests::should_distinguish_iterator_rejection_from_walker_pruning dom::tree_cursor::tests::should_repair_positions_before_removing_subtrees dom::tree_cursor::tests::should_resume_against_live_links_and_preserve_failed_position dom::tree_cursor::tests::should_walk_reverse_siblings_children_and_parents dom::web_storage::tests::should_keep_live_cursor_order_through_delete_reinsert_and_clear dom::web_storage::tests::should_preserve_empty_old_values_and_numeric_quota_edges dom::web_storage::tests::should_release_capacity_without_discarding_a_surviving_entry dom::web_storage::tests::should_track_utf16_quota_and_preserve_overwrite_order tests::should_decode_entities_and_repair_tables_when_parsing_html tests::should_handle_deep_trees_without_recursive_encoding tests::should_preserve_template_contents_when_encoding_a_fragment xml::doctype::tests::should_extract_only_exact_nonempty_entity_patterns_in_order xml::doctype::tests::should_preserve_priority_quotes_whitespace_and_embedded_matches xml::input::tests::should_normalize_newlines_and_count_scalar_columns_over_utf16_offsets xml::input::tests::should_preserve_saxes_surrogate_behavior_and_reject_disallowed_units xml::serialize_text::tests::should_distinguish_xml_character_name_and_public_identifier_rules xml::serialize_text::tests::should_escape_xml_without_replacing_isolated_utf16_units xml::tests::should_emit_comment_and_close_before_the_corresponding_fatal_error xml::tests::should_preserve_entity_values_without_recursive_expansion xml::tests::should_preserve_namespace_resolution_and_attribute_order
==2503526== Parent PID: 2502737
==2503526== 
==2503526== 
==2503526== HEAP SUMMARY:
==2503526==     in use at exit: 592 bytes in 2 blocks
==2503526==   total heap usage: 110,528 allocs, 110,526 frees, 11,519,915 bytes allocated
==2503526== 
==2503526== 48 bytes in 1 blocks are possibly lost in loss record 1 of 2
==2503526==    at 0x4848899: malloc (in /mnt/c/Users/guido/ghq/projects/rustdom/.tools/valgrind/usr/libexec/valgrind/vgpreload_memcheck-amd64-linux.so)
==2503526==    by 0x737AEE: _RNvMs_NtNtCs9k3SxhrAWiO_3std6thread6threadNtB4_6Thread3new (unix.rs:14)
==2503526==    by 0x745669: _RNvNtNtCs9k3SxhrAWiO_3std6thread7current12init_current (current.rs:294)
==2503526==    by 0x72C48F: _RNvMNtNtNtCs9k3SxhrAWiO_3std4sync4mpmc7contextNtB2_7Context3new (current.rs:251)
==2503526==    by 0x5E7CFA: _RINvMs0_NtNtNtNtCs9k3SxhrAWiO_3std3sys12thread_local6native4lazyINtB6_7StorageINtNtCsgxBkk5gSRhY_4core4cell4CellINtNtB1j_6option6OptionNtNtNtNtBe_4sync4mpmc7context7ContextEEuE16get_or_init_slowNvNvNvMB2b_B29_4with7CONTEXT27___rust_std_internal_init_fnECs965H7XVcgUb_4test (context.rs:43)
==2503526==    by 0x600AD0: _RNvMs1_NtNtNtCs9k3SxhrAWiO_3std4sync4mpmc4listINtB5_7ChannelNtNtCs965H7XVcgUb_4test5event13CompletedTestE4recvB10_ (lazy.rs:62)
==2503526==    by 0x60D565: _RNvNtCs965H7XVcgUb_4test7console17run_tests_console (mod.rs:1014)
==2503526==    by 0x5F95CA: _RNvCs965H7XVcgUb_4test16test_main_static (lib.rs:170)
==2503526==    by 0x312112: _RNvCsOWpcMbnSNv_7rustdom4main (lib.rs:1)
==2503526==    by 0x3DC80A: _RNvYFEuINtNtNtCsgxBkk5gSRhY_4core3ops8function6FnOnceuE9call_onceCsOWpcMbnSNv_7rustdom (library/core/src/ops/function.rs:250)
==2503526==    by 0x3AC35D: _RINvNtNtCs9k3SxhrAWiO_3std3sys9backtrace28___rust_begin_short_backtraceFEuuECsOWpcMbnSNv_7rustdom (library/std/src/sys/backtrace.rs:166)
==2503526==    by 0x3B7730: _RNCINvNtCs9k3SxhrAWiO_3std2rt10lang_startuE0CsOWpcMbnSNv_7rustdom (library/std/src/rt.rs:206)
==2503526== 
==2503526== 544 bytes in 1 blocks are still reachable in loss record 2 of 2
==2503526==    at 0x4848899: malloc (in /mnt/c/Users/guido/ghq/projects/rustdom/.tools/valgrind/usr/libexec/valgrind/vgpreload_memcheck-amd64-linux.so)
==2503526==    by 0x74A379: _RNvNtNtNtNtNtCs9k3SxhrAWiO_3std3sys3pal4unix14stack_overflow11thread_info16set_current_info (alloc.rs:101)
==2503526==    by 0x7434FF: _RNvNtCs9k3SxhrAWiO_3std2rt19lang_start_internal (stack_overflow.rs:179)
==2503526==    by 0x3B7716: _RINvNtCs9k3SxhrAWiO_3std2rt10lang_startuECsOWpcMbnSNv_7rustdom (library/std/src/rt.rs:205)
==2503526==    by 0x31365D: main (in /mnt/c/Users/guido/ghq/projects/rustdom/target/debug/deps/rustdom-3793092ae12c9a52)
==2503526== 
==2503526== LEAK SUMMARY:
==2503526==    definitely lost: 0 bytes in 0 blocks
==2503526==    indirectly lost: 0 bytes in 0 blocks
==2503526==      possibly lost: 48 bytes in 1 blocks
==2503526==    still reachable: 544 bytes in 1 blocks
==2503526==         suppressed: 0 bytes in 0 blocks
==2503526== 
==2503526== For lists of detected and suppressed errors, rerun with: -s
==2503526== ERROR SUMMARY: 0 errors from 0 contexts (suppressed: 0 from 0)
