TAP version 13
# Subtest: should preserve native collections through seeded replacements, removals and value changes
ok 1 - should preserve native collections through seeded replacements, removals and value changes
  ---
  duration_ms: 330.524401
  ...
# Subtest: should preserve legacy aliases independently of current order and namespace lookups
ok 2 - should preserve legacy aliases independently of current order and namespace lookups
  ---
  duration_ms: 26.011696
  ...
# Subtest: should preserve Unicode supported-property names and template metadata
ok 3 - should preserve Unicode supported-property names and template metadata
  ---
  duration_ms: 32.791486
  ...
# Subtest: should reject invalid native operations atomically and clean every collection reference
ok 4 - should reject invalid native operations atomically and clean every collection reference
  ---
  duration_ms: 1.139443
  ...
# Subtest: should clear constructor-only owners when an element is released
ok 5 - should clear constructor-only owners when an element is released
  ---
  duration_ms: 0.296062
  ...
# Subtest: should load and preserve real host Unicode behavior when the version is unknown
ok 6 - should load and preserve real host Unicode behavior when the version is unknown
  ---
  duration_ms: 106605.477059
  ...
# {"actualUnicodeVersion":"16.0","selectedVersion":"rustdom-unbundled-test-profile","windowsAndDocumentsObserved":48,"survivors":0,"liveNodes":0,"dataNodes":0}
# Subtest: should load and preserve real host Unicode behavior when the version is missing
not ok 7 - should load and preserve real host Unicode behavior when the version is missing
  ---
  duration_ms: 120116.829155
  location: '/mnt/c/Users/guido/AppData/Local/Temp/rustdom-unicode-host-826446029f3b423db29ce7bc1e318d4b/tests/unicode-host.spec.cjs:12:3'
  failureType: 'testCodeFailure'
  error: 'ifError got unwanted exception: spawnSync /mnt/c/Users/guido/ghq/projects/rustdom/.tools/node-22/bin/node ETIMEDOUT'
  code: 'ERR_ASSERTION'
  name: 'AssertionError'
  expected: ~
  actual:
  error: 'spawnSync /mnt/c/Users/guido/ghq/projects/rustdom/.tools/node-22/bin/node ETIMEDOUT'
  stack: |-
    Object.spawnSync (node:internal/child_process:1120:20)
    spawnSync (node:child_process:868:24)
    TestContext.<anonymous> (/mnt/c/Users/guido/AppData/Local/Temp/rustdom-unicode-host-826446029f3b423db29ce7bc1e318d4b/tests/unicode-host.spec.cjs:13:19)
    Test.runInAsyncScope (node:async_hooks:211:14)
    Test.run (node:internal/test_runner/test:934:25)
    Test.processPendingSubtests (node:internal/test_runner/test:633:18)
    Test.postRun (node:internal/test_runner/test:1045:19)
    Test.run (node:internal/test_runner/test:973:12)
    async startSubtestAfterBootstrap (node:internal/test_runner/harness:296:3)
  operator: 'ifError'
  stack: |-
    TestContext.<anonymous> (/mnt/c/Users/guido/AppData/Local/Temp/rustdom-unicode-host-826446029f3b423db29ce7bc1e318d4b/tests/unicode-host.spec.cjs:16:12)
    Object.spawnSync (node:internal/child_process:1120:20)
    spawnSync (node:child_process:868:24)
    TestContext.<anonymous> (/mnt/c/Users/guido/AppData/Local/Temp/rustdom-unicode-host-826446029f3b423db29ce7bc1e318d4b/tests/unicode-host.spec.cjs:13:19)
    Test.runInAsyncScope (node:async_hooks:211:14)
    Test.run (node:internal/test_runner/test:934:25)
    Test.processPendingSubtests (node:internal/test_runner/test:633:18)
    Test.postRun (node:internal/test_runner/test:1045:19)
    Test.run (node:internal/test_runner/test:973:12)
    async startSubtestAfterBootstrap (node:internal/test_runner/harness:296:3)
  ...
# Subtest: should copy host scalar payloads and preserve the active profile after invalid transfers
ok 8 - should copy host scalar payloads and preserve the active profile after invalid transfers
  ---
  duration_ms: 3.683581
  ...
1..8
# tests 8
# suites 0
# pass 7
# fail 1
# cancelled 0
# skipped 0
# todo 0
# duration_ms 226857.798604
