TAP version 13
# Subtest: should preserve native collections through seeded replacements, removals and value changes
ok 1 - should preserve native collections through seeded replacements, removals and value changes
  ---
  duration_ms: 262.304898
  ...
# Subtest: should preserve legacy aliases independently of current order and namespace lookups
ok 2 - should preserve legacy aliases independently of current order and namespace lookups
  ---
  duration_ms: 26.732897
  ...
# Subtest: should preserve Unicode supported-property names and template metadata
ok 3 - should preserve Unicode supported-property names and template metadata
  ---
  duration_ms: 30.080585
  ...
# Subtest: should reject invalid native operations atomically and clean every collection reference
ok 4 - should reject invalid native operations atomically and clean every collection reference
  ---
  duration_ms: 0.651965
  ...
# Subtest: should clear constructor-only owners when an element is released
ok 5 - should clear constructor-only owners when an element is released
  ---
  duration_ms: 0.136631
  ...
# Subtest: should load and preserve real host Unicode behavior when the version is unknown
ok 6 - should load and preserve real host Unicode behavior when the version is unknown
  ---
  duration_ms: 132144.99773
  ...
# {"actualUnicodeVersion":"16.0","selectedVersion":"rustdom-unbundled-test-profile","windowsAndDocumentsObserved":48,"survivors":0,"liveNodes":0,"dataNodes":0}
# Subtest: should load and preserve real host Unicode behavior when the version is missing
ok 7 - should load and preserve real host Unicode behavior when the version is missing
  ---
  duration_ms: 109610.177667
  ...
# {"actualUnicodeVersion":"16.0","selectedVersion":null,"windowsAndDocumentsObserved":48,"survivors":0,"liveNodes":0,"dataNodes":0}
# Subtest: should copy host scalar payloads and preserve the active profile after invalid transfers
ok 8 - should copy host scalar payloads and preserve the active profile after invalid transfers
  ---
  duration_ms: 2.646596
  ...
1..8
# tests 8
# suites 0
# pass 8
# fail 0
# cancelled 0
# skipped 0
# todo 0
# duration_ms 241929.758118
